// Validating benchmarks:
// ***** BenchmarkRunner: Start   *****
// ***** Found 4 benchmark(s) in total *****
// ***** Building 1 exe(s) in Parallel: Start   *****
// start dotnet  restore -r linux-x64 --nodeReuse:false /p:UseSharedCompilation=false /p:Deterministic=true /p:Optimize=true /p:ArtifactsPath="/home/master/coding/my.gitlab/csharp/Microservices.Showcase/bench/Microservices.Showcase.Benchs/bin/Release/net10.0/Microservices.Showcase.Benchs-DefaultJob-1/" /p:OutDir="/home/master/coding/my.gitlab/csharp/Microservices.Showcase/bench/Microservices.Showcase.Benchs/bin/Release/net10.0/Microservices.Showcase.Benchs-DefaultJob-1/bin/Release/net10.0/linux-x64/publish/" /p:OutputPath="/home/master/coding/my.gitlab/csharp/Microservices.Showcase/bench/Microservices.Showcase.Benchs/bin/Release/net10.0/Microservices.Showcase.Benchs-DefaultJob-1/bin/Release/net10.0/linux-x64/publish/" /p:PublishDir="/home/master/coding/my.gitlab/csharp/Microservices.Showcase/bench/Microservices.Showcase.Benchs/bin/Release/net10.0/Microservices.Showcase.Benchs-DefaultJob-1/publish/" in /home/master/coding/my.gitlab/csharp/Microservices.Showcase/bench/Microservices.Showcase.Benchs/bin/Release/net10.0/Microservices.Showcase.Benchs-DefaultJob-1
// command took 1.09 sec and exited with 0
// start dotnet  publish -c Release -r linux-x64 --no-restore --nodeReuse:false /p:UseSharedCompilation=false /p:Deterministic=true /p:Optimize=true /p:ArtifactsPath="/home/master/coding/my.gitlab/csharp/Microservices.Showcase/bench/Microservices.Showcase.Benchs/bin/Release/net10.0/Microservices.Showcase.Benchs-DefaultJob-1/" /p:OutDir="/home/master/coding/my.gitlab/csharp/Microservices.Showcase/bench/Microservices.Showcase.Benchs/bin/Release/net10.0/Microservices.Showcase.Benchs-DefaultJob-1/bin/Release/net10.0/linux-x64/publish/" /p:OutputPath="/home/master/coding/my.gitlab/csharp/Microservices.Showcase/bench/Microservices.Showcase.Benchs/bin/Release/net10.0/Microservices.Showcase.Benchs-DefaultJob-1/bin/Release/net10.0/linux-x64/publish/" /p:PublishDir="/home/master/coding/my.gitlab/csharp/Microservices.Showcase/bench/Microservices.Showcase.Benchs/bin/Release/net10.0/Microservices.Showcase.Benchs-DefaultJob-1/publish/" --output "/home/master/coding/my.gitlab/csharp/Microservices.Showcase/bench/Microservices.Showcase.Benchs/bin/Release/net10.0/Microservices.Showcase.Benchs-DefaultJob-1/bin/Release/net10.0/linux-x64/publish/" in /home/master/coding/my.gitlab/csharp/Microservices.Showcase/bench/Microservices.Showcase.Benchs/bin/Release/net10.0/Microservices.Showcase.Benchs-DefaultJob-1
// command took 67.58 sec and exited with 0
// ***** Done, took 00:01:08 (68.75 sec)   *****
// Found 4 benchmarks:
//   Str15Bench.ReadUnsafe: DefaultJob
//   Str15Bench.ReadSafe: DefaultJob
//   Str15Bench.ToLower: DefaultJob
//   Str15Bench.ManualToUpper: DefaultJob

// **************************
// Benchmark: Str15Bench.ReadUnsafe: DefaultJob
// *** Execute ***
// Launch: 1 / 1
// Execute: /home/master/coding/my.gitlab/csharp/Microservices.Showcase/bench/Microservices.Showcase.Benchs/bin/Release/net10.0/Microservices.Showcase.Benchs-DefaultJob-1/bin/Release/net10.0/linux-x64/publish/Microservices.Showcase.Benchs-DefaultJob-1 --anonymousPipes 108 109 --benchmarkName Microservices.Showcase.Benchmarks.Str15Bench.ReadUnsafe --job Default --benchmarkId 0 in 
// Failed to set up high priority (Permission denied). In order to run benchmarks with high priority, make sure you have the right permissions.
// BeforeAnythingElse

// Benchmark Process Environment Information:
// BenchmarkDotNet v0.15.8
// Runtime=.NET 10.0.4, X64 NativeAOT x86-64-v3
// GC=Concurrent Workstation
// HardwareIntrinsics=AVX2+BMI1+BMI2+F16C+FMA+LZCNT+MOVBE,AVX,SSE3+SSSE3+SSE4.1+SSE4.2+POPCNT,X86Base+SSE+SSE2,AES+PCLMUL VectorSize=256
// Job: DefaultJob

OverheadJitting  1: 1 op, 151.00 ns, 151.0000 ns/op
WorkloadJitting  1: 1 op, 8216.00 ns, 8.2160 us/op

OverheadJitting  2: 16 op, 200.00 ns, 12.5000 ns/op
WorkloadJitting  2: 16 op, 351.00 ns, 21.9375 ns/op

WorkloadPilot    1: 16 op, 320.00 ns, 20.0000 ns/op
WorkloadPilot    2: 32 op, 371.00 ns, 11.5938 ns/op
WorkloadPilot    3: 64 op, 581.00 ns, 9.0781 ns/op
WorkloadPilot    4: 128 op, 1002.00 ns, 7.8281 ns/op
WorkloadPilot    5: 256 op, 1743.00 ns, 6.8086 ns/op
WorkloadPilot    6: 512 op, 3346.00 ns, 6.5352 ns/op
WorkloadPilot    7: 1024 op, 6462.00 ns, 6.3105 ns/op
WorkloadPilot    8: 2048 op, 12724.00 ns, 6.2129 ns/op
WorkloadPilot    9: 4096 op, 24646.00 ns, 6.0171 ns/op
WorkloadPilot   10: 8192 op, 48221.00 ns, 5.8864 ns/op
WorkloadPilot   11: 16384 op, 95499.00 ns, 5.8288 ns/op
WorkloadPilot   12: 32768 op, 191338.00 ns, 5.8392 ns/op
WorkloadPilot   13: 65536 op, 385261.00 ns, 5.8786 ns/op
WorkloadPilot   14: 131072 op, 774008.00 ns, 5.9052 ns/op
WorkloadPilot   15: 262144 op, 1552986.00 ns, 5.9242 ns/op
WorkloadPilot   16: 524288 op, 3106481.00 ns, 5.9251 ns/op
WorkloadPilot   17: 1048576 op, 6222491.00 ns, 5.9342 ns/op
WorkloadPilot   18: 2097152 op, 12337792.00 ns, 5.8831 ns/op
WorkloadPilot   19: 4194304 op, 24679680.00 ns, 5.8841 ns/op
WorkloadPilot   20: 8388608 op, 49218899.00 ns, 5.8673 ns/op
WorkloadPilot   21: 16777216 op, 98655676.00 ns, 5.8803 ns/op
WorkloadPilot   22: 33554432 op, 194593077.00 ns, 5.7993 ns/op
WorkloadPilot   23: 67108864 op, 388403960.00 ns, 5.7877 ns/op
WorkloadPilot   24: 134217728 op, 774369161.00 ns, 5.7695 ns/op

OverheadWarmup   1: 134217728 op, 126875261.00 ns, 0.9453 ns/op
OverheadWarmup   2: 134217728 op, 126954159.00 ns, 0.9459 ns/op
OverheadWarmup   3: 134217728 op, 126717786.00 ns, 0.9441 ns/op
OverheadWarmup   4: 134217728 op, 127210719.00 ns, 0.9478 ns/op
OverheadWarmup   5: 134217728 op, 126752391.00 ns, 0.9444 ns/op

OverheadActual   1: 134217728 op, 126979526.00 ns, 0.9461 ns/op
OverheadActual   2: 134217728 op, 127074413.00 ns, 0.9468 ns/op
OverheadActual   3: 134217728 op, 126832671.00 ns, 0.9450 ns/op
OverheadActual   4: 134217728 op, 127084472.00 ns, 0.9469 ns/op
OverheadActual   5: 134217728 op, 127088381.00 ns, 0.9469 ns/op
OverheadActual   6: 134217728 op, 126931477.00 ns, 0.9457 ns/op
OverheadActual   7: 134217728 op, 126517823.00 ns, 0.9426 ns/op
OverheadActual   8: 134217728 op, 126538802.00 ns, 0.9428 ns/op
OverheadActual   9: 134217728 op, 126740189.00 ns, 0.9443 ns/op
OverheadActual  10: 134217728 op, 126867808.00 ns, 0.9452 ns/op
OverheadActual  11: 134217728 op, 126983885.00 ns, 0.9461 ns/op
OverheadActual  12: 134217728 op, 126515990.00 ns, 0.9426 ns/op
OverheadActual  13: 134217728 op, 127118497.00 ns, 0.9471 ns/op
OverheadActual  14: 134217728 op, 126514507.00 ns, 0.9426 ns/op
OverheadActual  15: 134217728 op, 126531410.00 ns, 0.9427 ns/op

WorkloadWarmup   1: 134217728 op, 772316598.00 ns, 5.7542 ns/op
WorkloadWarmup   2: 134217728 op, 773056697.00 ns, 5.7597 ns/op
WorkloadWarmup   3: 134217728 op, 773262316.00 ns, 5.7613 ns/op
WorkloadWarmup   4: 134217728 op, 774249877.00 ns, 5.7686 ns/op
WorkloadWarmup   5: 134217728 op, 774435709.00 ns, 5.7700 ns/op
WorkloadWarmup   6: 134217728 op, 773464735.00 ns, 5.7628 ns/op
WorkloadWarmup   7: 134217728 op, 774117972.00 ns, 5.7676 ns/op
WorkloadWarmup   8: 134217728 op, 780477634.00 ns, 5.8150 ns/op
WorkloadWarmup   9: 134217728 op, 773282017.00 ns, 5.7614 ns/op

// BeforeActualRun
WorkloadActual   1: 134217728 op, 776252678.00 ns, 5.7835 ns/op
WorkloadActual   2: 134217728 op, 773159375.00 ns, 5.7605 ns/op
WorkloadActual   3: 134217728 op, 780110965.00 ns, 5.8123 ns/op
WorkloadActual   4: 134217728 op, 773956214.00 ns, 5.7664 ns/op
WorkloadActual   5: 134217728 op, 773168174.00 ns, 5.7606 ns/op
WorkloadActual   6: 134217728 op, 774723788.00 ns, 5.7721 ns/op
WorkloadActual   7: 134217728 op, 772613954.00 ns, 5.7564 ns/op
WorkloadActual   8: 134217728 op, 771581497.00 ns, 5.7487 ns/op
WorkloadActual   9: 134217728 op, 773196663.00 ns, 5.7608 ns/op
WorkloadActual  10: 134217728 op, 772734071.00 ns, 5.7573 ns/op
WorkloadActual  11: 134217728 op, 778215410.00 ns, 5.7982 ns/op
WorkloadActual  12: 134217728 op, 777457276.00 ns, 5.7925 ns/op
WorkloadActual  13: 134217728 op, 775446107.00 ns, 5.7775 ns/op
WorkloadActual  14: 134217728 op, 774568158.00 ns, 5.7710 ns/op
WorkloadActual  15: 134217728 op, 774290452.00 ns, 5.7689 ns/op

// AfterActualRun
WorkloadResult   1: 134217728 op, 649384870.00 ns, 4.8383 ns/op
WorkloadResult   2: 134217728 op, 646291567.00 ns, 4.8152 ns/op
WorkloadResult   3: 134217728 op, 647088406.00 ns, 4.8212 ns/op
WorkloadResult   4: 134217728 op, 646300366.00 ns, 4.8153 ns/op
WorkloadResult   5: 134217728 op, 647855980.00 ns, 4.8269 ns/op
WorkloadResult   6: 134217728 op, 645746146.00 ns, 4.8112 ns/op
WorkloadResult   7: 134217728 op, 644713689.00 ns, 4.8035 ns/op
WorkloadResult   8: 134217728 op, 646328855.00 ns, 4.8155 ns/op
WorkloadResult   9: 134217728 op, 645866263.00 ns, 4.8121 ns/op
WorkloadResult  10: 134217728 op, 651347602.00 ns, 4.8529 ns/op
WorkloadResult  11: 134217728 op, 650589468.00 ns, 4.8473 ns/op
WorkloadResult  12: 134217728 op, 648578299.00 ns, 4.8323 ns/op
WorkloadResult  13: 134217728 op, 647700350.00 ns, 4.8257 ns/op
WorkloadResult  14: 134217728 op, 647422644.00 ns, 4.8237 ns/op
// GC:  0 0 0 672 134217728
// Threading:  0 0 134217728

// AfterAll
// Benchmark Process 279607 has exited with code 0.

Mean = 4.824 ns, StdErr = 0.004 ns (0.08%), N = 14, StdDev = 0.014 ns
Min = 4.803 ns, Q1 = 4.815 ns, Median = 4.822 ns, Q3 = 4.831 ns, Max = 4.853 ns
IQR = 0.016 ns, LowerFence = 4.792 ns, UpperFence = 4.854 ns
ConfidenceInterval = [4.808 ns; 4.840 ns] (CI 99.9%), Margin = 0.016 ns (0.33% of Mean)
Skewness = 0.58, Kurtosis = 2.19, MValue = 2

// ** Remained 3 (75.0 %) benchmark(s) to run. Estimated finish 2026-03-16 19:32 (0h 1m from now) **
// **************************
// Benchmark: Str15Bench.ReadSafe: DefaultJob
// *** Execute ***
// Launch: 1 / 1
// Execute: /home/master/coding/my.gitlab/csharp/Microservices.Showcase/bench/Microservices.Showcase.Benchs/bin/Release/net10.0/Microservices.Showcase.Benchs-DefaultJob-1/bin/Release/net10.0/linux-x64/publish/Microservices.Showcase.Benchs-DefaultJob-1 --anonymousPipes 108 109 --benchmarkName Microservices.Showcase.Benchmarks.Str15Bench.ReadSafe --job Default --benchmarkId 1 in 
// Failed to set up high priority (Permission denied). In order to run benchmarks with high priority, make sure you have the right permissions.
// BeforeAnythingElse

// Benchmark Process Environment Information:
// BenchmarkDotNet v0.15.8
// Runtime=.NET 10.0.4, X64 NativeAOT x86-64-v3
// GC=Concurrent Workstation
// HardwareIntrinsics=AVX2+BMI1+BMI2+F16C+FMA+LZCNT+MOVBE,AVX,SSE3+SSSE3+SSE4.1+SSE4.2+POPCNT,X86Base+SSE+SSE2,AES+PCLMUL VectorSize=256
// Job: DefaultJob

OverheadJitting  1: 1 op, 101.00 ns, 101.0000 ns/op
WorkloadJitting  1: 1 op, 351.00 ns, 351.0000 ns/op

OverheadJitting  2: 16 op, 311.00 ns, 19.4375 ns/op
WorkloadJitting  2: 16 op, 361.00 ns, 22.5625 ns/op

WorkloadPilot    1: 16 op, 301.00 ns, 18.8125 ns/op
WorkloadPilot    2: 32 op, 401.00 ns, 12.5313 ns/op
WorkloadPilot    3: 64 op, 692.00 ns, 10.8125 ns/op
WorkloadPilot    4: 128 op, 1172.00 ns, 9.1563 ns/op
WorkloadPilot    5: 256 op, 2224.00 ns, 8.6875 ns/op
WorkloadPilot    6: 512 op, 4278.00 ns, 8.3555 ns/op
WorkloadPilot    7: 1024 op, 8465.00 ns, 8.2666 ns/op
WorkloadPilot    8: 2048 op, 16761.00 ns, 8.1841 ns/op
WorkloadPilot    9: 4096 op, 33573.00 ns, 8.1965 ns/op
WorkloadPilot   10: 8192 op, 67025.00 ns, 8.1818 ns/op
WorkloadPilot   11: 16384 op, 133920.00 ns, 8.1738 ns/op
WorkloadPilot   12: 32768 op, 266859.00 ns, 8.1439 ns/op
WorkloadPilot   13: 65536 op, 534209.00 ns, 8.1514 ns/op
WorkloadPilot   14: 131072 op, 1070854.00 ns, 8.1700 ns/op
WorkloadPilot   15: 262144 op, 2130075.00 ns, 8.1256 ns/op
WorkloadPilot   16: 524288 op, 4862177.00 ns, 9.2739 ns/op
WorkloadPilot   17: 1048576 op, 9105025.00 ns, 8.6832 ns/op
WorkloadPilot   18: 2097152 op, 17168922.00 ns, 8.1868 ns/op
WorkloadPilot   19: 4194304 op, 34474370.00 ns, 8.2193 ns/op
WorkloadPilot   20: 8388608 op, 69665742.00 ns, 8.3048 ns/op
WorkloadPilot   21: 16777216 op, 138357432.00 ns, 8.2467 ns/op
WorkloadPilot   22: 33554432 op, 272806241.00 ns, 8.1303 ns/op
WorkloadPilot   23: 67108864 op, 543349900.00 ns, 8.0965 ns/op

OverheadWarmup   1: 67108864 op, 62752277.00 ns, 0.9351 ns/op
OverheadWarmup   2: 67108864 op, 64102564.00 ns, 0.9552 ns/op
OverheadWarmup   3: 67108864 op, 63435466.00 ns, 0.9453 ns/op
OverheadWarmup   4: 67108864 op, 63076434.00 ns, 0.9399 ns/op
OverheadWarmup   5: 67108864 op, 64346110.00 ns, 0.9588 ns/op
OverheadWarmup   6: 67108864 op, 63541395.00 ns, 0.9468 ns/op

OverheadActual   1: 67108864 op, 63437370.00 ns, 0.9453 ns/op
OverheadActual   2: 67108864 op, 63768238.00 ns, 0.9502 ns/op
OverheadActual   3: 67108864 op, 63350407.00 ns, 0.9440 ns/op
OverheadActual   4: 67108864 op, 63274054.00 ns, 0.9429 ns/op
OverheadActual   5: 67108864 op, 63517970.00 ns, 0.9465 ns/op
OverheadActual   6: 67108864 op, 64071956.00 ns, 0.9547 ns/op
OverheadActual   7: 67108864 op, 63449462.00 ns, 0.9455 ns/op
OverheadActual   8: 67108864 op, 63355537.00 ns, 0.9441 ns/op
OverheadActual   9: 67108864 op, 63231605.00 ns, 0.9422 ns/op
OverheadActual  10: 67108864 op, 63278012.00 ns, 0.9429 ns/op
OverheadActual  11: 67108864 op, 63585928.00 ns, 0.9475 ns/op
OverheadActual  12: 67108864 op, 63633707.00 ns, 0.9482 ns/op
OverheadActual  13: 67108864 op, 64608391.00 ns, 0.9627 ns/op
OverheadActual  14: 67108864 op, 63801702.00 ns, 0.9507 ns/op
OverheadActual  15: 67108864 op, 63613128.00 ns, 0.9479 ns/op

WorkloadWarmup   1: 67108864 op, 545913893.00 ns, 8.1348 ns/op
WorkloadWarmup   2: 67108864 op, 543380096.00 ns, 8.0970 ns/op
WorkloadWarmup   3: 67108864 op, 541175933.00 ns, 8.0641 ns/op
WorkloadWarmup   4: 67108864 op, 541850919.00 ns, 8.0742 ns/op
WorkloadWarmup   5: 67108864 op, 544366426.00 ns, 8.1117 ns/op
WorkloadWarmup   6: 67108864 op, 550538788.00 ns, 8.2037 ns/op
WorkloadWarmup   7: 67108864 op, 545526471.00 ns, 8.1290 ns/op
WorkloadWarmup   8: 67108864 op, 549391754.00 ns, 8.1866 ns/op
WorkloadWarmup   9: 67108864 op, 554124361.00 ns, 8.2571 ns/op
WorkloadWarmup  10: 67108864 op, 545864779.00 ns, 8.1340 ns/op

// BeforeActualRun
WorkloadActual   1: 67108864 op, 545582244.00 ns, 8.1298 ns/op
WorkloadActual   2: 67108864 op, 545221499.00 ns, 8.1244 ns/op
WorkloadActual   3: 67108864 op, 541316136.00 ns, 8.0662 ns/op
WorkloadActual   4: 67108864 op, 542798720.00 ns, 8.0883 ns/op
WorkloadActual   5: 67108864 op, 543160360.00 ns, 8.0937 ns/op
WorkloadActual   6: 67108864 op, 542111839.00 ns, 8.0781 ns/op
WorkloadActual   7: 67108864 op, 541705401.00 ns, 8.0720 ns/op
WorkloadActual   8: 67108864 op, 545832765.00 ns, 8.1335 ns/op
WorkloadActual   9: 67108864 op, 542462331.00 ns, 8.0833 ns/op
WorkloadActual  10: 67108864 op, 543034543.00 ns, 8.0918 ns/op
WorkloadActual  11: 67108864 op, 542442046.00 ns, 8.0830 ns/op
WorkloadActual  12: 67108864 op, 542386735.00 ns, 8.0822 ns/op
WorkloadActual  13: 67108864 op, 544478229.00 ns, 8.1134 ns/op
WorkloadActual  14: 67108864 op, 541815450.00 ns, 8.0737 ns/op
WorkloadActual  15: 67108864 op, 543071962.00 ns, 8.0924 ns/op

// AfterActualRun
WorkloadResult   1: 67108864 op, 482064274.00 ns, 7.1833 ns/op
WorkloadResult   2: 67108864 op, 481703529.00 ns, 7.1779 ns/op
WorkloadResult   3: 67108864 op, 477798166.00 ns, 7.1197 ns/op
WorkloadResult   4: 67108864 op, 479280750.00 ns, 7.1418 ns/op
WorkloadResult   5: 67108864 op, 479642390.00 ns, 7.1472 ns/op
WorkloadResult   6: 67108864 op, 478593869.00 ns, 7.1316 ns/op
WorkloadResult   7: 67108864 op, 478187431.00 ns, 7.1255 ns/op
WorkloadResult   8: 67108864 op, 482314795.00 ns, 7.1871 ns/op
WorkloadResult   9: 67108864 op, 478944361.00 ns, 7.1368 ns/op
WorkloadResult  10: 67108864 op, 479516573.00 ns, 7.1454 ns/op
WorkloadResult  11: 67108864 op, 478924076.00 ns, 7.1365 ns/op
WorkloadResult  12: 67108864 op, 478868765.00 ns, 7.1357 ns/op
WorkloadResult  13: 67108864 op, 480960259.00 ns, 7.1669 ns/op
WorkloadResult  14: 67108864 op, 478297480.00 ns, 7.1272 ns/op
WorkloadResult  15: 67108864 op, 479553992.00 ns, 7.1459 ns/op
// GC:  0 0 0 672 67108864
// Threading:  0 0 67108864

// AfterAll
// Benchmark Process 279645 has exited with code 0.

Mean = 7.147 ns, StdErr = 0.006 ns (0.08%), N = 15, StdDev = 0.022 ns
Min = 7.120 ns, Q1 = 7.134 ns, Median = 7.142 ns, Q3 = 7.157 ns, Max = 7.187 ns
IQR = 0.023 ns, LowerFence = 7.099 ns, UpperFence = 7.192 ns
ConfidenceInterval = [7.124 ns; 7.170 ns] (CI 99.9%), Margin = 0.023 ns (0.32% of Mean)
Skewness = 0.67, Kurtosis = 1.96, MValue = 2

// ** Remained 2 (50.0 %) benchmark(s) to run. Estimated finish 2026-03-16 19:32 (0h 0m from now) **
// **************************
// Benchmark: Str15Bench.ToLower: DefaultJob
// *** Execute ***
// Launch: 1 / 1
// Execute: /home/master/coding/my.gitlab/csharp/Microservices.Showcase/bench/Microservices.Showcase.Benchs/bin/Release/net10.0/Microservices.Showcase.Benchs-DefaultJob-1/bin/Release/net10.0/linux-x64/publish/Microservices.Showcase.Benchs-DefaultJob-1 --anonymousPipes 108 109 --benchmarkName Microservices.Showcase.Benchmarks.Str15Bench.ToLower --job Default --benchmarkId 2 in 
// Failed to set up high priority (Permission denied). In order to run benchmarks with high priority, make sure you have the right permissions.
// BeforeAnythingElse

// Benchmark Process Environment Information:
// BenchmarkDotNet v0.15.8
// Runtime=.NET 10.0.4, X64 NativeAOT x86-64-v3
// GC=Concurrent Workstation
// HardwareIntrinsics=AVX2+BMI1+BMI2+F16C+FMA+LZCNT+MOVBE,AVX,SSE3+SSSE3+SSE4.1+SSE4.2+POPCNT,X86Base+SSE+SSE2,AES+PCLMUL VectorSize=256
// Job: DefaultJob

OverheadJitting  1: 1 op, 151.00 ns, 151.0000 ns/op
WorkloadJitting  1: 1 op, 7704.00 ns, 7.7040 us/op

OverheadJitting  2: 16 op, 210.00 ns, 13.1250 ns/op
WorkloadJitting  2: 16 op, 501.00 ns, 31.3125 ns/op

WorkloadPilot    1: 16 op, 241.00 ns, 15.0625 ns/op
WorkloadPilot    2: 32 op, 250.00 ns, 7.8125 ns/op
WorkloadPilot    3: 64 op, 321.00 ns, 5.0156 ns/op
WorkloadPilot    4: 128 op, 430.00 ns, 3.3594 ns/op
WorkloadPilot    5: 256 op, 631.00 ns, 2.4648 ns/op
WorkloadPilot    6: 512 op, 1092.00 ns, 2.1328 ns/op
WorkloadPilot    7: 1024 op, 1943.00 ns, 1.8975 ns/op
WorkloadPilot    8: 2048 op, 3707.00 ns, 1.8101 ns/op
WorkloadPilot    9: 4096 op, 11902.00 ns, 2.9058 ns/op
WorkloadPilot   10: 8192 op, 26118.00 ns, 3.1882 ns/op
WorkloadPilot   11: 16384 op, 28263.00 ns, 1.7250 ns/op
WorkloadPilot   12: 32768 op, 56014.00 ns, 1.7094 ns/op
WorkloadPilot   13: 65536 op, 148428.00 ns, 2.2648 ns/op
WorkloadPilot   14: 131072 op, 223137.00 ns, 1.7024 ns/op
WorkloadPilot   15: 262144 op, 446977.00 ns, 1.7051 ns/op
WorkloadPilot   16: 524288 op, 906466.00 ns, 1.7289 ns/op
WorkloadPilot   17: 1048576 op, 1796081.00 ns, 1.7129 ns/op
WorkloadPilot   18: 2097152 op, 3693330.00 ns, 1.7611 ns/op
WorkloadPilot   19: 4194304 op, 7669561.00 ns, 1.8286 ns/op
WorkloadPilot   20: 8388608 op, 15102248.00 ns, 1.8003 ns/op
WorkloadPilot   21: 16777216 op, 30596067.00 ns, 1.8237 ns/op
WorkloadPilot   22: 33554432 op, 61802056.00 ns, 1.8418 ns/op
WorkloadPilot   23: 67108864 op, 121537635.00 ns, 1.8111 ns/op
WorkloadPilot   24: 134217728 op, 240339452.00 ns, 1.7907 ns/op
WorkloadPilot   25: 268435456 op, 481703012.00 ns, 1.7945 ns/op
WorkloadPilot   26: 536870912 op, 963384568.00 ns, 1.7944 ns/op

OverheadWarmup   1: 536870912 op, 503187235.00 ns, 0.9373 ns/op
OverheadWarmup   2: 536870912 op, 504216933.00 ns, 0.9392 ns/op
OverheadWarmup   3: 536870912 op, 505428832.00 ns, 0.9414 ns/op
OverheadWarmup   4: 536870912 op, 506793989.00 ns, 0.9440 ns/op
OverheadWarmup   5: 536870912 op, 503372448.00 ns, 0.9376 ns/op
OverheadWarmup   6: 536870912 op, 504521140.00 ns, 0.9397 ns/op
OverheadWarmup   7: 536870912 op, 506292124.00 ns, 0.9430 ns/op
OverheadWarmup   8: 536870912 op, 506227485.00 ns, 0.9429 ns/op

OverheadActual   1: 536870912 op, 514961097.00 ns, 0.9592 ns/op
OverheadActual   2: 536870912 op, 505056988.00 ns, 0.9407 ns/op
OverheadActual   3: 536870912 op, 505971641.00 ns, 0.9424 ns/op
OverheadActual   4: 536870912 op, 505211570.00 ns, 0.9410 ns/op
OverheadActual   5: 536870912 op, 504359076.00 ns, 0.9394 ns/op
OverheadActual   6: 536870912 op, 503796837.00 ns, 0.9384 ns/op
OverheadActual   7: 536870912 op, 504004927.00 ns, 0.9388 ns/op
OverheadActual   8: 536870912 op, 504972279.00 ns, 0.9406 ns/op
OverheadActual   9: 536870912 op, 504748280.00 ns, 0.9402 ns/op
OverheadActual  10: 536870912 op, 504694933.00 ns, 0.9401 ns/op
OverheadActual  11: 536870912 op, 504126450.00 ns, 0.9390 ns/op
OverheadActual  12: 536870912 op, 505507757.00 ns, 0.9416 ns/op
OverheadActual  13: 536870912 op, 503743848.00 ns, 0.9383 ns/op
OverheadActual  14: 536870912 op, 504132387.00 ns, 0.9390 ns/op
OverheadActual  15: 536870912 op, 504462626.00 ns, 0.9396 ns/op

WorkloadWarmup   1: 536870912 op, 964965180.00 ns, 1.7974 ns/op
WorkloadWarmup   2: 536870912 op, 962899421.00 ns, 1.7935 ns/op
WorkloadWarmup   3: 536870912 op, 962290536.00 ns, 1.7924 ns/op
WorkloadWarmup   4: 536870912 op, 963152135.00 ns, 1.7940 ns/op
WorkloadWarmup   5: 536870912 op, 961372730.00 ns, 1.7907 ns/op
WorkloadWarmup   6: 536870912 op, 966343518.00 ns, 1.8000 ns/op
WorkloadWarmup   7: 536870912 op, 962573008.00 ns, 1.7929 ns/op

// BeforeActualRun
WorkloadActual   1: 536870912 op, 962966771.00 ns, 1.7937 ns/op
WorkloadActual   2: 536870912 op, 964585355.00 ns, 1.7967 ns/op
WorkloadActual   3: 536870912 op, 958172531.00 ns, 1.7847 ns/op
WorkloadActual   4: 536870912 op, 954365523.00 ns, 1.7776 ns/op
WorkloadActual   5: 536870912 op, 951366015.00 ns, 1.7721 ns/op
WorkloadActual   6: 536870912 op, 952794664.00 ns, 1.7747 ns/op
WorkloadActual   7: 536870912 op, 961675017.00 ns, 1.7913 ns/op
WorkloadActual   8: 536870912 op, 957539874.00 ns, 1.7836 ns/op
WorkloadActual   9: 536870912 op, 962304805.00 ns, 1.7924 ns/op
WorkloadActual  10: 536870912 op, 955673593.00 ns, 1.7801 ns/op
WorkloadActual  11: 536870912 op, 953050680.00 ns, 1.7752 ns/op
WorkloadActual  12: 536870912 op, 956168409.00 ns, 1.7810 ns/op
WorkloadActual  13: 536870912 op, 953357284.00 ns, 1.7758 ns/op
WorkloadActual  14: 536870912 op, 948554884.00 ns, 1.7668 ns/op
WorkloadActual  15: 536870912 op, 950144613.00 ns, 1.7698 ns/op

// AfterActualRun
WorkloadResult   1: 536870912 op, 458271838.00 ns, 0.8536 ns/op
WorkloadResult   2: 536870912 op, 459890422.00 ns, 0.8566 ns/op
WorkloadResult   3: 536870912 op, 453477598.00 ns, 0.8447 ns/op
WorkloadResult   4: 536870912 op, 449670590.00 ns, 0.8376 ns/op
WorkloadResult   5: 536870912 op, 446671082.00 ns, 0.8320 ns/op
WorkloadResult   6: 536870912 op, 448099731.00 ns, 0.8347 ns/op
WorkloadResult   7: 536870912 op, 456980084.00 ns, 0.8512 ns/op
WorkloadResult   8: 536870912 op, 452844941.00 ns, 0.8435 ns/op
WorkloadResult   9: 536870912 op, 457609872.00 ns, 0.8524 ns/op
WorkloadResult  10: 536870912 op, 450978660.00 ns, 0.8400 ns/op
WorkloadResult  11: 536870912 op, 448355747.00 ns, 0.8351 ns/op
WorkloadResult  12: 536870912 op, 451473476.00 ns, 0.8409 ns/op
WorkloadResult  13: 536870912 op, 448662351.00 ns, 0.8357 ns/op
WorkloadResult  14: 536870912 op, 443859951.00 ns, 0.8268 ns/op
WorkloadResult  15: 536870912 op, 445449680.00 ns, 0.8297 ns/op
// GC:  0 0 0 672 536870912
// Threading:  0 0 536870912

// AfterAll
// Benchmark Process 279660 has exited with code 0.

Mean = 0.841 ns, StdErr = 0.002 ns (0.28%), N = 15, StdDev = 0.009 ns
Min = 0.827 ns, Q1 = 0.835 ns, Median = 0.840 ns, Q3 = 0.848 ns, Max = 0.857 ns
IQR = 0.013 ns, LowerFence = 0.815 ns, UpperFence = 0.867 ns
ConfidenceInterval = [0.831 ns; 0.851 ns] (CI 99.9%), Margin = 0.010 ns (1.17% of Mean)
Skewness = 0.24, Kurtosis = 1.69, MValue = 2

// ** Remained 1 (25.0 %) benchmark(s) to run. Estimated finish 2026-03-16 19:33 (0h 0m from now) **
// **************************
// Benchmark: Str15Bench.ManualToUpper: DefaultJob
// *** Execute ***
// Launch: 1 / 1
// Execute: /home/master/coding/my.gitlab/csharp/Microservices.Showcase/bench/Microservices.Showcase.Benchs/bin/Release/net10.0/Microservices.Showcase.Benchs-DefaultJob-1/bin/Release/net10.0/linux-x64/publish/Microservices.Showcase.Benchs-DefaultJob-1 --anonymousPipes 108 109 --benchmarkName Microservices.Showcase.Benchmarks.Str15Bench.ManualToUpper --job Default --benchmarkId 3 in 
// Failed to set up high priority (Permission denied). In order to run benchmarks with high priority, make sure you have the right permissions.
// BeforeAnythingElse

// Benchmark Process Environment Information:
// BenchmarkDotNet v0.15.8
// Runtime=.NET 10.0.4, X64 NativeAOT x86-64-v3
// GC=Concurrent Workstation
// HardwareIntrinsics=AVX2+BMI1+BMI2+F16C+FMA+LZCNT+MOVBE,AVX,SSE3+SSSE3+SSE4.1+SSE4.2+POPCNT,X86Base+SSE+SSE2,AES+PCLMUL VectorSize=256
// Job: DefaultJob

OverheadJitting  1: 1 op, 190.00 ns, 190.0000 ns/op
WorkloadJitting  1: 1 op, 6893.00 ns, 6.8930 us/op

OverheadJitting  2: 16 op, 191.00 ns, 11.9375 ns/op
WorkloadJitting  2: 16 op, 451.00 ns, 28.1875 ns/op

WorkloadPilot    1: 16 op, 421.00 ns, 26.3125 ns/op
WorkloadPilot    2: 32 op, 621.00 ns, 19.4063 ns/op
WorkloadPilot    3: 64 op, 942.00 ns, 14.7188 ns/op
WorkloadPilot    4: 128 op, 1683.00 ns, 13.1484 ns/op
WorkloadPilot    5: 256 op, 3186.00 ns, 12.4453 ns/op
WorkloadPilot    6: 512 op, 6172.00 ns, 12.0547 ns/op
WorkloadPilot    7: 1024 op, 12052.00 ns, 11.7695 ns/op
WorkloadPilot    8: 2048 op, 24005.00 ns, 11.7212 ns/op
WorkloadPilot    9: 4096 op, 47810.00 ns, 11.6724 ns/op
WorkloadPilot   10: 8192 op, 95388.00 ns, 11.6440 ns/op
WorkloadPilot   11: 16384 op, 190536.00 ns, 11.6294 ns/op
WorkloadPilot   12: 32768 op, 391182.00 ns, 11.9379 ns/op
WorkloadPilot   13: 65536 op, 771905.00 ns, 11.7783 ns/op
WorkloadPilot   14: 131072 op, 1557194.00 ns, 11.8804 ns/op
WorkloadPilot   15: 262144 op, 3072810.00 ns, 11.7218 ns/op
WorkloadPilot   16: 524288 op, 6144228.00 ns, 11.7192 ns/op
WorkloadPilot   17: 1048576 op, 12316317.00 ns, 11.7458 ns/op
WorkloadPilot   18: 2097152 op, 24543387.00 ns, 11.7032 ns/op
WorkloadPilot   19: 4194304 op, 49442471.00 ns, 11.7880 ns/op
WorkloadPilot   20: 8388608 op, 98548763.00 ns, 11.7479 ns/op
WorkloadPilot   21: 16777216 op, 197805210.00 ns, 11.7901 ns/op
WorkloadPilot   22: 33554432 op, 391118585.00 ns, 11.6562 ns/op
WorkloadPilot   23: 67108864 op, 781658531.00 ns, 11.6476 ns/op

OverheadWarmup   1: 67108864 op, 62605223.00 ns, 0.9329 ns/op
OverheadWarmup   2: 67108864 op, 62967891.00 ns, 0.9383 ns/op
OverheadWarmup   3: 67108864 op, 62651821.00 ns, 0.9336 ns/op
OverheadWarmup   4: 67108864 op, 62969374.00 ns, 0.9383 ns/op
OverheadWarmup   5: 67108864 op, 63009249.00 ns, 0.9389 ns/op
OverheadWarmup   6: 67108864 op, 62813633.00 ns, 0.9360 ns/op

OverheadActual   1: 67108864 op, 62981958.00 ns, 0.9385 ns/op
OverheadActual   2: 67108864 op, 63153899.00 ns, 0.9411 ns/op
OverheadActual   3: 67108864 op, 64907732.00 ns, 0.9672 ns/op
OverheadActual   4: 67108864 op, 62869458.00 ns, 0.9368 ns/op
OverheadActual   5: 67108864 op, 63106972.00 ns, 0.9404 ns/op
OverheadActual   6: 67108864 op, 62728965.00 ns, 0.9347 ns/op
OverheadActual   7: 67108864 op, 63109447.00 ns, 0.9404 ns/op
OverheadActual   8: 67108864 op, 62940120.00 ns, 0.9379 ns/op
OverheadActual   9: 67108864 op, 63551253.00 ns, 0.9470 ns/op
OverheadActual  10: 67108864 op, 63210696.00 ns, 0.9419 ns/op
OverheadActual  11: 67108864 op, 64510689.00 ns, 0.9613 ns/op
OverheadActual  12: 67108864 op, 62963885.00 ns, 0.9382 ns/op
OverheadActual  13: 67108864 op, 63116640.00 ns, 0.9405 ns/op
OverheadActual  14: 67108864 op, 63218762.00 ns, 0.9420 ns/op
OverheadActual  15: 67108864 op, 63056017.00 ns, 0.9396 ns/op

WorkloadWarmup   1: 67108864 op, 784771937.00 ns, 11.6940 ns/op
WorkloadWarmup   2: 67108864 op, 785434511.00 ns, 11.7039 ns/op
WorkloadWarmup   3: 67108864 op, 781719753.00 ns, 11.6485 ns/op
WorkloadWarmup   4: 67108864 op, 782973202.00 ns, 11.6672 ns/op
WorkloadWarmup   5: 67108864 op, 781484891.00 ns, 11.6450 ns/op
WorkloadWarmup   6: 67108864 op, 783195455.00 ns, 11.6705 ns/op

// BeforeActualRun
WorkloadActual   1: 67108864 op, 783360117.00 ns, 11.6730 ns/op
WorkloadActual   2: 67108864 op, 782829668.00 ns, 11.6651 ns/op
WorkloadActual   3: 67108864 op, 787903416.00 ns, 11.7407 ns/op
WorkloadActual   4: 67108864 op, 786078674.00 ns, 11.7135 ns/op
WorkloadActual   5: 67108864 op, 783337198.00 ns, 11.6726 ns/op
WorkloadActual   6: 67108864 op, 787891936.00 ns, 11.7405 ns/op
WorkloadActual   7: 67108864 op, 789083077.00 ns, 11.7583 ns/op
WorkloadActual   8: 67108864 op, 783864585.00 ns, 11.6805 ns/op
WorkloadActual   9: 67108864 op, 781115323.00 ns, 11.6395 ns/op
WorkloadActual  10: 67108864 op, 784699295.00 ns, 11.6929 ns/op
WorkloadActual  11: 67108864 op, 782691991.00 ns, 11.6630 ns/op
WorkloadActual  12: 67108864 op, 785442883.00 ns, 11.7040 ns/op
WorkloadActual  13: 67108864 op, 781641883.00 ns, 11.6474 ns/op
WorkloadActual  14: 67108864 op, 782655273.00 ns, 11.6625 ns/op
WorkloadActual  15: 67108864 op, 781048360.00 ns, 11.6385 ns/op

// AfterActualRun
WorkloadResult   1: 67108864 op, 720250670.00 ns, 10.7326 ns/op
WorkloadResult   2: 67108864 op, 719720221.00 ns, 10.7247 ns/op
WorkloadResult   3: 67108864 op, 724793969.00 ns, 10.8003 ns/op
WorkloadResult   4: 67108864 op, 722969227.00 ns, 10.7731 ns/op
WorkloadResult   5: 67108864 op, 720227751.00 ns, 10.7322 ns/op
WorkloadResult   6: 67108864 op, 724782489.00 ns, 10.8001 ns/op
WorkloadResult   7: 67108864 op, 725973630.00 ns, 10.8179 ns/op
WorkloadResult   8: 67108864 op, 720755138.00 ns, 10.7401 ns/op
WorkloadResult   9: 67108864 op, 718005876.00 ns, 10.6991 ns/op
WorkloadResult  10: 67108864 op, 721589848.00 ns, 10.7525 ns/op
WorkloadResult  11: 67108864 op, 719582544.00 ns, 10.7226 ns/op
WorkloadResult  12: 67108864 op, 722333436.00 ns, 10.7636 ns/op
WorkloadResult  13: 67108864 op, 718532436.00 ns, 10.7070 ns/op
WorkloadResult  14: 67108864 op, 719545826.00 ns, 10.7221 ns/op
WorkloadResult  15: 67108864 op, 717938913.00 ns, 10.6981 ns/op
// GC:  0 0 0 672 67108864
// Threading:  0 0 67108864

// AfterAll
// Benchmark Process 279688 has exited with code 0.

Mean = 10.746 ns, StdErr = 0.010 ns (0.09%), N = 15, StdDev = 0.038 ns
Min = 10.698 ns, Q1 = 10.722 ns, Median = 10.733 ns, Q3 = 10.768 ns, Max = 10.818 ns
IQR = 0.046 ns, LowerFence = 10.653 ns, UpperFence = 10.837 ns
ConfidenceInterval = [10.705 ns; 10.786 ns] (CI 99.9%), Margin = 0.041 ns (0.38% of Mean)
Skewness = 0.51, Kurtosis = 1.88, MValue = 2

// ** Remained 0 (0.0 %) benchmark(s) to run. Estimated finish 2026-03-16 19:33 (0h 0m from now) **
// ***** BenchmarkRunner: Finish  *****

// * Export *
  BenchmarkDotNet.Artifacts/results/Microservices.Showcase.Benchmarks.Str15Bench-report.csv
  BenchmarkDotNet.Artifacts/results/Microservices.Showcase.Benchmarks.Str15Bench-report-github.md
  BenchmarkDotNet.Artifacts/results/Microservices.Showcase.Benchmarks.Str15Bench-report.html

// * Detailed results *
Str15Bench.ReadUnsafe: DefaultJob
Runtime = .NET 10.0.4, X64 NativeAOT x86-64-v3; GC = Concurrent Workstation
Mean = 4.824 ns, StdErr = 0.004 ns (0.08%), N = 14, StdDev = 0.014 ns
Min = 4.803 ns, Q1 = 4.815 ns, Median = 4.822 ns, Q3 = 4.831 ns, Max = 4.853 ns
IQR = 0.016 ns, LowerFence = 4.792 ns, UpperFence = 4.854 ns
ConfidenceInterval = [4.808 ns; 4.840 ns] (CI 99.9%), Margin = 0.016 ns (0.33% of Mean)
Skewness = 0.58, Kurtosis = 2.19, MValue = 2
-------------------- Histogram --------------------
[4.796 ns ; 4.861 ns) | @@@@@@@@@@@@@@
---------------------------------------------------

Str15Bench.ReadSafe: DefaultJob
Runtime = .NET 10.0.4, X64 NativeAOT x86-64-v3; GC = Concurrent Workstation
Mean = 7.147 ns, StdErr = 0.006 ns (0.08%), N = 15, StdDev = 0.022 ns
Min = 7.120 ns, Q1 = 7.134 ns, Median = 7.142 ns, Q3 = 7.157 ns, Max = 7.187 ns
IQR = 0.023 ns, LowerFence = 7.099 ns, UpperFence = 7.192 ns
ConfidenceInterval = [7.124 ns; 7.170 ns] (CI 99.9%), Margin = 0.023 ns (0.32% of Mean)
Skewness = 0.67, Kurtosis = 1.96, MValue = 2
-------------------- Histogram --------------------
[7.108 ns ; 7.199 ns) | @@@@@@@@@@@@@@@
---------------------------------------------------

Str15Bench.ToLower: DefaultJob
Runtime = .NET 10.0.4, X64 NativeAOT x86-64-v3; GC = Concurrent Workstation
Mean = 0.841 ns, StdErr = 0.002 ns (0.28%), N = 15, StdDev = 0.009 ns
Min = 0.827 ns, Q1 = 0.835 ns, Median = 0.840 ns, Q3 = 0.848 ns, Max = 0.857 ns
IQR = 0.013 ns, LowerFence = 0.815 ns, UpperFence = 0.867 ns
ConfidenceInterval = [0.831 ns; 0.851 ns] (CI 99.9%), Margin = 0.010 ns (1.17% of Mean)
Skewness = 0.24, Kurtosis = 1.69, MValue = 2
-------------------- Histogram --------------------
[0.822 ns ; 0.862 ns) | @@@@@@@@@@@@@@@
---------------------------------------------------

Str15Bench.ManualToUpper: DefaultJob
Runtime = .NET 10.0.4, X64 NativeAOT x86-64-v3; GC = Concurrent Workstation
Mean = 10.746 ns, StdErr = 0.010 ns (0.09%), N = 15, StdDev = 0.038 ns
Min = 10.698 ns, Q1 = 10.722 ns, Median = 10.733 ns, Q3 = 10.768 ns, Max = 10.818 ns
IQR = 0.046 ns, LowerFence = 10.653 ns, UpperFence = 10.837 ns
ConfidenceInterval = [10.705 ns; 10.786 ns] (CI 99.9%), Margin = 0.041 ns (0.38% of Mean)
Skewness = 0.51, Kurtosis = 1.88, MValue = 2
-------------------- Histogram --------------------
[10.678 ns ; 10.838 ns) | @@@@@@@@@@@@@@@
---------------------------------------------------

// * Summary *

BenchmarkDotNet v0.15.8, Linux Ubuntu 24.04.4 LTS (Noble Numbat)
AMD Ryzen 7 6800H with Radeon Graphics 1.10GHz, 1 CPU, 16 logical and 8 physical cores
  [Host]     : .NET 10.0.4, X64 NativeAOT x86-64-v3
  DefaultJob : .NET 10.0.4, X64 NativeAOT x86-64-v3


| Method        | Categories | Mean       | Error     | StdDev    | Ratio | RatioSD | Allocated | Alloc Ratio |
|-------------- |----------- |-----------:|----------:|----------:|------:|--------:|----------:|------------:|
| ReadUnsafe    | Read       |  4.8244 ns | 0.0160 ns | 0.0142 ns |  1.00 |    0.00 |         - |          NA |
| ReadSafe      | Read       |  7.1472 ns | 0.0230 ns | 0.0215 ns |  1.48 |    0.01 |         - |          NA |
|               |            |            |           |           |       |         |           |             |
| ToLower       | ToLower    |  0.8410 ns | 0.0098 ns | 0.0092 ns |  1.00 |    0.01 |         - |          NA |
| ManualToUpper | ToLower    | 10.7457 ns | 0.0405 ns | 0.0379 ns | 12.78 |    0.14 |         - |          NA |

// * Hints *
Outliers
  Str15Bench.ReadUnsafe: Default -> 1 outlier  was  removed (5.81 ns)

// * Legends *
  Categories  : All categories of the corresponded method, class, and assembly
  Mean        : Arithmetic mean of all measurements
  Error       : Half of 99.9% confidence interval
  StdDev      : Standard deviation of all measurements
  Ratio       : Mean of the ratio distribution ([Current]/[Baseline])
  RatioSD     : Standard deviation of the ratio distribution ([Current]/[Baseline])
  Allocated   : Allocated memory per single operation (managed only, inclusive, 1KB = 1024B)
  Alloc Ratio : Allocated memory ratio distribution ([Current]/[Baseline])
  1 ns        : 1 Nanosecond (0.000000001 sec)

// * Diagnostic Output - MemoryDiagnoser *


// ***** BenchmarkRunner: End *****
Run time: 00:01:36 (96.27 sec), executed benchmarks: 4

Global total time: 00:02:45 (165.17 sec), executed benchmarks: 4
// * Artifacts cleanup *
Artifacts cleanup is finished
