// Validating benchmarks:
// ***** BenchmarkRunner: Start   *****
// ***** Found 4 benchmark(s) in total *****
// ***** Building 1 exe(s) in Parallel: Start   *****
// start dotnet  restore -r linux-x64 --nodeReuse:false /p:UseSharedCompilation=false /p:Deterministic=true /p:Optimize=true /p:ArtifactsPath="/home/master/coding/my.gitlab/csharp/Microservices.Showcase/bench/Microservices.Showcase.Benchs/bin/Release/net10.0/Microservices.Showcase.Benchs-DefaultJob-1/" /p:OutDir="/home/master/coding/my.gitlab/csharp/Microservices.Showcase/bench/Microservices.Showcase.Benchs/bin/Release/net10.0/Microservices.Showcase.Benchs-DefaultJob-1/bin/Release/net10.0/linux-x64/publish/" /p:OutputPath="/home/master/coding/my.gitlab/csharp/Microservices.Showcase/bench/Microservices.Showcase.Benchs/bin/Release/net10.0/Microservices.Showcase.Benchs-DefaultJob-1/bin/Release/net10.0/linux-x64/publish/" /p:PublishDir="/home/master/coding/my.gitlab/csharp/Microservices.Showcase/bench/Microservices.Showcase.Benchs/bin/Release/net10.0/Microservices.Showcase.Benchs-DefaultJob-1/publish/" in /home/master/coding/my.gitlab/csharp/Microservices.Showcase/bench/Microservices.Showcase.Benchs/bin/Release/net10.0/Microservices.Showcase.Benchs-DefaultJob-1
// command took 1.94 sec and exited with 0
// start dotnet  publish -c Release -r linux-x64 --no-restore --nodeReuse:false /p:UseSharedCompilation=false /p:Deterministic=true /p:Optimize=true /p:ArtifactsPath="/home/master/coding/my.gitlab/csharp/Microservices.Showcase/bench/Microservices.Showcase.Benchs/bin/Release/net10.0/Microservices.Showcase.Benchs-DefaultJob-1/" /p:OutDir="/home/master/coding/my.gitlab/csharp/Microservices.Showcase/bench/Microservices.Showcase.Benchs/bin/Release/net10.0/Microservices.Showcase.Benchs-DefaultJob-1/bin/Release/net10.0/linux-x64/publish/" /p:OutputPath="/home/master/coding/my.gitlab/csharp/Microservices.Showcase/bench/Microservices.Showcase.Benchs/bin/Release/net10.0/Microservices.Showcase.Benchs-DefaultJob-1/bin/Release/net10.0/linux-x64/publish/" /p:PublishDir="/home/master/coding/my.gitlab/csharp/Microservices.Showcase/bench/Microservices.Showcase.Benchs/bin/Release/net10.0/Microservices.Showcase.Benchs-DefaultJob-1/publish/" --output "/home/master/coding/my.gitlab/csharp/Microservices.Showcase/bench/Microservices.Showcase.Benchs/bin/Release/net10.0/Microservices.Showcase.Benchs-DefaultJob-1/bin/Release/net10.0/linux-x64/publish/" in /home/master/coding/my.gitlab/csharp/Microservices.Showcase/bench/Microservices.Showcase.Benchs/bin/Release/net10.0/Microservices.Showcase.Benchs-DefaultJob-1
// command took 73.54 sec and exited with 0
// ***** Done, took 00:01:15 (75.55 sec)   *****
// Found 4 benchmarks:
//   Str15Bench.ReadUnsafe: DefaultJob
//   Str15Bench.ReadSafe: DefaultJob
//   Str15Bench.ToLower: DefaultJob
//   Str15Bench.ManualToUpper: DefaultJob

// **************************
// Benchmark: Str15Bench.ReadUnsafe: DefaultJob
// *** Execute ***
// Launch: 1 / 1
// Execute: /home/master/coding/my.gitlab/csharp/Microservices.Showcase/bench/Microservices.Showcase.Benchs/bin/Release/net10.0/Microservices.Showcase.Benchs-DefaultJob-1/bin/Release/net10.0/linux-x64/publish/Microservices.Showcase.Benchs-DefaultJob-1 --anonymousPipes 108 109 --benchmarkName Microservices.Showcase.Benchmarks.Str15Bench.ReadUnsafe --job Default --benchmarkId 0 in 
// Failed to set up high priority (Permission denied). In order to run benchmarks with high priority, make sure you have the right permissions.
// BeforeAnythingElse

// Benchmark Process Environment Information:
// BenchmarkDotNet v0.15.8
// Runtime=.NET 10.0.4, X64 NativeAOT x86-64-v3
// GC=Concurrent Workstation
// HardwareIntrinsics=AVX2+BMI1+BMI2+F16C+FMA+LZCNT+MOVBE,AVX,SSE3+SSSE3+SSE4.1+SSE4.2+POPCNT,X86Base+SSE+SSE2,AES+PCLMUL VectorSize=256
// Job: DefaultJob

OverheadJitting  1: 1 op, 341.00 ns, 341.0000 ns/op
WorkloadJitting  1: 1 op, 6733.00 ns, 6.7330 us/op

OverheadJitting  2: 16 op, 471.00 ns, 29.4375 ns/op
WorkloadJitting  2: 16 op, 501.00 ns, 31.3125 ns/op

WorkloadPilot    1: 16 op, 270.00 ns, 16.8750 ns/op
WorkloadPilot    2: 32 op, 471.00 ns, 14.7188 ns/op
WorkloadPilot    3: 64 op, 651.00 ns, 10.1719 ns/op
WorkloadPilot    4: 128 op, 931.00 ns, 7.2734 ns/op
WorkloadPilot    5: 256 op, 1693.00 ns, 6.6133 ns/op
WorkloadPilot    6: 512 op, 3166.00 ns, 6.1836 ns/op
WorkloadPilot    7: 1024 op, 6081.00 ns, 5.9385 ns/op
WorkloadPilot    8: 2048 op, 12133.00 ns, 5.9243 ns/op
WorkloadPilot    9: 4096 op, 24346.00 ns, 5.9438 ns/op
WorkloadPilot   10: 8192 op, 48310.00 ns, 5.8972 ns/op
WorkloadPilot   11: 16384 op, 102372.00 ns, 6.2483 ns/op
WorkloadPilot   12: 32768 op, 199003.00 ns, 6.0731 ns/op
WorkloadPilot   13: 65536 op, 392786.00 ns, 5.9934 ns/op
WorkloadPilot   14: 131072 op, 766045.00 ns, 5.8445 ns/op
WorkloadPilot   15: 262144 op, 1554712.00 ns, 5.9308 ns/op
WorkloadPilot   16: 524288 op, 3137346.00 ns, 5.9840 ns/op
WorkloadPilot   17: 1048576 op, 6232514.00 ns, 5.9438 ns/op
WorkloadPilot   18: 2097152 op, 12558473.00 ns, 5.9883 ns/op
WorkloadPilot   19: 4194304 op, 26477363.00 ns, 6.3127 ns/op
WorkloadPilot   20: 8388608 op, 49808774.00 ns, 5.9377 ns/op
WorkloadPilot   21: 16777216 op, 100167208.00 ns, 5.9704 ns/op
WorkloadPilot   22: 33554432 op, 199950677.00 ns, 5.9590 ns/op
WorkloadPilot   23: 67108864 op, 398623491.00 ns, 5.9400 ns/op
WorkloadPilot   24: 134217728 op, 810519042.00 ns, 6.0388 ns/op

OverheadWarmup   1: 134217728 op, 134739213.00 ns, 1.0039 ns/op
OverheadWarmup   2: 134217728 op, 133264832.00 ns, 0.9929 ns/op
OverheadWarmup   3: 134217728 op, 132804209.00 ns, 0.9895 ns/op
OverheadWarmup   4: 134217728 op, 133187487.00 ns, 0.9923 ns/op
OverheadWarmup   5: 134217728 op, 133580082.00 ns, 0.9952 ns/op
OverheadWarmup   6: 134217728 op, 134509934.00 ns, 1.0022 ns/op
OverheadWarmup   7: 134217728 op, 134195085.00 ns, 0.9998 ns/op
OverheadWarmup   8: 134217728 op, 134683960.00 ns, 1.0035 ns/op
OverheadWarmup   9: 134217728 op, 133289629.00 ns, 0.9931 ns/op

OverheadActual   1: 134217728 op, 133566307.00 ns, 0.9951 ns/op
OverheadActual   2: 134217728 op, 137505635.00 ns, 1.0245 ns/op
OverheadActual   3: 134217728 op, 136062733.00 ns, 1.0137 ns/op
OverheadActual   4: 134217728 op, 132253108.00 ns, 0.9854 ns/op
OverheadActual   5: 134217728 op, 132830689.00 ns, 0.9897 ns/op
OverheadActual   6: 134217728 op, 133527795.00 ns, 0.9949 ns/op
OverheadActual   7: 134217728 op, 132706597.00 ns, 0.9887 ns/op
OverheadActual   8: 134217728 op, 133945047.00 ns, 0.9980 ns/op
OverheadActual   9: 134217728 op, 134941162.00 ns, 1.0054 ns/op
OverheadActual  10: 134217728 op, 132430770.00 ns, 0.9867 ns/op
OverheadActual  11: 134217728 op, 132030130.00 ns, 0.9837 ns/op
OverheadActual  12: 134217728 op, 132518564.00 ns, 0.9873 ns/op
OverheadActual  13: 134217728 op, 133008221.00 ns, 0.9910 ns/op
OverheadActual  14: 134217728 op, 132586833.00 ns, 0.9878 ns/op
OverheadActual  15: 134217728 op, 132655331.00 ns, 0.9884 ns/op

WorkloadWarmup   1: 134217728 op, 799187666.00 ns, 5.9544 ns/op
WorkloadWarmup   2: 134217728 op, 795644490.00 ns, 5.9280 ns/op
WorkloadWarmup   3: 134217728 op, 795538093.00 ns, 5.9272 ns/op
WorkloadWarmup   4: 134217728 op, 801982375.00 ns, 5.9752 ns/op
WorkloadWarmup   5: 134217728 op, 804527273.00 ns, 5.9942 ns/op
WorkloadWarmup   6: 134217728 op, 814200533.00 ns, 6.0663 ns/op
WorkloadWarmup   7: 134217728 op, 798651551.00 ns, 5.9504 ns/op
WorkloadWarmup   8: 134217728 op, 796120081.00 ns, 5.9316 ns/op
WorkloadWarmup   9: 134217728 op, 794406502.00 ns, 5.9188 ns/op
WorkloadWarmup  10: 134217728 op, 801107806.00 ns, 5.9687 ns/op
WorkloadWarmup  11: 134217728 op, 796261590.00 ns, 5.9326 ns/op

// BeforeActualRun
WorkloadActual   1: 134217728 op, 796692419.00 ns, 5.9358 ns/op
WorkloadActual   2: 134217728 op, 807476128.00 ns, 6.0162 ns/op
WorkloadActual   3: 134217728 op, 799443194.00 ns, 5.9563 ns/op
WorkloadActual   4: 134217728 op, 799598967.00 ns, 5.9575 ns/op
WorkloadActual   5: 134217728 op, 795582325.00 ns, 5.9276 ns/op
WorkloadActual   6: 134217728 op, 792721939.00 ns, 5.9062 ns/op
WorkloadActual   7: 134217728 op, 793540663.00 ns, 5.9123 ns/op
WorkloadActual   8: 134217728 op, 797072460.00 ns, 5.9387 ns/op
WorkloadActual   9: 134217728 op, 803863762.00 ns, 5.9893 ns/op
WorkloadActual  10: 134217728 op, 811014638.00 ns, 6.0425 ns/op
WorkloadActual  11: 134217728 op, 796339562.00 ns, 5.9332 ns/op
WorkloadActual  12: 134217728 op, 800574015.00 ns, 5.9647 ns/op
WorkloadActual  13: 134217728 op, 793604683.00 ns, 5.9128 ns/op
WorkloadActual  14: 134217728 op, 793103185.00 ns, 5.9091 ns/op
WorkloadActual  15: 134217728 op, 794119219.00 ns, 5.9166 ns/op

// AfterActualRun
WorkloadResult   1: 134217728 op, 663861730.00 ns, 4.9462 ns/op
WorkloadResult   2: 134217728 op, 674645439.00 ns, 5.0265 ns/op
WorkloadResult   3: 134217728 op, 666612505.00 ns, 4.9667 ns/op
WorkloadResult   4: 134217728 op, 666768278.00 ns, 4.9678 ns/op
WorkloadResult   5: 134217728 op, 662751636.00 ns, 4.9379 ns/op
WorkloadResult   6: 134217728 op, 659891250.00 ns, 4.9166 ns/op
WorkloadResult   7: 134217728 op, 660709974.00 ns, 4.9227 ns/op
WorkloadResult   8: 134217728 op, 664241771.00 ns, 4.9490 ns/op
WorkloadResult   9: 134217728 op, 671033073.00 ns, 4.9996 ns/op
WorkloadResult  10: 134217728 op, 663508873.00 ns, 4.9435 ns/op
WorkloadResult  11: 134217728 op, 667743326.00 ns, 4.9751 ns/op
WorkloadResult  12: 134217728 op, 660773994.00 ns, 4.9231 ns/op
WorkloadResult  13: 134217728 op, 660272496.00 ns, 4.9194 ns/op
WorkloadResult  14: 134217728 op, 661288530.00 ns, 4.9270 ns/op
// GC:  0 0 0 672 134217728
// Threading:  0 0 134217728

// AfterAll
// Benchmark Process 283747 has exited with code 0.

Mean = 4.951 ns, StdErr = 0.009 ns (0.18%), N = 14, StdDev = 0.033 ns
Min = 4.917 ns, Q1 = 4.924 ns, Median = 4.945 ns, Q3 = 4.968 ns, Max = 5.027 ns
IQR = 0.043 ns, LowerFence = 4.859 ns, UpperFence = 5.033 ns
ConfidenceInterval = [4.915 ns; 4.988 ns] (CI 99.9%), Margin = 0.037 ns (0.74% of Mean)
Skewness = 0.86, Kurtosis = 2.66, MValue = 2

// ** Remained 3 (75.0 %) benchmark(s) to run. Estimated finish 2026-03-16 19:42 (0h 1m from now) **
// **************************
// Benchmark: Str15Bench.ReadSafe: DefaultJob
// *** Execute ***
// Launch: 1 / 1
// Execute: /home/master/coding/my.gitlab/csharp/Microservices.Showcase/bench/Microservices.Showcase.Benchs/bin/Release/net10.0/Microservices.Showcase.Benchs-DefaultJob-1/bin/Release/net10.0/linux-x64/publish/Microservices.Showcase.Benchs-DefaultJob-1 --anonymousPipes 108 109 --benchmarkName Microservices.Showcase.Benchmarks.Str15Bench.ReadSafe --job Default --benchmarkId 1 in 
// Failed to set up high priority (Permission denied). In order to run benchmarks with high priority, make sure you have the right permissions.
// BeforeAnythingElse

// Benchmark Process Environment Information:
// BenchmarkDotNet v0.15.8
// Runtime=.NET 10.0.4, X64 NativeAOT x86-64-v3
// GC=Concurrent Workstation
// HardwareIntrinsics=AVX2+BMI1+BMI2+F16C+FMA+LZCNT+MOVBE,AVX,SSE3+SSSE3+SSE4.1+SSE4.2+POPCNT,X86Base+SSE+SSE2,AES+PCLMUL VectorSize=256
// Job: DefaultJob

OverheadJitting  1: 1 op, 160.00 ns, 160.0000 ns/op
WorkloadJitting  1: 1 op, 251.00 ns, 251.0000 ns/op

OverheadJitting  2: 16 op, 211.00 ns, 13.1875 ns/op
WorkloadJitting  2: 16 op, 341.00 ns, 21.3125 ns/op

WorkloadPilot    1: 16 op, 301.00 ns, 18.8125 ns/op
WorkloadPilot    2: 32 op, 390.00 ns, 12.1875 ns/op
WorkloadPilot    3: 64 op, 662.00 ns, 10.3438 ns/op
WorkloadPilot    4: 128 op, 1172.00 ns, 9.1563 ns/op
WorkloadPilot    5: 256 op, 2164.00 ns, 8.4531 ns/op
WorkloadPilot    6: 512 op, 4218.00 ns, 8.2383 ns/op
WorkloadPilot    7: 1024 op, 8245.00 ns, 8.0518 ns/op
WorkloadPilot    8: 2048 op, 16291.00 ns, 7.9546 ns/op
WorkloadPilot    9: 4096 op, 32000.00 ns, 7.8125 ns/op
WorkloadPilot   10: 8192 op, 65233.00 ns, 7.9630 ns/op
WorkloadPilot   11: 16384 op, 135514.00 ns, 8.2711 ns/op
WorkloadPilot   12: 32768 op, 290364.00 ns, 8.8612 ns/op
WorkloadPilot   13: 65536 op, 521397.00 ns, 7.9559 ns/op
WorkloadPilot   14: 131072 op, 1052983.00 ns, 8.0336 ns/op
WorkloadPilot   15: 262144 op, 2101035.00 ns, 8.0148 ns/op
WorkloadPilot   16: 524288 op, 4225925.00 ns, 8.0603 ns/op
WorkloadPilot   17: 1048576 op, 8436052.00 ns, 8.0452 ns/op
WorkloadPilot   18: 2097152 op, 16820346.00 ns, 8.0206 ns/op
WorkloadPilot   19: 4194304 op, 33582594.00 ns, 8.0067 ns/op
WorkloadPilot   20: 8388608 op, 67832748.00 ns, 8.0863 ns/op
WorkloadPilot   21: 16777216 op, 135494606.00 ns, 8.0761 ns/op
WorkloadPilot   22: 33554432 op, 269952110.00 ns, 8.0452 ns/op
WorkloadPilot   23: 67108864 op, 542129097.00 ns, 8.0784 ns/op

OverheadWarmup   1: 67108864 op, 65007205.00 ns, 0.9687 ns/op
OverheadWarmup   2: 67108864 op, 65198113.00 ns, 0.9715 ns/op
OverheadWarmup   3: 67108864 op, 65292289.00 ns, 0.9729 ns/op
OverheadWarmup   4: 67108864 op, 66033128.00 ns, 0.9840 ns/op
OverheadWarmup   5: 67108864 op, 66502998.00 ns, 0.9910 ns/op
OverheadWarmup   6: 67108864 op, 66458344.00 ns, 0.9903 ns/op
OverheadWarmup   7: 67108864 op, 66471769.00 ns, 0.9905 ns/op
OverheadWarmup   8: 67108864 op, 65919034.00 ns, 0.9823 ns/op

OverheadActual   1: 67108864 op, 65024108.00 ns, 0.9689 ns/op
OverheadActual   2: 67108864 op, 65768222.00 ns, 0.9800 ns/op
OverheadActual   3: 67108864 op, 65316455.00 ns, 0.9733 ns/op
OverheadActual   4: 67108864 op, 64906468.00 ns, 0.9672 ns/op
OverheadActual   5: 67108864 op, 65407486.00 ns, 0.9746 ns/op
OverheadActual   6: 67108864 op, 65326524.00 ns, 0.9734 ns/op
OverheadActual   7: 67108864 op, 65280006.00 ns, 0.9727 ns/op
OverheadActual   8: 67108864 op, 65301477.00 ns, 0.9731 ns/op
OverheadActual   9: 67108864 op, 65510889.00 ns, 0.9762 ns/op
OverheadActual  10: 67108864 op, 65331083.00 ns, 0.9735 ns/op
OverheadActual  11: 67108864 op, 65180500.00 ns, 0.9713 ns/op
OverheadActual  12: 67108864 op, 65274557.00 ns, 0.9727 ns/op
OverheadActual  13: 67108864 op, 66005025.00 ns, 0.9836 ns/op
OverheadActual  14: 67108864 op, 66169743.00 ns, 0.9860 ns/op
OverheadActual  15: 67108864 op, 66499331.00 ns, 0.9909 ns/op

WorkloadWarmup   1: 67108864 op, 544360499.00 ns, 8.1116 ns/op
WorkloadWarmup   2: 67108864 op, 538555067.00 ns, 8.0251 ns/op
WorkloadWarmup   3: 67108864 op, 537771960.00 ns, 8.0134 ns/op
WorkloadWarmup   4: 67108864 op, 537468141.00 ns, 8.0089 ns/op
WorkloadWarmup   5: 67108864 op, 538984122.00 ns, 8.0315 ns/op
WorkloadWarmup   6: 67108864 op, 541281165.00 ns, 8.0657 ns/op
WorkloadWarmup   7: 67108864 op, 544900556.00 ns, 8.1197 ns/op
WorkloadWarmup   8: 67108864 op, 545325351.00 ns, 8.1260 ns/op
WorkloadWarmup   9: 67108864 op, 548437653.00 ns, 8.1724 ns/op
WorkloadWarmup  10: 67108864 op, 543433298.00 ns, 8.0978 ns/op
WorkloadWarmup  11: 67108864 op, 539673077.00 ns, 8.0418 ns/op
WorkloadWarmup  12: 67108864 op, 547178686.00 ns, 8.1536 ns/op
WorkloadWarmup  13: 67108864 op, 567733038.00 ns, 8.4599 ns/op
WorkloadWarmup  14: 67108864 op, 543406863.00 ns, 8.0974 ns/op

// BeforeActualRun
WorkloadActual   1: 67108864 op, 538547991.00 ns, 8.0250 ns/op
WorkloadActual   2: 67108864 op, 538672185.00 ns, 8.0268 ns/op
WorkloadActual   3: 67108864 op, 544436833.00 ns, 8.1127 ns/op
WorkloadActual   4: 67108864 op, 547343218.00 ns, 8.1560 ns/op
WorkloadActual   5: 67108864 op, 539913893.00 ns, 8.0453 ns/op
WorkloadActual   6: 67108864 op, 541310760.00 ns, 8.0662 ns/op
WorkloadActual   7: 67108864 op, 541080739.00 ns, 8.0627 ns/op
WorkloadActual   8: 67108864 op, 562789564.00 ns, 8.3862 ns/op
WorkloadActual   9: 67108864 op, 562050591.00 ns, 8.3752 ns/op
WorkloadActual  10: 67108864 op, 541844272.00 ns, 8.0741 ns/op
WorkloadActual  11: 67108864 op, 538355708.00 ns, 8.0221 ns/op
WorkloadActual  12: 67108864 op, 540718444.00 ns, 8.0573 ns/op
WorkloadActual  13: 67108864 op, 538125037.00 ns, 8.0187 ns/op
WorkloadActual  14: 67108864 op, 538474141.00 ns, 8.0239 ns/op
WorkloadActual  15: 67108864 op, 541800663.00 ns, 8.0735 ns/op

// AfterActualRun
WorkloadResult   1: 67108864 op, 473221467.00 ns, 7.0515 ns/op
WorkloadResult   2: 67108864 op, 473345661.00 ns, 7.0534 ns/op
WorkloadResult   3: 67108864 op, 479110309.00 ns, 7.1393 ns/op
WorkloadResult   4: 67108864 op, 482016694.00 ns, 7.1826 ns/op
WorkloadResult   5: 67108864 op, 474587369.00 ns, 7.0719 ns/op
WorkloadResult   6: 67108864 op, 475984236.00 ns, 7.0927 ns/op
WorkloadResult   7: 67108864 op, 475754215.00 ns, 7.0893 ns/op
WorkloadResult   8: 67108864 op, 476517748.00 ns, 7.1007 ns/op
WorkloadResult   9: 67108864 op, 473029184.00 ns, 7.0487 ns/op
WorkloadResult  10: 67108864 op, 475391920.00 ns, 7.0839 ns/op
WorkloadResult  11: 67108864 op, 472798513.00 ns, 7.0452 ns/op
WorkloadResult  12: 67108864 op, 473147617.00 ns, 7.0504 ns/op
WorkloadResult  13: 67108864 op, 476474139.00 ns, 7.1000 ns/op
// GC:  0 0 0 672 67108864
// Threading:  0 0 67108864

// AfterAll
// Benchmark Process 283825 has exited with code 0.

Mean = 7.085 ns, StdErr = 0.011 ns (0.16%), N = 13, StdDev = 0.040 ns
Min = 7.045 ns, Q1 = 7.052 ns, Median = 7.084 ns, Q3 = 7.100 ns, Max = 7.183 ns
IQR = 0.048 ns, LowerFence = 6.979 ns, UpperFence = 7.173 ns
ConfidenceInterval = [7.037 ns; 7.134 ns] (CI 99.9%), Margin = 0.048 ns (0.68% of Mean)
Skewness = 1.01, Kurtosis = 3.13, MValue = 2

// ** Remained 2 (50.0 %) benchmark(s) to run. Estimated finish 2026-03-16 19:41 (0h 0m from now) **
// **************************
// Benchmark: Str15Bench.ToLower: DefaultJob
// *** Execute ***
// Launch: 1 / 1
// Execute: /home/master/coding/my.gitlab/csharp/Microservices.Showcase/bench/Microservices.Showcase.Benchs/bin/Release/net10.0/Microservices.Showcase.Benchs-DefaultJob-1/bin/Release/net10.0/linux-x64/publish/Microservices.Showcase.Benchs-DefaultJob-1 --anonymousPipes 108 109 --benchmarkName Microservices.Showcase.Benchmarks.Str15Bench.ToLower --job Default --benchmarkId 2 in 
// Failed to set up high priority (Permission denied). In order to run benchmarks with high priority, make sure you have the right permissions.
// BeforeAnythingElse

// Benchmark Process Environment Information:
// BenchmarkDotNet v0.15.8
// Runtime=.NET 10.0.4, X64 NativeAOT x86-64-v3
// GC=Concurrent Workstation
// HardwareIntrinsics=AVX2+BMI1+BMI2+F16C+FMA+LZCNT+MOVBE,AVX,SSE3+SSSE3+SSE4.1+SSE4.2+POPCNT,X86Base+SSE+SSE2,AES+PCLMUL VectorSize=256
// Job: DefaultJob

OverheadJitting  1: 1 op, 170.00 ns, 170.0000 ns/op
WorkloadJitting  1: 1 op, 6963.00 ns, 6.9630 us/op

OverheadJitting  2: 16 op, 211.00 ns, 13.1875 ns/op
WorkloadJitting  2: 16 op, 350.00 ns, 21.8750 ns/op

WorkloadPilot    1: 16 op, 281.00 ns, 17.5625 ns/op
WorkloadPilot    2: 32 op, 291.00 ns, 9.0938 ns/op
WorkloadPilot    3: 64 op, 351.00 ns, 5.4844 ns/op
WorkloadPilot    4: 128 op, 450.00 ns, 3.5156 ns/op
WorkloadPilot    5: 256 op, 641.00 ns, 2.5039 ns/op
WorkloadPilot    6: 512 op, 1122.00 ns, 2.1914 ns/op
WorkloadPilot    7: 1024 op, 1984.00 ns, 1.9375 ns/op
WorkloadPilot    8: 2048 op, 3777.00 ns, 1.8442 ns/op
WorkloadPilot    9: 4096 op, 7444.00 ns, 1.8174 ns/op
WorkloadPilot   10: 8192 op, 15148.00 ns, 1.8491 ns/op
WorkloadPilot   11: 16384 op, 28945.00 ns, 1.7667 ns/op
WorkloadPilot   12: 32768 op, 60884.00 ns, 1.8580 ns/op
WorkloadPilot   13: 65536 op, 114524.00 ns, 1.7475 ns/op
WorkloadPilot   14: 131072 op, 230362.00 ns, 1.7575 ns/op
WorkloadPilot   15: 262144 op, 516718.00 ns, 1.9711 ns/op
WorkloadPilot   16: 524288 op, 985135.00 ns, 1.8790 ns/op
WorkloadPilot   17: 1048576 op, 1856728.00 ns, 1.7707 ns/op
WorkloadPilot   18: 2097152 op, 3742099.00 ns, 1.7844 ns/op
WorkloadPilot   19: 4194304 op, 8828507.00 ns, 2.1049 ns/op
WorkloadPilot   20: 8388608 op, 16282209.00 ns, 1.9410 ns/op
WorkloadPilot   21: 16777216 op, 32701304.00 ns, 1.9491 ns/op
WorkloadPilot   22: 33554432 op, 64827772.00 ns, 1.9320 ns/op
WorkloadPilot   23: 67108864 op, 128171605.00 ns, 1.9099 ns/op
WorkloadPilot   24: 134217728 op, 252632409.00 ns, 1.8823 ns/op
WorkloadPilot   25: 268435456 op, 508573235.00 ns, 1.8946 ns/op

OverheadWarmup   1: 268435456 op, 263238416.00 ns, 0.9806 ns/op
OverheadWarmup   2: 268435456 op, 263734596.00 ns, 0.9825 ns/op
OverheadWarmup   3: 268435456 op, 268596934.00 ns, 1.0006 ns/op
OverheadWarmup   4: 268435456 op, 265104952.00 ns, 0.9876 ns/op
OverheadWarmup   5: 268435456 op, 263301785.00 ns, 0.9809 ns/op
OverheadWarmup   6: 268435456 op, 260269015.00 ns, 0.9696 ns/op
OverheadWarmup   7: 268435456 op, 259960246.00 ns, 0.9684 ns/op
OverheadWarmup   8: 268435456 op, 261121041.00 ns, 0.9728 ns/op
OverheadWarmup   9: 268435456 op, 260795852.00 ns, 0.9715 ns/op

OverheadActual   1: 268435456 op, 260615514.00 ns, 0.9709 ns/op
OverheadActual   2: 268435456 op, 260695614.00 ns, 0.9712 ns/op
OverheadActual   3: 268435456 op, 263380443.00 ns, 0.9812 ns/op
OverheadActual   4: 268435456 op, 262954747.00 ns, 0.9796 ns/op
OverheadActual   5: 268435456 op, 264047484.00 ns, 0.9837 ns/op
OverheadActual   6: 268435456 op, 262804726.00 ns, 0.9790 ns/op
OverheadActual   7: 268435456 op, 266106571.00 ns, 0.9913 ns/op
OverheadActual   8: 268435456 op, 266118654.00 ns, 0.9914 ns/op
OverheadActual   9: 268435456 op, 264605559.00 ns, 0.9857 ns/op
OverheadActual  10: 268435456 op, 261894572.00 ns, 0.9756 ns/op
OverheadActual  11: 268435456 op, 261511976.00 ns, 0.9742 ns/op
OverheadActual  12: 268435456 op, 261837565.00 ns, 0.9754 ns/op
OverheadActual  13: 268435456 op, 265066694.00 ns, 0.9875 ns/op
OverheadActual  14: 268435456 op, 265568123.00 ns, 0.9893 ns/op
OverheadActual  15: 268435456 op, 262298189.00 ns, 0.9771 ns/op

WorkloadWarmup   1: 268435456 op, 509048062.00 ns, 1.8964 ns/op
WorkloadWarmup   2: 268435456 op, 509300636.00 ns, 1.8973 ns/op
WorkloadWarmup   3: 268435456 op, 509004892.00 ns, 1.8962 ns/op
WorkloadWarmup   4: 268435456 op, 508702927.00 ns, 1.8951 ns/op
WorkloadWarmup   5: 268435456 op, 510949967.00 ns, 1.9034 ns/op
WorkloadWarmup   6: 268435456 op, 512349219.00 ns, 1.9086 ns/op
WorkloadWarmup   7: 268435456 op, 520422131.00 ns, 1.9387 ns/op
WorkloadWarmup   8: 268435456 op, 523357601.00 ns, 1.9497 ns/op
WorkloadWarmup   9: 268435456 op, 520755818.00 ns, 1.9400 ns/op

// BeforeActualRun
WorkloadActual   1: 268435456 op, 504940123.00 ns, 1.8810 ns/op
WorkloadActual   2: 268435456 op, 495910639.00 ns, 1.8474 ns/op
WorkloadActual   3: 268435456 op, 505798241.00 ns, 1.8842 ns/op
WorkloadActual   4: 268435456 op, 508236869.00 ns, 1.8933 ns/op
WorkloadActual   5: 268435456 op, 513467468.00 ns, 1.9128 ns/op
WorkloadActual   6: 268435456 op, 500359835.00 ns, 1.8640 ns/op
WorkloadActual   7: 268435456 op, 498022708.00 ns, 1.8553 ns/op
WorkloadActual   8: 268435456 op, 496556372.00 ns, 1.8498 ns/op
WorkloadActual   9: 268435456 op, 494030482.00 ns, 1.8404 ns/op
WorkloadActual  10: 268435456 op, 502163967.00 ns, 1.8707 ns/op
WorkloadActual  11: 268435456 op, 503143673.00 ns, 1.8744 ns/op
WorkloadActual  12: 268435456 op, 492056996.00 ns, 1.8331 ns/op
WorkloadActual  13: 268435456 op, 504121576.00 ns, 1.8780 ns/op
WorkloadActual  14: 268435456 op, 492408144.00 ns, 1.8344 ns/op
WorkloadActual  15: 268435456 op, 503544216.00 ns, 1.8758 ns/op

// AfterActualRun
WorkloadResult   1: 268435456 op, 241985376.00 ns, 0.9015 ns/op
WorkloadResult   2: 268435456 op, 232955892.00 ns, 0.8678 ns/op
WorkloadResult   3: 268435456 op, 242843494.00 ns, 0.9047 ns/op
WorkloadResult   4: 268435456 op, 245282122.00 ns, 0.9137 ns/op
WorkloadResult   5: 268435456 op, 250512721.00 ns, 0.9332 ns/op
WorkloadResult   6: 268435456 op, 237405088.00 ns, 0.8844 ns/op
WorkloadResult   7: 268435456 op, 235067961.00 ns, 0.8757 ns/op
WorkloadResult   8: 268435456 op, 233601625.00 ns, 0.8702 ns/op
WorkloadResult   9: 268435456 op, 231075735.00 ns, 0.8608 ns/op
WorkloadResult  10: 268435456 op, 239209220.00 ns, 0.8911 ns/op
WorkloadResult  11: 268435456 op, 240188926.00 ns, 0.8948 ns/op
WorkloadResult  12: 268435456 op, 229102249.00 ns, 0.8535 ns/op
WorkloadResult  13: 268435456 op, 241166829.00 ns, 0.8984 ns/op
WorkloadResult  14: 268435456 op, 229453397.00 ns, 0.8548 ns/op
WorkloadResult  15: 268435456 op, 240589469.00 ns, 0.8963 ns/op
// GC:  0 0 0 672 268435456
// Threading:  0 0 268435456

// AfterAll
// Benchmark Process 283854 has exited with code 0.

Mean = 0.887 ns, StdErr = 0.006 ns (0.66%), N = 15, StdDev = 0.023 ns
Min = 0.853 ns, Q1 = 0.869 ns, Median = 0.891 ns, Q3 = 0.900 ns, Max = 0.933 ns
IQR = 0.031 ns, LowerFence = 0.823 ns, UpperFence = 0.946 ns
ConfidenceInterval = [0.862 ns; 0.911 ns] (CI 99.9%), Margin = 0.024 ns (2.75% of Mean)
Skewness = 0.18, Kurtosis = 2.04, MValue = 2

// ** Remained 1 (25.0 %) benchmark(s) to run. Estimated finish 2026-03-16 19:41 (0h 0m from now) **
// **************************
// Benchmark: Str15Bench.ManualToUpper: DefaultJob
// *** Execute ***
// Launch: 1 / 1
// Execute: /home/master/coding/my.gitlab/csharp/Microservices.Showcase/bench/Microservices.Showcase.Benchs/bin/Release/net10.0/Microservices.Showcase.Benchs-DefaultJob-1/bin/Release/net10.0/linux-x64/publish/Microservices.Showcase.Benchs-DefaultJob-1 --anonymousPipes 108 109 --benchmarkName Microservices.Showcase.Benchmarks.Str15Bench.ManualToUpper --job Default --benchmarkId 3 in 
// Failed to set up high priority (Permission denied). In order to run benchmarks with high priority, make sure you have the right permissions.
// BeforeAnythingElse

// Benchmark Process Environment Information:
// BenchmarkDotNet v0.15.8
// Runtime=.NET 10.0.4, X64 NativeAOT x86-64-v3
// GC=Concurrent Workstation
// HardwareIntrinsics=AVX2+BMI1+BMI2+F16C+FMA+LZCNT+MOVBE,AVX,SSE3+SSSE3+SSE4.1+SSE4.2+POPCNT,X86Base+SSE+SSE2,AES+PCLMUL VectorSize=256
// Job: DefaultJob

OverheadJitting  1: 1 op, 241.00 ns, 241.0000 ns/op
WorkloadJitting  1: 1 op, 10210.00 ns, 10.2100 us/op

OverheadJitting  2: 16 op, 220.00 ns, 13.7500 ns/op
WorkloadJitting  2: 16 op, 521.00 ns, 32.5625 ns/op

WorkloadPilot    1: 16 op, 420.00 ns, 26.2500 ns/op
WorkloadPilot    2: 32 op, 772.00 ns, 24.1250 ns/op
WorkloadPilot    3: 64 op, 962.00 ns, 15.0313 ns/op
WorkloadPilot    4: 128 op, 1774.00 ns, 13.8594 ns/op
WorkloadPilot    5: 256 op, 3206.00 ns, 12.5234 ns/op
WorkloadPilot    6: 512 op, 6252.00 ns, 12.2109 ns/op
WorkloadPilot    7: 1024 op, 24837.00 ns, 24.2549 ns/op
WorkloadPilot    8: 2048 op, 23895.00 ns, 11.6675 ns/op
WorkloadPilot    9: 4096 op, 47809.00 ns, 11.6721 ns/op
WorkloadPilot   10: 8192 op, 96701.00 ns, 11.8043 ns/op
WorkloadPilot   11: 16384 op, 193682.00 ns, 11.8214 ns/op
WorkloadPilot   12: 32768 op, 387195.00 ns, 11.8163 ns/op
WorkloadPilot   13: 65536 op, 798385.00 ns, 12.1824 ns/op
WorkloadPilot   14: 131072 op, 1569611.00 ns, 11.9752 ns/op
WorkloadPilot   15: 262144 op, 3128510.00 ns, 11.9343 ns/op
WorkloadPilot   16: 524288 op, 6175959.00 ns, 11.7797 ns/op
WorkloadPilot   17: 1048576 op, 12496679.00 ns, 11.9178 ns/op
WorkloadPilot   18: 2097152 op, 24844108.00 ns, 11.8466 ns/op
WorkloadPilot   19: 4194304 op, 50223939.00 ns, 11.9743 ns/op
WorkloadPilot   20: 8388608 op, 99326568.00 ns, 11.8406 ns/op
WorkloadPilot   21: 16777216 op, 194657682.00 ns, 11.6025 ns/op
WorkloadPilot   22: 33554432 op, 397638936.00 ns, 11.8506 ns/op
WorkloadPilot   23: 67108864 op, 797194322.00 ns, 11.8791 ns/op

OverheadWarmup   1: 67108864 op, 64176245.00 ns, 0.9563 ns/op
OverheadWarmup   2: 67108864 op, 64882448.00 ns, 0.9668 ns/op
OverheadWarmup   3: 67108864 op, 64578839.00 ns, 0.9623 ns/op
OverheadWarmup   4: 67108864 op, 64429940.00 ns, 0.9601 ns/op
OverheadWarmup   5: 67108864 op, 68949717.00 ns, 1.0274 ns/op
OverheadWarmup   6: 67108864 op, 67864253.00 ns, 1.0113 ns/op

OverheadActual   1: 67108864 op, 66286107.00 ns, 0.9877 ns/op
OverheadActual   2: 67108864 op, 67617891.00 ns, 1.0076 ns/op
OverheadActual   3: 67108864 op, 67022586.00 ns, 0.9987 ns/op
OverheadActual   4: 67108864 op, 66670697.00 ns, 0.9935 ns/op
OverheadActual   5: 67108864 op, 65991826.00 ns, 0.9834 ns/op
OverheadActual   6: 67108864 op, 65186267.00 ns, 0.9714 ns/op
OverheadActual   7: 67108864 op, 65079828.00 ns, 0.9698 ns/op
OverheadActual   8: 67108864 op, 64868832.00 ns, 0.9666 ns/op
OverheadActual   9: 67108864 op, 64866167.00 ns, 0.9666 ns/op
OverheadActual  10: 67108864 op, 66981720.00 ns, 0.9981 ns/op
OverheadActual  11: 67108864 op, 65086389.00 ns, 0.9699 ns/op
OverheadActual  12: 67108864 op, 65417711.00 ns, 0.9748 ns/op
OverheadActual  13: 67108864 op, 64928154.00 ns, 0.9675 ns/op
OverheadActual  14: 67108864 op, 64592345.00 ns, 0.9625 ns/op
OverheadActual  15: 67108864 op, 66322867.00 ns, 0.9883 ns/op

WorkloadWarmup   1: 67108864 op, 814800495.00 ns, 12.1415 ns/op
WorkloadWarmup   2: 67108864 op, 810819309.00 ns, 12.0821 ns/op
WorkloadWarmup   3: 67108864 op, 803371990.00 ns, 11.9712 ns/op
WorkloadWarmup   4: 67108864 op, 803935076.00 ns, 11.9796 ns/op
WorkloadWarmup   5: 67108864 op, 806203897.00 ns, 12.0134 ns/op
WorkloadWarmup   6: 67108864 op, 808997933.00 ns, 12.0550 ns/op
WorkloadWarmup   7: 67108864 op, 817768613.00 ns, 12.1857 ns/op
WorkloadWarmup   8: 67108864 op, 818740626.00 ns, 12.2002 ns/op
WorkloadWarmup   9: 67108864 op, 804234354.00 ns, 11.9840 ns/op
WorkloadWarmup  10: 67108864 op, 806715162.00 ns, 12.0210 ns/op
WorkloadWarmup  11: 67108864 op, 809198275.00 ns, 12.0580 ns/op
WorkloadWarmup  12: 67108864 op, 804461012.00 ns, 11.9874 ns/op

// BeforeActualRun
WorkloadActual   1: 67108864 op, 812070077.00 ns, 12.1008 ns/op
WorkloadActual   2: 67108864 op, 807794119.00 ns, 12.0371 ns/op
WorkloadActual   3: 67108864 op, 803024566.00 ns, 11.9660 ns/op
WorkloadActual   4: 67108864 op, 807268647.00 ns, 12.0292 ns/op
WorkloadActual   5: 67108864 op, 801969693.00 ns, 11.9503 ns/op
WorkloadActual   6: 67108864 op, 804263600.00 ns, 11.9845 ns/op
WorkloadActual   7: 67108864 op, 810318314.00 ns, 12.0747 ns/op
WorkloadActual   8: 67108864 op, 806418390.00 ns, 12.0166 ns/op
WorkloadActual   9: 67108864 op, 807469059.00 ns, 12.0322 ns/op
WorkloadActual  10: 67108864 op, 801376288.00 ns, 11.9414 ns/op
WorkloadActual  11: 67108864 op, 800106971.00 ns, 11.9225 ns/op
WorkloadActual  12: 67108864 op, 804943703.00 ns, 11.9946 ns/op
WorkloadActual  13: 67108864 op, 802484377.00 ns, 11.9579 ns/op
WorkloadActual  14: 67108864 op, 807294258.00 ns, 12.0296 ns/op
WorkloadActual  15: 67108864 op, 816496708.00 ns, 12.1667 ns/op

// AfterActualRun
WorkloadResult   1: 67108864 op, 746652366.00 ns, 11.1260 ns/op
WorkloadResult   2: 67108864 op, 742376408.00 ns, 11.0623 ns/op
WorkloadResult   3: 67108864 op, 737606855.00 ns, 10.9912 ns/op
WorkloadResult   4: 67108864 op, 741850936.00 ns, 11.0544 ns/op
WorkloadResult   5: 67108864 op, 736551982.00 ns, 10.9755 ns/op
WorkloadResult   6: 67108864 op, 738845889.00 ns, 11.0097 ns/op
WorkloadResult   7: 67108864 op, 744900603.00 ns, 11.0999 ns/op
WorkloadResult   8: 67108864 op, 741000679.00 ns, 11.0418 ns/op
WorkloadResult   9: 67108864 op, 742051348.00 ns, 11.0574 ns/op
WorkloadResult  10: 67108864 op, 735958577.00 ns, 10.9666 ns/op
WorkloadResult  11: 67108864 op, 734689260.00 ns, 10.9477 ns/op
WorkloadResult  12: 67108864 op, 739525992.00 ns, 11.0198 ns/op
WorkloadResult  13: 67108864 op, 737066666.00 ns, 10.9831 ns/op
WorkloadResult  14: 67108864 op, 741876547.00 ns, 11.0548 ns/op
// GC:  0 0 0 672 67108864
// Threading:  0 0 67108864

// AfterAll
// Benchmark Process 283875 has exited with code 0.

Mean = 11.028 ns, StdErr = 0.014 ns (0.13%), N = 14, StdDev = 0.052 ns
Min = 10.948 ns, Q1 = 10.985 ns, Median = 11.031 ns, Q3 = 11.057 ns, Max = 11.126 ns
IQR = 0.072 ns, LowerFence = 10.878 ns, UpperFence = 11.164 ns
ConfidenceInterval = [10.969 ns; 11.087 ns] (CI 99.9%), Margin = 0.059 ns (0.53% of Mean)
Skewness = 0.2, Kurtosis = 1.87, MValue = 2

// ** Remained 0 (0.0 %) benchmark(s) to run. Estimated finish 2026-03-16 19:41 (0h 0m from now) **
// ***** BenchmarkRunner: Finish  *****

// * Export *
  BenchmarkDotNet.Artifacts/results/Microservices.Showcase.Benchmarks.Str15Bench-report.csv
  BenchmarkDotNet.Artifacts/results/Microservices.Showcase.Benchmarks.Str15Bench-report-github.md
  BenchmarkDotNet.Artifacts/results/Microservices.Showcase.Benchmarks.Str15Bench-report.html

// * Detailed results *
Str15Bench.ReadUnsafe: DefaultJob
Runtime = .NET 10.0.4, X64 NativeAOT x86-64-v3; GC = Concurrent Workstation
Mean = 4.951 ns, StdErr = 0.009 ns (0.18%), N = 14, StdDev = 0.033 ns
Min = 4.917 ns, Q1 = 4.924 ns, Median = 4.945 ns, Q3 = 4.968 ns, Max = 5.027 ns
IQR = 0.043 ns, LowerFence = 4.859 ns, UpperFence = 5.033 ns
ConfidenceInterval = [4.915 ns; 4.988 ns] (CI 99.9%), Margin = 0.037 ns (0.74% of Mean)
Skewness = 0.86, Kurtosis = 2.66, MValue = 2
-------------------- Histogram --------------------
[4.899 ns ; 5.044 ns) | @@@@@@@@@@@@@@
---------------------------------------------------

Str15Bench.ReadSafe: DefaultJob
Runtime = .NET 10.0.4, X64 NativeAOT x86-64-v3; GC = Concurrent Workstation
Mean = 7.085 ns, StdErr = 0.011 ns (0.16%), N = 13, StdDev = 0.040 ns
Min = 7.045 ns, Q1 = 7.052 ns, Median = 7.084 ns, Q3 = 7.100 ns, Max = 7.183 ns
IQR = 0.048 ns, LowerFence = 6.979 ns, UpperFence = 7.173 ns
ConfidenceInterval = [7.037 ns; 7.134 ns] (CI 99.9%), Margin = 0.048 ns (0.68% of Mean)
Skewness = 1.01, Kurtosis = 3.13, MValue = 2
-------------------- Histogram --------------------
[7.023 ns ; 7.205 ns) | @@@@@@@@@@@@@
---------------------------------------------------

Str15Bench.ToLower: DefaultJob
Runtime = .NET 10.0.4, X64 NativeAOT x86-64-v3; GC = Concurrent Workstation
Mean = 0.887 ns, StdErr = 0.006 ns (0.66%), N = 15, StdDev = 0.023 ns
Min = 0.853 ns, Q1 = 0.869 ns, Median = 0.891 ns, Q3 = 0.900 ns, Max = 0.933 ns
IQR = 0.031 ns, LowerFence = 0.823 ns, UpperFence = 0.946 ns
ConfidenceInterval = [0.862 ns; 0.911 ns] (CI 99.9%), Margin = 0.024 ns (2.75% of Mean)
Skewness = 0.18, Kurtosis = 2.04, MValue = 2
-------------------- Histogram --------------------
[0.852 ns ; 0.877 ns) | @@@@@@
[0.877 ns ; 0.907 ns) | @@@@@@@
[0.907 ns ; 0.936 ns) | @@
---------------------------------------------------

Str15Bench.ManualToUpper: DefaultJob
Runtime = .NET 10.0.4, X64 NativeAOT x86-64-v3; GC = Concurrent Workstation
Mean = 11.028 ns, StdErr = 0.014 ns (0.13%), N = 14, StdDev = 0.052 ns
Min = 10.948 ns, Q1 = 10.985 ns, Median = 11.031 ns, Q3 = 11.057 ns, Max = 11.126 ns
IQR = 0.072 ns, LowerFence = 10.878 ns, UpperFence = 11.164 ns
ConfidenceInterval = [10.969 ns; 11.087 ns] (CI 99.9%), Margin = 0.059 ns (0.53% of Mean)
Skewness = 0.2, Kurtosis = 1.87, MValue = 2
-------------------- Histogram --------------------
[10.926 ns ; 11.146 ns) | @@@@@@@@@@@@@@
---------------------------------------------------

// * Summary *

BenchmarkDotNet v0.15.8, Linux Ubuntu 24.04.4 LTS (Noble Numbat)
AMD Ryzen 7 6800H with Radeon Graphics 1.10GHz, 1 CPU, 16 logical and 8 physical cores
  [Host]     : .NET 10.0.4, X64 NativeAOT x86-64-v3
  DefaultJob : .NET 10.0.4, X64 NativeAOT x86-64-v3


| Method        | Categories | Mean       | Error     | StdDev    | Ratio | RatioSD | Allocated | Alloc Ratio |
|-------------- |----------- |-----------:|----------:|----------:|------:|--------:|----------:|------------:|
| ReadUnsafe    | Read       |  4.9515 ns | 0.0367 ns | 0.0325 ns |  1.00 |    0.01 |         - |          NA |
| ReadSafe      | Read       |  7.0854 ns | 0.0482 ns | 0.0402 ns |  1.43 |    0.01 |         - |          NA |
|               |            |            |           |           |       |         |           |             |
| ToLower       | ToLower    |  0.8867 ns | 0.0244 ns | 0.0228 ns |  1.00 |    0.04 |         - |          NA |
| ManualToUpper | ToLower    | 11.0279 ns | 0.0587 ns | 0.0520 ns | 12.44 |    0.31 |         - |          NA |

// * Hints *
Outliers
  Str15Bench.ReadUnsafe: Default    -> 1 outlier  was  removed (6.04 ns)
  Str15Bench.ReadSafe: Default      -> 2 outliers were removed (8.38 ns, 8.39 ns)
  Str15Bench.ManualToUpper: Default -> 1 outlier  was  removed (12.17 ns)

// * Legends *
  Categories  : All categories of the corresponded method, class, and assembly
  Mean        : Arithmetic mean of all measurements
  Error       : Half of 99.9% confidence interval
  StdDev      : Standard deviation of all measurements
  Ratio       : Mean of the ratio distribution ([Current]/[Baseline])
  RatioSD     : Standard deviation of the ratio distribution ([Current]/[Baseline])
  Allocated   : Allocated memory per single operation (managed only, inclusive, 1KB = 1024B)
  Alloc Ratio : Allocated memory ratio distribution ([Current]/[Baseline])
  1 ns        : 1 Nanosecond (0.000000001 sec)

// * Diagnostic Output - MemoryDiagnoser *


// ***** BenchmarkRunner: End *****
Run time: 00:01:31 (91.36 sec), executed benchmarks: 4

Global total time: 00:02:47 (167.07 sec), executed benchmarks: 4
// * Artifacts cleanup *
Artifacts cleanup is finished
