// Validating benchmarks:
// ***** BenchmarkRunner: Start   *****
// ***** Found 11 benchmark(s) in total *****
// ***** Building 1 exe(s) in Parallel: Start   *****
// start dotnet  restore -r linux-x64 --nodeReuse:false /p:UseSharedCompilation=false /p:Deterministic=true /p:Optimize=true /p:ArtifactsPath="/home/master/coding/my.gitlab/csharp/Microservices.Showcase/bench/Microservices.Showcase.Benchs/bin/Release/net10.0/Microservices.Showcase.Benchs-Job-PHKGVJ-1/" /p:OutDir="/home/master/coding/my.gitlab/csharp/Microservices.Showcase/bench/Microservices.Showcase.Benchs/bin/Release/net10.0/Microservices.Showcase.Benchs-Job-PHKGVJ-1/bin/Release/net10.0/linux-x64/publish/" /p:OutputPath="/home/master/coding/my.gitlab/csharp/Microservices.Showcase/bench/Microservices.Showcase.Benchs/bin/Release/net10.0/Microservices.Showcase.Benchs-Job-PHKGVJ-1/bin/Release/net10.0/linux-x64/publish/" /p:PublishDir="/home/master/coding/my.gitlab/csharp/Microservices.Showcase/bench/Microservices.Showcase.Benchs/bin/Release/net10.0/Microservices.Showcase.Benchs-Job-PHKGVJ-1/publish/" in /home/master/coding/my.gitlab/csharp/Microservices.Showcase/bench/Microservices.Showcase.Benchs/bin/Release/net10.0/Microservices.Showcase.Benchs-Job-PHKGVJ-1
// command took 0.91 sec and exited with 0
// start dotnet  publish -c Release -r linux-x64 --no-restore --nodeReuse:false /p:UseSharedCompilation=false /p:Deterministic=true /p:Optimize=true /p:ArtifactsPath="/home/master/coding/my.gitlab/csharp/Microservices.Showcase/bench/Microservices.Showcase.Benchs/bin/Release/net10.0/Microservices.Showcase.Benchs-Job-PHKGVJ-1/" /p:OutDir="/home/master/coding/my.gitlab/csharp/Microservices.Showcase/bench/Microservices.Showcase.Benchs/bin/Release/net10.0/Microservices.Showcase.Benchs-Job-PHKGVJ-1/bin/Release/net10.0/linux-x64/publish/" /p:OutputPath="/home/master/coding/my.gitlab/csharp/Microservices.Showcase/bench/Microservices.Showcase.Benchs/bin/Release/net10.0/Microservices.Showcase.Benchs-Job-PHKGVJ-1/bin/Release/net10.0/linux-x64/publish/" /p:PublishDir="/home/master/coding/my.gitlab/csharp/Microservices.Showcase/bench/Microservices.Showcase.Benchs/bin/Release/net10.0/Microservices.Showcase.Benchs-Job-PHKGVJ-1/publish/" --output "/home/master/coding/my.gitlab/csharp/Microservices.Showcase/bench/Microservices.Showcase.Benchs/bin/Release/net10.0/Microservices.Showcase.Benchs-Job-PHKGVJ-1/bin/Release/net10.0/linux-x64/publish/" in /home/master/coding/my.gitlab/csharp/Microservices.Showcase/bench/Microservices.Showcase.Benchs/bin/Release/net10.0/Microservices.Showcase.Benchs-Job-PHKGVJ-1
// command took 65.09 sec and exited with 0
// ***** Done, took 00:01:06 (66.08 sec)   *****
// Found 11 benchmarks:
//   Str16Bench.Str16_GetHashCode: Job-PHKGVJ(IterationCount=10, RunStrategy=Throughput, WarmupCount=5)
//   Str16Bench.HashCode_Vec128: Job-PHKGVJ(IterationCount=10, RunStrategy=Throughput, WarmupCount=5)
//   Str16Bench.HashCode_CombineTwoInt64: Job-PHKGVJ(IterationCount=10, RunStrategy=Throughput, WarmupCount=5)
//   Str16Bench.Str16_SseData: Job-PHKGVJ(IterationCount=10, RunStrategy=Throughput, WarmupCount=5)
//   Str16Bench.Str16_Span: Job-PHKGVJ(IterationCount=10, RunStrategy=Throughput, WarmupCount=5)
//   Str16Bench.Str16_FromBytesUnsafe: Job-PHKGVJ(IterationCount=10, RunStrategy=Throughput, WarmupCount=5)
//   Str16Bench.Str16_FromBytes: Job-PHKGVJ(IterationCount=10, RunStrategy=Throughput, WarmupCount=5)
//   Str16Bench.Str16_FromJsonUnsafe: Job-PHKGVJ(IterationCount=10, RunStrategy=Throughput, WarmupCount=5)
//   Str16Bench.Span_ReadFromJsonTillQuote: Job-PHKGVJ(IterationCount=10, RunStrategy=Throughput, WarmupCount=5)
//   Str16Bench.Str16_ToLower: Job-PHKGVJ(IterationCount=10, RunStrategy=Throughput, WarmupCount=5)
//   Str16Bench.ManualToLower: Job-PHKGVJ(IterationCount=10, RunStrategy=Throughput, WarmupCount=5)

// **************************
// Benchmark: Str16Bench.Str16_GetHashCode: Job-PHKGVJ(IterationCount=10, RunStrategy=Throughput, WarmupCount=5)
// *** Execute ***
// Launch: 1 / 1
// Execute: /home/master/coding/my.gitlab/csharp/Microservices.Showcase/bench/Microservices.Showcase.Benchs/bin/Release/net10.0/Microservices.Showcase.Benchs-Job-PHKGVJ-1/bin/Release/net10.0/linux-x64/publish/Microservices.Showcase.Benchs-Job-PHKGVJ-1 --anonymousPipes 117 118 --benchmarkName Microservices.Showcase.Benchmarks.Str16Bench.Str16_GetHashCode --job "IterationCount=10, RunStrategy=Throughput, WarmupCount=5" --benchmarkId 0 in 
// Failed to set up high priority (Permission denied). In order to run benchmarks with high priority, make sure you have the right permissions.
// BeforeAnythingElse

// Benchmark Process Environment Information:
// BenchmarkDotNet v0.15.8
// Runtime=.NET 10.0.4, X64 NativeAOT x86-64-v3
// GC=Concurrent Workstation
// HardwareIntrinsics=AVX2+BMI1+BMI2+F16C+FMA+LZCNT+MOVBE,AVX,SSE3+SSSE3+SSE4.1+SSE4.2+POPCNT,X86Base+SSE+SSE2,AES+PCLMUL VectorSize=256
// Job: Job-PHKGVJ(IterationCount=10, RunStrategy=Throughput, WarmupCount=5)

OverheadJitting  1: 1 op, 240.00 ns, 240.0000 ns/op
WorkloadJitting  1: 1 op, 6281.00 ns, 6.2810 us/op

OverheadJitting  2: 16 op, 211.00 ns, 13.1875 ns/op
WorkloadJitting  2: 16 op, 220.00 ns, 13.7500 ns/op

WorkloadPilot    1: 16 op, 211.00 ns, 13.1875 ns/op
WorkloadPilot    2: 32 op, 220.00 ns, 6.8750 ns/op
WorkloadPilot    3: 64 op, 271.00 ns, 4.2344 ns/op
WorkloadPilot    4: 128 op, 340.00 ns, 2.6563 ns/op
WorkloadPilot    5: 256 op, 731.00 ns, 2.8555 ns/op
WorkloadPilot    6: 512 op, 801.00 ns, 1.5645 ns/op
WorkloadPilot    7: 1024 op, 1393.00 ns, 1.3604 ns/op
WorkloadPilot    8: 2048 op, 2605.00 ns, 1.2720 ns/op
WorkloadPilot    9: 4096 op, 4969.00 ns, 1.2131 ns/op
WorkloadPilot   10: 8192 op, 9528.00 ns, 1.1631 ns/op
WorkloadPilot   11: 16384 op, 19436.00 ns, 1.1863 ns/op
WorkloadPilot   12: 32768 op, 37580.00 ns, 1.1469 ns/op
WorkloadPilot   13: 65536 op, 75972.00 ns, 1.1592 ns/op
WorkloadPilot   14: 131072 op, 154888.00 ns, 1.1817 ns/op
WorkloadPilot   15: 262144 op, 306121.00 ns, 1.1678 ns/op
WorkloadPilot   16: 524288 op, 635536.00 ns, 1.2122 ns/op
WorkloadPilot   17: 1048576 op, 1236236.00 ns, 1.1790 ns/op
WorkloadPilot   18: 2097152 op, 2425465.00 ns, 1.1566 ns/op
WorkloadPilot   19: 4194304 op, 5148516.00 ns, 1.2275 ns/op
WorkloadPilot   20: 8388608 op, 10200491.00 ns, 1.2160 ns/op
WorkloadPilot   21: 16777216 op, 20711391.00 ns, 1.2345 ns/op
WorkloadPilot   22: 33554432 op, 40733136.00 ns, 1.2139 ns/op
WorkloadPilot   23: 67108864 op, 83201830.00 ns, 1.2398 ns/op
WorkloadPilot   24: 134217728 op, 163557030.00 ns, 1.2186 ns/op
WorkloadPilot   25: 268435456 op, 326436444.00 ns, 1.2161 ns/op
WorkloadPilot   26: 536870912 op, 650267227.00 ns, 1.2112 ns/op

OverheadWarmup   1: 536870912 op, 525724017.00 ns, 0.9792 ns/op
OverheadWarmup   2: 536870912 op, 533632772.00 ns, 0.9940 ns/op
OverheadWarmup   3: 536870912 op, 527509478.00 ns, 0.9826 ns/op
OverheadWarmup   4: 536870912 op, 522239346.00 ns, 0.9727 ns/op
OverheadWarmup   5: 536870912 op, 521413295.00 ns, 0.9712 ns/op
OverheadWarmup   6: 536870912 op, 520636195.00 ns, 0.9698 ns/op
OverheadWarmup   7: 536870912 op, 521523281.00 ns, 0.9714 ns/op
OverheadWarmup   8: 536870912 op, 520902482.00 ns, 0.9703 ns/op

OverheadActual   1: 536870912 op, 522082374.00 ns, 0.9725 ns/op
OverheadActual   2: 536870912 op, 533100480.00 ns, 0.9930 ns/op
OverheadActual   3: 536870912 op, 526856401.00 ns, 0.9813 ns/op
OverheadActual   4: 536870912 op, 522515573.00 ns, 0.9733 ns/op
OverheadActual   5: 536870912 op, 527148266.00 ns, 0.9819 ns/op
OverheadActual   6: 536870912 op, 524312866.00 ns, 0.9766 ns/op
OverheadActual   7: 536870912 op, 525923090.00 ns, 0.9796 ns/op
OverheadActual   8: 536870912 op, 524452537.00 ns, 0.9769 ns/op
OverheadActual   9: 536870912 op, 523972571.00 ns, 0.9760 ns/op
OverheadActual  10: 536870912 op, 523394533.00 ns, 0.9749 ns/op
OverheadActual  11: 536870912 op, 524281458.00 ns, 0.9766 ns/op
OverheadActual  12: 536870912 op, 525276475.00 ns, 0.9784 ns/op
OverheadActual  13: 536870912 op, 521867745.00 ns, 0.9721 ns/op
OverheadActual  14: 536870912 op, 523132836.00 ns, 0.9744 ns/op
OverheadActual  15: 536870912 op, 523013192.00 ns, 0.9742 ns/op

WorkloadWarmup   1: 536870912 op, 653181289.00 ns, 1.2166 ns/op
WorkloadWarmup   2: 536870912 op, 651703392.00 ns, 1.2139 ns/op
WorkloadWarmup   3: 536870912 op, 649220329.00 ns, 1.2093 ns/op
WorkloadWarmup   4: 536870912 op, 652672150.00 ns, 1.2157 ns/op
WorkloadWarmup   5: 536870912 op, 650871410.00 ns, 1.2123 ns/op

// BeforeActualRun
WorkloadActual   1: 536870912 op, 654904565.00 ns, 1.2199 ns/op
WorkloadActual   2: 536870912 op, 653207178.00 ns, 1.2167 ns/op
WorkloadActual   3: 536870912 op, 654453273.00 ns, 1.2190 ns/op
WorkloadActual   4: 536870912 op, 650334579.00 ns, 1.2113 ns/op
WorkloadActual   5: 536870912 op, 650584787.00 ns, 1.2118 ns/op
WorkloadActual   6: 536870912 op, 648549520.00 ns, 1.2080 ns/op
WorkloadActual   7: 536870912 op, 648347062.00 ns, 1.2076 ns/op
WorkloadActual   8: 536870912 op, 647254173.00 ns, 1.2056 ns/op
WorkloadActual   9: 536870912 op, 654782960.00 ns, 1.2196 ns/op
WorkloadActual  10: 536870912 op, 644810054.00 ns, 1.2011 ns/op

// AfterActualRun
WorkloadResult   1: 536870912 op, 130623107.00 ns, 0.2433 ns/op
WorkloadResult   2: 536870912 op, 128925720.00 ns, 0.2401 ns/op
WorkloadResult   3: 536870912 op, 130171815.00 ns, 0.2425 ns/op
WorkloadResult   4: 536870912 op, 126053121.00 ns, 0.2348 ns/op
WorkloadResult   5: 536870912 op, 126303329.00 ns, 0.2353 ns/op
WorkloadResult   6: 536870912 op, 124268062.00 ns, 0.2315 ns/op
WorkloadResult   7: 536870912 op, 124065604.00 ns, 0.2311 ns/op
WorkloadResult   8: 536870912 op, 122972715.00 ns, 0.2291 ns/op
WorkloadResult   9: 536870912 op, 130501502.00 ns, 0.2431 ns/op
WorkloadResult  10: 536870912 op, 120528596.00 ns, 0.2245 ns/op
// GC:  0 0 0 672 536870912
// Threading:  0 0 536870912

// AfterAll
// Benchmark Process 327597 has exited with code 0.

Mean = 0.236 ns, StdErr = 0.002 ns (0.88%), N = 10, StdDev = 0.007 ns
Min = 0.225 ns, Q1 = 0.231 ns, Median = 0.235 ns, Q3 = 0.242 ns, Max = 0.243 ns
IQR = 0.011 ns, LowerFence = 0.215 ns, UpperFence = 0.258 ns
ConfidenceInterval = [0.226 ns; 0.245 ns] (CI 99.9%), Margin = 0.010 ns (4.21% of Mean)
Skewness = -0.15, Kurtosis = 1.45, MValue = 2

// ** Remained 10 (90.9 %) benchmark(s) to run. Estimated finish 2026-03-17 13:44 (0h 3m from now) **
// **************************
// Benchmark: Str16Bench.HashCode_Vec128: Job-PHKGVJ(IterationCount=10, RunStrategy=Throughput, WarmupCount=5)
// *** Execute ***
// Launch: 1 / 1
// Execute: /home/master/coding/my.gitlab/csharp/Microservices.Showcase/bench/Microservices.Showcase.Benchs/bin/Release/net10.0/Microservices.Showcase.Benchs-Job-PHKGVJ-1/bin/Release/net10.0/linux-x64/publish/Microservices.Showcase.Benchs-Job-PHKGVJ-1 --anonymousPipes 117 118 --benchmarkName Microservices.Showcase.Benchmarks.Str16Bench.HashCode_Vec128 --job "IterationCount=10, RunStrategy=Throughput, WarmupCount=5" --benchmarkId 1 in 
// Failed to set up high priority (Permission denied). In order to run benchmarks with high priority, make sure you have the right permissions.
// BeforeAnythingElse

// Benchmark Process Environment Information:
// BenchmarkDotNet v0.15.8
// Runtime=.NET 10.0.4, X64 NativeAOT x86-64-v3
// GC=Concurrent Workstation
// HardwareIntrinsics=AVX2+BMI1+BMI2+F16C+FMA+LZCNT+MOVBE,AVX,SSE3+SSSE3+SSE4.1+SSE4.2+POPCNT,X86Base+SSE+SSE2,AES+PCLMUL VectorSize=256
// Job: Job-PHKGVJ(IterationCount=10, RunStrategy=Throughput, WarmupCount=5)

OverheadJitting  1: 1 op, 271.00 ns, 271.0000 ns/op
WorkloadJitting  1: 1 op, 7985.00 ns, 7.9850 us/op

OverheadJitting  2: 16 op, 211.00 ns, 13.1875 ns/op
WorkloadJitting  2: 16 op, 1062.00 ns, 66.3750 ns/op

WorkloadPilot    1: 16 op, 1022.00 ns, 63.8750 ns/op
WorkloadPilot    2: 32 op, 1723.00 ns, 53.8438 ns/op
WorkloadPilot    3: 64 op, 3086.00 ns, 48.2188 ns/op
WorkloadPilot    4: 128 op, 5921.00 ns, 46.2578 ns/op
WorkloadPilot    5: 256 op, 11432.00 ns, 44.6563 ns/op
WorkloadPilot    6: 512 op, 22572.00 ns, 44.0859 ns/op
WorkloadPilot    7: 1024 op, 44883.00 ns, 43.8311 ns/op
WorkloadPilot    8: 2048 op, 89667.00 ns, 43.7827 ns/op
WorkloadPilot    9: 4096 op, 179004.00 ns, 43.7021 ns/op
WorkloadPilot   10: 8192 op, 363949.00 ns, 44.4274 ns/op
WorkloadPilot   11: 16384 op, 719151.00 ns, 43.8935 ns/op
WorkloadPilot   12: 32768 op, 1448232.00 ns, 44.1965 ns/op
WorkloadPilot   13: 65536 op, 2949162.00 ns, 45.0006 ns/op
WorkloadPilot   14: 131072 op, 5899637.00 ns, 45.0107 ns/op
WorkloadPilot   15: 262144 op, 11757546.00 ns, 44.8515 ns/op
WorkloadPilot   16: 524288 op, 23419374.00 ns, 44.6689 ns/op
WorkloadPilot   17: 1048576 op, 46733893.00 ns, 44.5689 ns/op
WorkloadPilot   18: 2097152 op, 93950686.00 ns, 44.7992 ns/op
WorkloadPilot   19: 4194304 op, 186251352.00 ns, 44.4058 ns/op
WorkloadPilot   20: 8388608 op, 372724880.00 ns, 44.4323 ns/op
WorkloadPilot   21: 16777216 op, 746316537.00 ns, 44.4839 ns/op

OverheadWarmup   1: 16777216 op, 16351597.00 ns, 0.9746 ns/op
OverheadWarmup   2: 16777216 op, 16568362.00 ns, 0.9876 ns/op
OverheadWarmup   3: 16777216 op, 16432469.00 ns, 0.9795 ns/op
OverheadWarmup   4: 16777216 op, 16432178.00 ns, 0.9794 ns/op
OverheadWarmup   5: 16777216 op, 16497420.00 ns, 0.9833 ns/op
OverheadWarmup   6: 16777216 op, 16449009.00 ns, 0.9804 ns/op

OverheadActual   1: 16777216 op, 16509252.00 ns, 0.9840 ns/op
OverheadActual   2: 16777216 op, 16394077.00 ns, 0.9772 ns/op
OverheadActual   3: 16777216 op, 16500525.00 ns, 0.9835 ns/op
OverheadActual   4: 16777216 op, 16438830.00 ns, 0.9798 ns/op
OverheadActual   5: 16777216 op, 16447787.00 ns, 0.9804 ns/op
OverheadActual   6: 16777216 op, 16432218.00 ns, 0.9794 ns/op
OverheadActual   7: 16777216 op, 16439542.00 ns, 0.9799 ns/op
OverheadActual   8: 16777216 op, 16456564.00 ns, 0.9809 ns/op
OverheadActual   9: 16777216 op, 16465360.00 ns, 0.9814 ns/op
OverheadActual  10: 16777216 op, 16472122.00 ns, 0.9818 ns/op
OverheadActual  11: 16777216 op, 16491529.00 ns, 0.9830 ns/op
OverheadActual  12: 16777216 op, 16453708.00 ns, 0.9807 ns/op
OverheadActual  13: 16777216 op, 16474687.00 ns, 0.9820 ns/op
OverheadActual  14: 16777216 op, 16487261.00 ns, 0.9827 ns/op
OverheadActual  15: 16777216 op, 16449039.00 ns, 0.9804 ns/op

WorkloadWarmup   1: 16777216 op, 746260122.00 ns, 44.4806 ns/op
WorkloadWarmup   2: 16777216 op, 744304995.00 ns, 44.3640 ns/op
WorkloadWarmup   3: 16777216 op, 744869458.00 ns, 44.3977 ns/op
WorkloadWarmup   4: 16777216 op, 744848078.00 ns, 44.3964 ns/op
WorkloadWarmup   5: 16777216 op, 745786790.00 ns, 44.4524 ns/op

// BeforeActualRun
WorkloadActual   1: 16777216 op, 745280787.00 ns, 44.4222 ns/op
WorkloadActual   2: 16777216 op, 752981654.00 ns, 44.8812 ns/op
WorkloadActual   3: 16777216 op, 743329367.00 ns, 44.3059 ns/op
WorkloadActual   4: 16777216 op, 748420956.00 ns, 44.6094 ns/op
WorkloadActual   5: 16777216 op, 768751147.00 ns, 45.8211 ns/op
WorkloadActual   6: 16777216 op, 760513087.00 ns, 45.3301 ns/op
WorkloadActual   7: 16777216 op, 748808150.00 ns, 44.6324 ns/op
WorkloadActual   8: 16777216 op, 749469633.00 ns, 44.6719 ns/op
WorkloadActual   9: 16777216 op, 745047473.00 ns, 44.4083 ns/op
WorkloadActual  10: 16777216 op, 742482899.00 ns, 44.2554 ns/op

// AfterActualRun
WorkloadResult   1: 16777216 op, 728824223.00 ns, 43.4413 ns/op
WorkloadResult   2: 16777216 op, 736525090.00 ns, 43.9003 ns/op
WorkloadResult   3: 16777216 op, 726872803.00 ns, 43.3250 ns/op
WorkloadResult   4: 16777216 op, 731964392.00 ns, 43.6285 ns/op
WorkloadResult   5: 16777216 op, 744056523.00 ns, 44.3492 ns/op
WorkloadResult   6: 16777216 op, 732351586.00 ns, 43.6516 ns/op
WorkloadResult   7: 16777216 op, 733013069.00 ns, 43.6910 ns/op
WorkloadResult   8: 16777216 op, 728590909.00 ns, 43.4274 ns/op
WorkloadResult   9: 16777216 op, 726026335.00 ns, 43.2745 ns/op
// GC:  0 0 0 672 16777216
// Threading:  0 0 16777216

// AfterAll
// Benchmark Process 327622 has exited with code 0.

Mean = 43.632 ns, StdErr = 0.111 ns (0.25%), N = 9, StdDev = 0.334 ns
Min = 43.275 ns, Q1 = 43.427 ns, Median = 43.628 ns, Q3 = 43.691 ns, Max = 44.349 ns
IQR = 0.264 ns, LowerFence = 43.032 ns, UpperFence = 44.086 ns
ConfidenceInterval = [43.071 ns; 44.193 ns] (CI 99.9%), Margin = 0.561 ns (1.28% of Mean)
Skewness = 0.89, Kurtosis = 2.67, MValue = 2

// ** Remained 9 (81.8 %) benchmark(s) to run. Estimated finish 2026-03-17 13:43 (0h 2m from now) **
// **************************
// Benchmark: Str16Bench.HashCode_CombineTwoInt64: Job-PHKGVJ(IterationCount=10, RunStrategy=Throughput, WarmupCount=5)
// *** Execute ***
// Launch: 1 / 1
// Execute: /home/master/coding/my.gitlab/csharp/Microservices.Showcase/bench/Microservices.Showcase.Benchs/bin/Release/net10.0/Microservices.Showcase.Benchs-Job-PHKGVJ-1/bin/Release/net10.0/linux-x64/publish/Microservices.Showcase.Benchs-Job-PHKGVJ-1 --anonymousPipes 117 118 --benchmarkName Microservices.Showcase.Benchmarks.Str16Bench.HashCode_CombineTwoInt64 --job "IterationCount=10, RunStrategy=Throughput, WarmupCount=5" --benchmarkId 2 in 
// Failed to set up high priority (Permission denied). In order to run benchmarks with high priority, make sure you have the right permissions.
// BeforeAnythingElse

// Benchmark Process Environment Information:
// BenchmarkDotNet v0.15.8
// Runtime=.NET 10.0.4, X64 NativeAOT x86-64-v3
// GC=Concurrent Workstation
// HardwareIntrinsics=AVX2+BMI1+BMI2+F16C+FMA+LZCNT+MOVBE,AVX,SSE3+SSSE3+SSE4.1+SSE4.2+POPCNT,X86Base+SSE+SSE2,AES+PCLMUL VectorSize=256
// Job: Job-PHKGVJ(IterationCount=10, RunStrategy=Throughput, WarmupCount=5)

OverheadJitting  1: 1 op, 191.00 ns, 191.0000 ns/op
WorkloadJitting  1: 1 op, 9357.00 ns, 9.3570 us/op

OverheadJitting  2: 16 op, 201.00 ns, 12.5625 ns/op
WorkloadJitting  2: 16 op, 270.00 ns, 16.8750 ns/op

WorkloadPilot    1: 16 op, 240.00 ns, 15.0000 ns/op
WorkloadPilot    2: 32 op, 351.00 ns, 10.9688 ns/op
WorkloadPilot    3: 64 op, 611.00 ns, 9.5469 ns/op
WorkloadPilot    4: 128 op, 1022.00 ns, 7.9844 ns/op
WorkloadPilot    5: 256 op, 1834.00 ns, 7.1641 ns/op
WorkloadPilot    6: 512 op, 3577.00 ns, 6.9863 ns/op
WorkloadPilot    7: 1024 op, 14106.00 ns, 13.7754 ns/op
WorkloadPilot    8: 2048 op, 13836.00 ns, 6.7559 ns/op
WorkloadPilot    9: 4096 op, 27612.00 ns, 6.7412 ns/op
WorkloadPilot   10: 8192 op, 55554.00 ns, 6.7815 ns/op
WorkloadPilot   11: 16384 op, 115595.00 ns, 7.0554 ns/op
WorkloadPilot   12: 32768 op, 224830.00 ns, 6.8613 ns/op
WorkloadPilot   13: 65536 op, 444169.00 ns, 6.7775 ns/op
WorkloadPilot   14: 131072 op, 885642.00 ns, 6.7569 ns/op
WorkloadPilot   15: 262144 op, 1959015.00 ns, 7.4730 ns/op
WorkloadPilot   16: 524288 op, 3613161.00 ns, 6.8916 ns/op
WorkloadPilot   17: 1048576 op, 7216865.00 ns, 6.8825 ns/op
WorkloadPilot   18: 2097152 op, 14995117.00 ns, 7.1502 ns/op
WorkloadPilot   19: 4194304 op, 28024506.00 ns, 6.6816 ns/op
WorkloadPilot   20: 8388608 op, 56378617.00 ns, 6.7209 ns/op
WorkloadPilot   21: 16777216 op, 112554416.00 ns, 6.7088 ns/op
WorkloadPilot   22: 33554432 op, 222999296.00 ns, 6.6459 ns/op
WorkloadPilot   23: 67108864 op, 446110801.00 ns, 6.6476 ns/op
WorkloadPilot   24: 134217728 op, 891534059.00 ns, 6.6424 ns/op

OverheadWarmup   1: 134217728 op, 128214262.00 ns, 0.9553 ns/op
OverheadWarmup   2: 134217728 op, 128560409.00 ns, 0.9578 ns/op
OverheadWarmup   3: 134217728 op, 129103452.00 ns, 0.9619 ns/op
OverheadWarmup   4: 134217728 op, 128742409.00 ns, 0.9592 ns/op
OverheadWarmup   5: 134217728 op, 129011079.00 ns, 0.9612 ns/op
OverheadWarmup   6: 134217728 op, 129207386.00 ns, 0.9627 ns/op
OverheadWarmup   7: 134217728 op, 129316870.00 ns, 0.9635 ns/op
OverheadWarmup   8: 134217728 op, 131308907.00 ns, 0.9783 ns/op
OverheadWarmup   9: 134217728 op, 129943860.00 ns, 0.9682 ns/op

OverheadActual   1: 134217728 op, 130006036.00 ns, 0.9686 ns/op
OverheadActual   2: 134217728 op, 130337504.00 ns, 0.9711 ns/op
OverheadActual   3: 134217728 op, 129764084.00 ns, 0.9668 ns/op
OverheadActual   4: 134217728 op, 130650208.00 ns, 0.9734 ns/op
OverheadActual   5: 134217728 op, 130150746.00 ns, 0.9697 ns/op
OverheadActual   6: 134217728 op, 129522404.00 ns, 0.9650 ns/op
OverheadActual   7: 134217728 op, 130721411.00 ns, 0.9740 ns/op
OverheadActual   8: 134217728 op, 129685769.00 ns, 0.9662 ns/op
OverheadActual   9: 134217728 op, 130923808.00 ns, 0.9755 ns/op
OverheadActual  10: 134217728 op, 129346035.00 ns, 0.9637 ns/op
OverheadActual  11: 134217728 op, 129703792.00 ns, 0.9664 ns/op
OverheadActual  12: 134217728 op, 130405281.00 ns, 0.9716 ns/op
OverheadActual  13: 134217728 op, 129867718.00 ns, 0.9676 ns/op
OverheadActual  14: 134217728 op, 129757062.00 ns, 0.9668 ns/op
OverheadActual  15: 134217728 op, 129546088.00 ns, 0.9652 ns/op

WorkloadWarmup   1: 134217728 op, 895575250.00 ns, 6.6726 ns/op
WorkloadWarmup   2: 134217728 op, 891180841.00 ns, 6.6398 ns/op
WorkloadWarmup   3: 134217728 op, 897350884.00 ns, 6.6858 ns/op
WorkloadWarmup   4: 134217728 op, 891777997.00 ns, 6.6443 ns/op
WorkloadWarmup   5: 134217728 op, 892373227.00 ns, 6.6487 ns/op

// BeforeActualRun
WorkloadActual   1: 134217728 op, 900715723.00 ns, 6.7109 ns/op
WorkloadActual   2: 134217728 op, 894788946.00 ns, 6.6667 ns/op
WorkloadActual   3: 134217728 op, 891339380.00 ns, 6.6410 ns/op
WorkloadActual   4: 134217728 op, 890909558.00 ns, 6.6378 ns/op
WorkloadActual   5: 134217728 op, 890721688.00 ns, 6.6364 ns/op
WorkloadActual   6: 134217728 op, 889713297.00 ns, 6.6289 ns/op
WorkloadActual   7: 134217728 op, 889700223.00 ns, 6.6288 ns/op
WorkloadActual   8: 134217728 op, 891152733.00 ns, 6.6396 ns/op
WorkloadActual   9: 134217728 op, 890487664.00 ns, 6.6347 ns/op
WorkloadActual  10: 134217728 op, 895287068.00 ns, 6.6704 ns/op

// AfterActualRun
WorkloadResult   1: 134217728 op, 764921228.00 ns, 5.6991 ns/op
WorkloadResult   2: 134217728 op, 761471662.00 ns, 5.6734 ns/op
WorkloadResult   3: 134217728 op, 761041840.00 ns, 5.6702 ns/op
WorkloadResult   4: 134217728 op, 760853970.00 ns, 5.6688 ns/op
WorkloadResult   5: 134217728 op, 759845579.00 ns, 5.6613 ns/op
WorkloadResult   6: 134217728 op, 759832505.00 ns, 5.6612 ns/op
WorkloadResult   7: 134217728 op, 761285015.00 ns, 5.6720 ns/op
WorkloadResult   8: 134217728 op, 760619946.00 ns, 5.6671 ns/op
WorkloadResult   9: 134217728 op, 765419350.00 ns, 5.7028 ns/op
// GC:  0 0 0 672 134217728
// Threading:  0 0 134217728

// AfterAll
// Benchmark Process 327635 has exited with code 0.

Mean = 5.675 ns, StdErr = 0.005 ns (0.09%), N = 9, StdDev = 0.015 ns
Min = 5.661 ns, Q1 = 5.667 ns, Median = 5.670 ns, Q3 = 5.673 ns, Max = 5.703 ns
IQR = 0.006 ns, LowerFence = 5.658 ns, UpperFence = 5.683 ns
ConfidenceInterval = [5.649 ns; 5.701 ns] (CI 99.9%), Margin = 0.026 ns (0.45% of Mean)
Skewness = 0.9, Kurtosis = 2.04, MValue = 2

// ** Remained 8 (72.7 %) benchmark(s) to run. Estimated finish 2026-03-17 13:43 (0h 2m from now) **
// **************************
// Benchmark: Str16Bench.Str16_SseData: Job-PHKGVJ(IterationCount=10, RunStrategy=Throughput, WarmupCount=5)
// *** Execute ***
// Launch: 1 / 1
// Execute: /home/master/coding/my.gitlab/csharp/Microservices.Showcase/bench/Microservices.Showcase.Benchs/bin/Release/net10.0/Microservices.Showcase.Benchs-Job-PHKGVJ-1/bin/Release/net10.0/linux-x64/publish/Microservices.Showcase.Benchs-Job-PHKGVJ-1 --anonymousPipes 117 118 --benchmarkName Microservices.Showcase.Benchmarks.Str16Bench.Str16_SseData --job "IterationCount=10, RunStrategy=Throughput, WarmupCount=5" --benchmarkId 3 in 
// Failed to set up high priority (Permission denied). In order to run benchmarks with high priority, make sure you have the right permissions.
// BeforeAnythingElse

// Benchmark Process Environment Information:
// BenchmarkDotNet v0.15.8
// Runtime=.NET 10.0.4, X64 NativeAOT x86-64-v3
// GC=Concurrent Workstation
// HardwareIntrinsics=AVX2+BMI1+BMI2+F16C+FMA+LZCNT+MOVBE,AVX,SSE3+SSSE3+SSE4.1+SSE4.2+POPCNT,X86Base+SSE+SSE2,AES+PCLMUL VectorSize=256
// Job: Job-PHKGVJ(IterationCount=10, RunStrategy=Throughput, WarmupCount=5)

OverheadJitting  1: 1 op, 191.00 ns, 191.0000 ns/op
WorkloadJitting  1: 1 op, 27421.00 ns, 27.4210 us/op

OverheadJitting  2: 16 op, 220.00 ns, 13.7500 ns/op
WorkloadJitting  2: 16 op, 230.00 ns, 14.3750 ns/op

WorkloadPilot    1: 16 op, 210.00 ns, 13.1250 ns/op
WorkloadPilot    2: 32 op, 241.00 ns, 7.5313 ns/op
WorkloadPilot    3: 64 op, 280.00 ns, 4.3750 ns/op
WorkloadPilot    4: 128 op, 381.00 ns, 2.9766 ns/op
WorkloadPilot    5: 256 op, 521.00 ns, 2.0352 ns/op
WorkloadPilot    6: 512 op, 821.00 ns, 1.6035 ns/op
WorkloadPilot    7: 1024 op, 1413.00 ns, 1.3799 ns/op
WorkloadPilot    8: 2048 op, 2645.00 ns, 1.2915 ns/op
WorkloadPilot    9: 4096 op, 5120.00 ns, 1.2500 ns/op
WorkloadPilot   10: 8192 op, 10068.00 ns, 1.2290 ns/op
WorkloadPilot   11: 16384 op, 19817.00 ns, 1.2095 ns/op
WorkloadPilot   12: 32768 op, 39444.00 ns, 1.2037 ns/op
WorkloadPilot   13: 65536 op, 78647.00 ns, 1.2001 ns/op
WorkloadPilot   14: 131072 op, 157113.00 ns, 1.1987 ns/op
WorkloadPilot   15: 262144 op, 314006.00 ns, 1.1978 ns/op
WorkloadPilot   16: 524288 op, 944112.00 ns, 1.8008 ns/op
WorkloadPilot   17: 1048576 op, 1258207.00 ns, 1.1999 ns/op
WorkloadPilot   18: 2097152 op, 2499854.00 ns, 1.1920 ns/op
WorkloadPilot   19: 4194304 op, 5068887.00 ns, 1.2085 ns/op
WorkloadPilot   20: 8388608 op, 10858990.00 ns, 1.2945 ns/op
WorkloadPilot   21: 16777216 op, 20926563.00 ns, 1.2473 ns/op
WorkloadPilot   22: 33554432 op, 41728474.00 ns, 1.2436 ns/op
WorkloadPilot   23: 67108864 op, 82930476.00 ns, 1.2358 ns/op
WorkloadPilot   24: 134217728 op, 166415437.00 ns, 1.2399 ns/op
WorkloadPilot   25: 268435456 op, 328397373.00 ns, 1.2234 ns/op
WorkloadPilot   26: 536870912 op, 658177475.00 ns, 1.2260 ns/op

OverheadWarmup   1: 536870912 op, 500685167.00 ns, 0.9326 ns/op
OverheadWarmup   2: 536870912 op, 501908359.00 ns, 0.9349 ns/op
OverheadWarmup   3: 536870912 op, 501887901.00 ns, 0.9348 ns/op
OverheadWarmup   4: 536870912 op, 506207761.00 ns, 0.9429 ns/op
OverheadWarmup   5: 536870912 op, 503128295.00 ns, 0.9371 ns/op

OverheadActual   1: 536870912 op, 501294965.00 ns, 0.9337 ns/op
OverheadActual   2: 536870912 op, 501917226.00 ns, 0.9349 ns/op
OverheadActual   3: 536870912 op, 501122122.00 ns, 0.9334 ns/op
OverheadActual   4: 536870912 op, 501617898.00 ns, 0.9343 ns/op
OverheadActual   5: 536870912 op, 504839648.00 ns, 0.9403 ns/op
OverheadActual   6: 536870912 op, 505195563.00 ns, 0.9410 ns/op
OverheadActual   7: 536870912 op, 503015024.00 ns, 0.9369 ns/op
OverheadActual   8: 536870912 op, 503077251.00 ns, 0.9371 ns/op
OverheadActual   9: 536870912 op, 504036200.00 ns, 0.9388 ns/op
OverheadActual  10: 536870912 op, 504176331.00 ns, 0.9391 ns/op
OverheadActual  11: 536870912 op, 501384803.00 ns, 0.9339 ns/op
OverheadActual  12: 536870912 op, 512558150.00 ns, 0.9547 ns/op
OverheadActual  13: 536870912 op, 511713865.00 ns, 0.9531 ns/op
OverheadActual  14: 536870912 op, 503849172.00 ns, 0.9385 ns/op
OverheadActual  15: 536870912 op, 503854162.00 ns, 0.9385 ns/op

WorkloadWarmup   1: 536870912 op, 663276573.00 ns, 1.2354 ns/op
WorkloadWarmup   2: 536870912 op, 664234661.00 ns, 1.2372 ns/op
WorkloadWarmup   3: 536870912 op, 664845430.00 ns, 1.2384 ns/op
WorkloadWarmup   4: 536870912 op, 664470281.00 ns, 1.2377 ns/op
WorkloadWarmup   5: 536870912 op, 665140601.00 ns, 1.2389 ns/op

// BeforeActualRun
WorkloadActual   1: 536870912 op, 663763051.00 ns, 1.2364 ns/op
WorkloadActual   2: 536870912 op, 665079127.00 ns, 1.2388 ns/op
WorkloadActual   3: 536870912 op, 665285362.00 ns, 1.2392 ns/op
WorkloadActual   4: 536870912 op, 665060703.00 ns, 1.2388 ns/op
WorkloadActual   5: 536870912 op, 663618562.00 ns, 1.2361 ns/op
WorkloadActual   6: 536870912 op, 664245142.00 ns, 1.2373 ns/op
WorkloadActual   7: 536870912 op, 660256861.00 ns, 1.2298 ns/op
WorkloadActual   8: 536870912 op, 663726334.00 ns, 1.2363 ns/op
WorkloadActual   9: 536870912 op, 664931764.00 ns, 1.2385 ns/op
WorkloadActual  10: 536870912 op, 660461443.00 ns, 1.2302 ns/op

// AfterActualRun
WorkloadResult   1: 536870912 op, 159913879.00 ns, 0.2979 ns/op
WorkloadResult   2: 536870912 op, 161229955.00 ns, 0.3003 ns/op
WorkloadResult   3: 536870912 op, 161436190.00 ns, 0.3007 ns/op
WorkloadResult   4: 536870912 op, 161211531.00 ns, 0.3003 ns/op
WorkloadResult   5: 536870912 op, 159769390.00 ns, 0.2976 ns/op
WorkloadResult   6: 536870912 op, 160395970.00 ns, 0.2988 ns/op
WorkloadResult   7: 536870912 op, 156407689.00 ns, 0.2913 ns/op
WorkloadResult   8: 536870912 op, 159877162.00 ns, 0.2978 ns/op
WorkloadResult   9: 536870912 op, 161082592.00 ns, 0.3000 ns/op
WorkloadResult  10: 536870912 op, 156612271.00 ns, 0.2917 ns/op
// GC:  0 0 0 672 536870912
// Threading:  0 0 536870912

// AfterAll
// Benchmark Process 327654 has exited with code 0.

Mean = 0.298 ns, StdErr = 0.001 ns (0.36%), N = 10, StdDev = 0.003 ns
Min = 0.291 ns, Q1 = 0.298 ns, Median = 0.298 ns, Q3 = 0.300 ns, Max = 0.301 ns
IQR = 0.003 ns, LowerFence = 0.294 ns, UpperFence = 0.304 ns
ConfidenceInterval = [0.292 ns; 0.303 ns] (CI 99.9%), Margin = 0.005 ns (1.74% of Mean)
Skewness = -0.94, Kurtosis = 2.21, MValue = 2

// ** Remained 7 (63.6 %) benchmark(s) to run. Estimated finish 2026-03-17 13:43 (0h 2m from now) **
// **************************
// Benchmark: Str16Bench.Str16_Span: Job-PHKGVJ(IterationCount=10, RunStrategy=Throughput, WarmupCount=5)
// *** Execute ***
// Launch: 1 / 1
// Execute: /home/master/coding/my.gitlab/csharp/Microservices.Showcase/bench/Microservices.Showcase.Benchs/bin/Release/net10.0/Microservices.Showcase.Benchs-Job-PHKGVJ-1/bin/Release/net10.0/linux-x64/publish/Microservices.Showcase.Benchs-Job-PHKGVJ-1 --anonymousPipes 117 118 --benchmarkName Microservices.Showcase.Benchmarks.Str16Bench.Str16_Span --job "IterationCount=10, RunStrategy=Throughput, WarmupCount=5" --benchmarkId 4 in 
// Failed to set up high priority (Permission denied). In order to run benchmarks with high priority, make sure you have the right permissions.
// BeforeAnythingElse

// Benchmark Process Environment Information:
// BenchmarkDotNet v0.15.8
// Runtime=.NET 10.0.4, X64 NativeAOT x86-64-v3
// GC=Concurrent Workstation
// HardwareIntrinsics=AVX2+BMI1+BMI2+F16C+FMA+LZCNT+MOVBE,AVX,SSE3+SSSE3+SSE4.1+SSE4.2+POPCNT,X86Base+SSE+SSE2,AES+PCLMUL VectorSize=256
// Job: Job-PHKGVJ(IterationCount=10, RunStrategy=Throughput, WarmupCount=5)

OverheadJitting  1: 1 op, 180.00 ns, 180.0000 ns/op
WorkloadJitting  1: 1 op, 7794.00 ns, 7.7940 us/op

OverheadJitting  2: 16 op, 220.00 ns, 13.7500 ns/op
WorkloadJitting  2: 16 op, 241.00 ns, 15.0625 ns/op

WorkloadPilot    1: 16 op, 210.00 ns, 13.1250 ns/op
WorkloadPilot    2: 32 op, 221.00 ns, 6.9063 ns/op
WorkloadPilot    3: 64 op, 261.00 ns, 4.0781 ns/op
WorkloadPilot    4: 128 op, 350.00 ns, 2.7344 ns/op
WorkloadPilot    5: 256 op, 521.00 ns, 2.0352 ns/op
WorkloadPilot    6: 512 op, 822.00 ns, 1.6055 ns/op
WorkloadPilot    7: 1024 op, 1443.00 ns, 1.4092 ns/op
WorkloadPilot    8: 2048 op, 2705.00 ns, 1.3208 ns/op
WorkloadPilot    9: 4096 op, 7604.00 ns, 1.8564 ns/op
WorkloadPilot   10: 8192 op, 67085.00 ns, 8.1891 ns/op
WorkloadPilot   11: 16384 op, 20207.00 ns, 1.2333 ns/op
WorkloadPilot   12: 32768 op, 40205.00 ns, 1.2270 ns/op
WorkloadPilot   13: 65536 op, 79539.00 ns, 1.2137 ns/op
WorkloadPilot   14: 131072 op, 165249.00 ns, 1.2607 ns/op
WorkloadPilot   15: 262144 op, 323754.00 ns, 1.2350 ns/op
WorkloadPilot   16: 524288 op, 629395.00 ns, 1.2005 ns/op
WorkloadPilot   17: 1048576 op, 1258749.00 ns, 1.2004 ns/op
WorkloadPilot   18: 2097152 op, 2535921.00 ns, 1.2092 ns/op
WorkloadPilot   19: 4194304 op, 5127817.00 ns, 1.2226 ns/op
WorkloadPilot   20: 8388608 op, 10495592.00 ns, 1.2512 ns/op
WorkloadPilot   21: 16777216 op, 20969534.00 ns, 1.2499 ns/op
WorkloadPilot   22: 33554432 op, 42731646.00 ns, 1.2735 ns/op
WorkloadPilot   23: 67108864 op, 84333966.00 ns, 1.2567 ns/op
WorkloadPilot   24: 134217728 op, 166920762.00 ns, 1.2437 ns/op
WorkloadPilot   25: 268435456 op, 336928874.00 ns, 1.2552 ns/op
WorkloadPilot   26: 536870912 op, 671915374.00 ns, 1.2515 ns/op

OverheadWarmup   1: 536870912 op, 521605755.00 ns, 0.9716 ns/op
OverheadWarmup   2: 536870912 op, 521730627.00 ns, 0.9718 ns/op
OverheadWarmup   3: 536870912 op, 531497180.00 ns, 0.9900 ns/op
OverheadWarmup   4: 536870912 op, 526362339.00 ns, 0.9804 ns/op
OverheadWarmup   5: 536870912 op, 526384190.00 ns, 0.9805 ns/op
OverheadWarmup   6: 536870912 op, 527989355.00 ns, 0.9835 ns/op
OverheadWarmup   7: 536870912 op, 525996547.00 ns, 0.9797 ns/op

OverheadActual   1: 536870912 op, 525395366.00 ns, 0.9786 ns/op
OverheadActual   2: 536870912 op, 525491065.00 ns, 0.9788 ns/op
OverheadActual   3: 536870912 op, 523903743.00 ns, 0.9758 ns/op
OverheadActual   4: 536870912 op, 527931638.00 ns, 0.9833 ns/op
OverheadActual   5: 536870912 op, 520816403.00 ns, 0.9701 ns/op
OverheadActual   6: 536870912 op, 527700427.00 ns, 0.9829 ns/op
OverheadActual   7: 536870912 op, 527117059.00 ns, 0.9818 ns/op
OverheadActual   8: 536870912 op, 525529319.00 ns, 0.9789 ns/op
OverheadActual   9: 536870912 op, 525308275.00 ns, 0.9785 ns/op
OverheadActual  10: 536870912 op, 530069097.00 ns, 0.9873 ns/op
OverheadActual  11: 536870912 op, 528414159.00 ns, 0.9842 ns/op
OverheadActual  12: 536870912 op, 526216208.00 ns, 0.9802 ns/op
OverheadActual  13: 536870912 op, 524659183.00 ns, 0.9773 ns/op
OverheadActual  14: 536870912 op, 527870425.00 ns, 0.9832 ns/op
OverheadActual  15: 536870912 op, 539709163.00 ns, 1.0053 ns/op

WorkloadWarmup   1: 536870912 op, 675202651.00 ns, 1.2577 ns/op
WorkloadWarmup   2: 536870912 op, 682912065.00 ns, 1.2720 ns/op
WorkloadWarmup   3: 536870912 op, 681009746.00 ns, 1.2685 ns/op
WorkloadWarmup   4: 536870912 op, 671864724.00 ns, 1.2514 ns/op
WorkloadWarmup   5: 536870912 op, 677933587.00 ns, 1.2627 ns/op

// BeforeActualRun
WorkloadActual   1: 536870912 op, 674605357.00 ns, 1.2566 ns/op
WorkloadActual   2: 536870912 op, 674807154.00 ns, 1.2569 ns/op
WorkloadActual   3: 536870912 op, 676198621.00 ns, 1.2595 ns/op
WorkloadActual   4: 536870912 op, 674945413.00 ns, 1.2572 ns/op
WorkloadActual   5: 536870912 op, 676689146.00 ns, 1.2604 ns/op
WorkloadActual   6: 536870912 op, 670120461.00 ns, 1.2482 ns/op
WorkloadActual   7: 536870912 op, 672444888.00 ns, 1.2525 ns/op
WorkloadActual   8: 536870912 op, 671600954.00 ns, 1.2510 ns/op
WorkloadActual   9: 536870912 op, 674663899.00 ns, 1.2567 ns/op
WorkloadActual  10: 536870912 op, 673167978.00 ns, 1.2539 ns/op

// AfterActualRun
WorkloadResult   1: 536870912 op, 148389149.00 ns, 0.2764 ns/op
WorkloadResult   2: 536870912 op, 148590946.00 ns, 0.2768 ns/op
WorkloadResult   3: 536870912 op, 149982413.00 ns, 0.2794 ns/op
WorkloadResult   4: 536870912 op, 148729205.00 ns, 0.2770 ns/op
WorkloadResult   5: 536870912 op, 150472938.00 ns, 0.2803 ns/op
WorkloadResult   6: 536870912 op, 143904253.00 ns, 0.2680 ns/op
WorkloadResult   7: 536870912 op, 146228680.00 ns, 0.2724 ns/op
WorkloadResult   8: 536870912 op, 145384746.00 ns, 0.2708 ns/op
WorkloadResult   9: 536870912 op, 148447691.00 ns, 0.2765 ns/op
WorkloadResult  10: 536870912 op, 146951770.00 ns, 0.2737 ns/op
// GC:  0 0 0 672 536870912
// Threading:  0 0 536870912

// AfterAll
// Benchmark Process 327672 has exited with code 0.

Mean = 0.275 ns, StdErr = 0.001 ns (0.44%), N = 10, StdDev = 0.004 ns
Min = 0.268 ns, Q1 = 0.273 ns, Median = 0.276 ns, Q3 = 0.277 ns, Max = 0.280 ns
IQR = 0.004 ns, LowerFence = 0.266 ns, UpperFence = 0.283 ns
ConfidenceInterval = [0.269 ns; 0.281 ns] (CI 99.9%), Margin = 0.006 ns (2.11% of Mean)
Skewness = -0.41, Kurtosis = 1.83, MValue = 2

// ** Remained 6 (54.5 %) benchmark(s) to run. Estimated finish 2026-03-17 13:43 (0h 2m from now) **
// **************************
// Benchmark: Str16Bench.Str16_FromBytesUnsafe: Job-PHKGVJ(IterationCount=10, RunStrategy=Throughput, WarmupCount=5)
// *** Execute ***
// Launch: 1 / 1
// Execute: /home/master/coding/my.gitlab/csharp/Microservices.Showcase/bench/Microservices.Showcase.Benchs/bin/Release/net10.0/Microservices.Showcase.Benchs-Job-PHKGVJ-1/bin/Release/net10.0/linux-x64/publish/Microservices.Showcase.Benchs-Job-PHKGVJ-1 --anonymousPipes 117 118 --benchmarkName Microservices.Showcase.Benchmarks.Str16Bench.Str16_FromBytesUnsafe --job "IterationCount=10, RunStrategy=Throughput, WarmupCount=5" --benchmarkId 5 in 
// Failed to set up high priority (Permission denied). In order to run benchmarks with high priority, make sure you have the right permissions.
// BeforeAnythingElse

// Benchmark Process Environment Information:
// BenchmarkDotNet v0.15.8
// Runtime=.NET 10.0.4, X64 NativeAOT x86-64-v3
// GC=Concurrent Workstation
// HardwareIntrinsics=AVX2+BMI1+BMI2+F16C+FMA+LZCNT+MOVBE,AVX,SSE3+SSSE3+SSE4.1+SSE4.2+POPCNT,X86Base+SSE+SSE2,AES+PCLMUL VectorSize=256
// Job: Job-PHKGVJ(IterationCount=10, RunStrategy=Throughput, WarmupCount=5)

OverheadJitting  1: 1 op, 281.00 ns, 281.0000 ns/op
WorkloadJitting  1: 1 op, 7163.00 ns, 7.1630 us/op

OverheadJitting  2: 16 op, 200.00 ns, 12.5000 ns/op
WorkloadJitting  2: 16 op, 281.00 ns, 17.5625 ns/op

WorkloadPilot    1: 16 op, 260.00 ns, 16.2500 ns/op
WorkloadPilot    2: 32 op, 311.00 ns, 9.7188 ns/op
WorkloadPilot    3: 64 op, 371.00 ns, 5.7969 ns/op
WorkloadPilot    4: 128 op, 531.00 ns, 4.1484 ns/op
WorkloadPilot    5: 256 op, 861.00 ns, 3.3633 ns/op
WorkloadPilot    6: 512 op, 1513.00 ns, 2.9551 ns/op
WorkloadPilot    7: 1024 op, 2705.00 ns, 2.6416 ns/op
WorkloadPilot    8: 2048 op, 5350.00 ns, 2.6123 ns/op
WorkloadPilot    9: 4096 op, 10510.00 ns, 2.5659 ns/op
WorkloadPilot   10: 8192 op, 20719.00 ns, 2.5292 ns/op
WorkloadPilot   11: 16384 op, 46076.00 ns, 2.8123 ns/op
WorkloadPilot   12: 32768 op, 78546.00 ns, 2.3970 ns/op
WorkloadPilot   13: 65536 op, 163875.00 ns, 2.5005 ns/op
WorkloadPilot   14: 131072 op, 316471.00 ns, 2.4145 ns/op
WorkloadPilot   15: 262144 op, 626700.00 ns, 2.3907 ns/op
WorkloadPilot   16: 524288 op, 1261483.00 ns, 2.4061 ns/op
WorkloadPilot   17: 1048576 op, 2531473.00 ns, 2.4142 ns/op
WorkloadPilot   18: 2097152 op, 5247070.00 ns, 2.5020 ns/op
WorkloadPilot   19: 4194304 op, 10824876.00 ns, 2.5809 ns/op
WorkloadPilot   20: 8388608 op, 21193352.00 ns, 2.5264 ns/op
WorkloadPilot   21: 16777216 op, 42620479.00 ns, 2.5404 ns/op
WorkloadPilot   22: 33554432 op, 85748075.00 ns, 2.5555 ns/op
WorkloadPilot   23: 67108864 op, 169767816.00 ns, 2.5297 ns/op
WorkloadPilot   24: 134217728 op, 346378288.00 ns, 2.5807 ns/op
WorkloadPilot   25: 268435456 op, 694087880.00 ns, 2.5857 ns/op

OverheadWarmup   1: 268435456 op, 252914798.00 ns, 0.9422 ns/op
OverheadWarmup   2: 268435456 op, 251535374.00 ns, 0.9370 ns/op
OverheadWarmup   3: 268435456 op, 257132808.00 ns, 0.9579 ns/op
OverheadWarmup   4: 268435456 op, 280018126.00 ns, 1.0431 ns/op
OverheadWarmup   5: 268435456 op, 256136338.00 ns, 0.9542 ns/op
OverheadWarmup   6: 268435456 op, 252639965.00 ns, 0.9412 ns/op
OverheadWarmup   7: 268435456 op, 251905125.00 ns, 0.9384 ns/op
OverheadWarmup   8: 268435456 op, 251919050.00 ns, 0.9385 ns/op
OverheadWarmup   9: 268435456 op, 255191315.00 ns, 0.9507 ns/op
OverheadWarmup  10: 268435456 op, 258069866.00 ns, 0.9614 ns/op

OverheadActual   1: 268435456 op, 255810711.00 ns, 0.9530 ns/op
OverheadActual   2: 268435456 op, 253332017.00 ns, 0.9437 ns/op
OverheadActual   3: 268435456 op, 255619665.00 ns, 0.9523 ns/op
OverheadActual   4: 268435456 op, 259768906.00 ns, 0.9677 ns/op
OverheadActual   5: 268435456 op, 285214943.00 ns, 1.0625 ns/op
OverheadActual   6: 268435456 op, 273438330.00 ns, 1.0186 ns/op
OverheadActual   7: 268435456 op, 255532833.00 ns, 0.9519 ns/op
OverheadActual   8: 268435456 op, 255763904.00 ns, 0.9528 ns/op
OverheadActual   9: 268435456 op, 260115142.00 ns, 0.9690 ns/op
OverheadActual  10: 268435456 op, 257300250.00 ns, 0.9585 ns/op
OverheadActual  11: 268435456 op, 252091913.00 ns, 0.9391 ns/op
OverheadActual  12: 268435456 op, 251690264.00 ns, 0.9376 ns/op
OverheadActual  13: 268435456 op, 252534139.00 ns, 0.9408 ns/op
OverheadActual  14: 268435456 op, 260679175.00 ns, 0.9711 ns/op
OverheadActual  15: 268435456 op, 259137729.00 ns, 0.9654 ns/op

WorkloadWarmup   1: 268435456 op, 686511306.00 ns, 2.5575 ns/op
WorkloadWarmup   2: 268435456 op, 686821264.00 ns, 2.5586 ns/op
WorkloadWarmup   3: 268435456 op, 689162323.00 ns, 2.5673 ns/op
WorkloadWarmup   4: 268435456 op, 693868794.00 ns, 2.5849 ns/op
WorkloadWarmup   5: 268435456 op, 680184112.00 ns, 2.5339 ns/op

// BeforeActualRun
WorkloadActual   1: 268435456 op, 684814471.00 ns, 2.5511 ns/op
WorkloadActual   2: 268435456 op, 674590245.00 ns, 2.5130 ns/op
WorkloadActual   3: 268435456 op, 680057937.00 ns, 2.5334 ns/op
WorkloadActual   4: 268435456 op, 675389447.00 ns, 2.5160 ns/op
WorkloadActual   5: 268435456 op, 685621107.00 ns, 2.5541 ns/op
WorkloadActual   6: 268435456 op, 677120717.00 ns, 2.5225 ns/op
WorkloadActual   7: 268435456 op, 680585762.00 ns, 2.5354 ns/op
WorkloadActual   8: 268435456 op, 677960815.00 ns, 2.5256 ns/op
WorkloadActual   9: 268435456 op, 670486601.00 ns, 2.4978 ns/op
WorkloadActual  10: 268435456 op, 668524520.00 ns, 2.4904 ns/op

// AfterActualRun
WorkloadResult   1: 268435456 op, 429003760.00 ns, 1.5982 ns/op
WorkloadResult   2: 268435456 op, 418779534.00 ns, 1.5601 ns/op
WorkloadResult   3: 268435456 op, 424247226.00 ns, 1.5804 ns/op
WorkloadResult   4: 268435456 op, 419578736.00 ns, 1.5631 ns/op
WorkloadResult   5: 268435456 op, 429810396.00 ns, 1.6012 ns/op
WorkloadResult   6: 268435456 op, 421310006.00 ns, 1.5695 ns/op
WorkloadResult   7: 268435456 op, 424775051.00 ns, 1.5824 ns/op
WorkloadResult   8: 268435456 op, 422150104.00 ns, 1.5726 ns/op
WorkloadResult   9: 268435456 op, 414675890.00 ns, 1.5448 ns/op
WorkloadResult  10: 268435456 op, 412713809.00 ns, 1.5375 ns/op
// GC:  0 0 0 672 268435456
// Threading:  0 0 268435456

// AfterAll
// Benchmark Process 327704 has exited with code 0.

Mean = 1.571 ns, StdErr = 0.007 ns (0.42%), N = 10, StdDev = 0.021 ns
Min = 1.537 ns, Q1 = 1.561 ns, Median = 1.571 ns, Q3 = 1.582 ns, Max = 1.601 ns
IQR = 0.021 ns, LowerFence = 1.529 ns, UpperFence = 1.614 ns
ConfidenceInterval = [1.540 ns; 1.602 ns] (CI 99.9%), Margin = 0.031 ns (1.99% of Mean)
Skewness = -0.08, Kurtosis = 1.71, MValue = 2

// ** Remained 5 (45.5 %) benchmark(s) to run. Estimated finish 2026-03-17 13:43 (0h 1m from now) **
// **************************
// Benchmark: Str16Bench.Str16_FromBytes: Job-PHKGVJ(IterationCount=10, RunStrategy=Throughput, WarmupCount=5)
// *** Execute ***
// Launch: 1 / 1
// Execute: /home/master/coding/my.gitlab/csharp/Microservices.Showcase/bench/Microservices.Showcase.Benchs/bin/Release/net10.0/Microservices.Showcase.Benchs-Job-PHKGVJ-1/bin/Release/net10.0/linux-x64/publish/Microservices.Showcase.Benchs-Job-PHKGVJ-1 --anonymousPipes 117 118 --benchmarkName Microservices.Showcase.Benchmarks.Str16Bench.Str16_FromBytes --job "IterationCount=10, RunStrategy=Throughput, WarmupCount=5" --benchmarkId 6 in 
// Failed to set up high priority (Permission denied). In order to run benchmarks with high priority, make sure you have the right permissions.
// BeforeAnythingElse

// Benchmark Process Environment Information:
// BenchmarkDotNet v0.15.8
// Runtime=.NET 10.0.4, X64 NativeAOT x86-64-v3
// GC=Concurrent Workstation
// HardwareIntrinsics=AVX2+BMI1+BMI2+F16C+FMA+LZCNT+MOVBE,AVX,SSE3+SSSE3+SSE4.1+SSE4.2+POPCNT,X86Base+SSE+SSE2,AES+PCLMUL VectorSize=256
// Job: Job-PHKGVJ(IterationCount=10, RunStrategy=Throughput, WarmupCount=5)

OverheadJitting  1: 1 op, 180.00 ns, 180.0000 ns/op
WorkloadJitting  1: 1 op, 33332.00 ns, 33.3320 us/op

OverheadJitting  2: 16 op, 191.00 ns, 11.9375 ns/op
WorkloadJitting  2: 16 op, 300.00 ns, 18.7500 ns/op

WorkloadPilot    1: 16 op, 251.00 ns, 15.6875 ns/op
WorkloadPilot    2: 32 op, 310.00 ns, 9.6875 ns/op
WorkloadPilot    3: 64 op, 521.00 ns, 8.1406 ns/op
WorkloadPilot    4: 128 op, 932.00 ns, 7.2813 ns/op
WorkloadPilot    5: 256 op, 1653.00 ns, 6.4570 ns/op
WorkloadPilot    6: 512 op, 3186.00 ns, 6.2227 ns/op
WorkloadPilot    7: 1024 op, 6262.00 ns, 6.1152 ns/op
WorkloadPilot    8: 2048 op, 12243.00 ns, 5.9780 ns/op
WorkloadPilot    9: 4096 op, 24385.00 ns, 5.9534 ns/op
WorkloadPilot   10: 8192 op, 48631.00 ns, 5.9364 ns/op
WorkloadPilot   11: 16384 op, 97612.00 ns, 5.9578 ns/op
WorkloadPilot   12: 32768 op, 196166.00 ns, 5.9865 ns/op
WorkloadPilot   13: 65536 op, 390007.00 ns, 5.9510 ns/op
WorkloadPilot   14: 131072 op, 787308.00 ns, 6.0067 ns/op
WorkloadPilot   15: 262144 op, 1556574.00 ns, 5.9379 ns/op
WorkloadPilot   16: 524288 op, 3122747.00 ns, 5.9562 ns/op
WorkloadPilot   17: 1048576 op, 6243128.00 ns, 5.9539 ns/op
WorkloadPilot   18: 2097152 op, 12453896.00 ns, 5.9385 ns/op
WorkloadPilot   19: 4194304 op, 25070967.00 ns, 5.9774 ns/op
WorkloadPilot   20: 8388608 op, 50310227.00 ns, 5.9974 ns/op
WorkloadPilot   21: 16777216 op, 99040256.00 ns, 5.9033 ns/op
WorkloadPilot   22: 33554432 op, 197386758.00 ns, 5.8826 ns/op
WorkloadPilot   23: 67108864 op, 393139506.00 ns, 5.8582 ns/op
WorkloadPilot   24: 134217728 op, 791057128.00 ns, 5.8938 ns/op

OverheadWarmup   1: 134217728 op, 127586867.00 ns, 0.9506 ns/op
OverheadWarmup   2: 134217728 op, 127412993.00 ns, 0.9493 ns/op
OverheadWarmup   3: 134217728 op, 126937676.00 ns, 0.9458 ns/op
OverheadWarmup   4: 134217728 op, 125657477.00 ns, 0.9362 ns/op
OverheadWarmup   5: 134217728 op, 125531483.00 ns, 0.9353 ns/op
OverheadWarmup   6: 134217728 op, 125897064.00 ns, 0.9380 ns/op
OverheadWarmup   7: 134217728 op, 125467062.00 ns, 0.9348 ns/op
OverheadWarmup   8: 134217728 op, 125298528.00 ns, 0.9335 ns/op
OverheadWarmup   9: 134217728 op, 125215223.00 ns, 0.9329 ns/op
OverheadWarmup  10: 134217728 op, 125034105.00 ns, 0.9316 ns/op

OverheadActual   1: 134217728 op, 125449449.00 ns, 0.9347 ns/op
OverheadActual   2: 134217728 op, 125294370.00 ns, 0.9335 ns/op
OverheadActual   3: 134217728 op, 125707210.00 ns, 0.9366 ns/op
OverheadActual   4: 134217728 op, 125837283.00 ns, 0.9376 ns/op
OverheadActual   5: 134217728 op, 126568387.00 ns, 0.9430 ns/op
OverheadActual   6: 134217728 op, 126272405.00 ns, 0.9408 ns/op
OverheadActual   7: 134217728 op, 125896473.00 ns, 0.9380 ns/op
OverheadActual   8: 134217728 op, 125500685.00 ns, 0.9351 ns/op
OverheadActual   9: 134217728 op, 125489844.00 ns, 0.9350 ns/op
OverheadActual  10: 134217728 op, 125030719.00 ns, 0.9316 ns/op
OverheadActual  11: 134217728 op, 126194098.00 ns, 0.9402 ns/op
OverheadActual  12: 134217728 op, 125270556.00 ns, 0.9333 ns/op
OverheadActual  13: 134217728 op, 125823909.00 ns, 0.9375 ns/op
OverheadActual  14: 134217728 op, 125570586.00 ns, 0.9356 ns/op
OverheadActual  15: 134217728 op, 125639714.00 ns, 0.9361 ns/op

WorkloadWarmup   1: 134217728 op, 788133404.00 ns, 5.8721 ns/op
WorkloadWarmup   2: 134217728 op, 788601778.00 ns, 5.8755 ns/op
WorkloadWarmup   3: 134217728 op, 790905868.00 ns, 5.8927 ns/op
WorkloadWarmup   4: 134217728 op, 784683308.00 ns, 5.8463 ns/op
WorkloadWarmup   5: 134217728 op, 784863234.00 ns, 5.8477 ns/op

// BeforeActualRun
WorkloadActual   1: 134217728 op, 784309320.00 ns, 5.8436 ns/op
WorkloadActual   2: 134217728 op, 789225233.00 ns, 5.8802 ns/op
WorkloadActual   3: 134217728 op, 791528731.00 ns, 5.8973 ns/op
WorkloadActual   4: 134217728 op, 789079531.00 ns, 5.8791 ns/op
WorkloadActual   5: 134217728 op, 789703255.00 ns, 5.8837 ns/op
WorkloadActual   6: 134217728 op, 787739181.00 ns, 5.8691 ns/op
WorkloadActual   7: 134217728 op, 787243276.00 ns, 5.8654 ns/op
WorkloadActual   8: 134217728 op, 791327898.00 ns, 5.8959 ns/op
WorkloadActual   9: 134217728 op, 786148293.00 ns, 5.8573 ns/op
WorkloadActual  10: 134217728 op, 784635291.00 ns, 5.8460 ns/op

// AfterActualRun
WorkloadResult   1: 134217728 op, 658669606.00 ns, 4.9075 ns/op
WorkloadResult   2: 134217728 op, 663585519.00 ns, 4.9441 ns/op
WorkloadResult   3: 134217728 op, 665889017.00 ns, 4.9613 ns/op
WorkloadResult   4: 134217728 op, 663439817.00 ns, 4.9430 ns/op
WorkloadResult   5: 134217728 op, 664063541.00 ns, 4.9477 ns/op
WorkloadResult   6: 134217728 op, 662099467.00 ns, 4.9330 ns/op
WorkloadResult   7: 134217728 op, 661603562.00 ns, 4.9293 ns/op
WorkloadResult   8: 134217728 op, 665688184.00 ns, 4.9598 ns/op
WorkloadResult   9: 134217728 op, 660508579.00 ns, 4.9212 ns/op
WorkloadResult  10: 134217728 op, 658995577.00 ns, 4.9099 ns/op
// GC:  0 0 0 672 134217728
// Threading:  0 0 134217728

// AfterAll
// Benchmark Process 327723 has exited with code 0.

Mean = 4.936 ns, StdErr = 0.006 ns (0.12%), N = 10, StdDev = 0.019 ns
Min = 4.907 ns, Q1 = 4.923 ns, Median = 4.938 ns, Q3 = 4.947 ns, Max = 4.961 ns
IQR = 0.024 ns, LowerFence = 4.888 ns, UpperFence = 4.982 ns
ConfidenceInterval = [4.907 ns; 4.964 ns] (CI 99.9%), Margin = 0.029 ns (0.58% of Mean)
Skewness = -0.14, Kurtosis = 1.49, MValue = 2

// ** Remained 4 (36.4 %) benchmark(s) to run. Estimated finish 2026-03-17 13:43 (0h 1m from now) **
// **************************
// Benchmark: Str16Bench.Str16_FromJsonUnsafe: Job-PHKGVJ(IterationCount=10, RunStrategy=Throughput, WarmupCount=5)
// *** Execute ***
// Launch: 1 / 1
// Execute: /home/master/coding/my.gitlab/csharp/Microservices.Showcase/bench/Microservices.Showcase.Benchs/bin/Release/net10.0/Microservices.Showcase.Benchs-Job-PHKGVJ-1/bin/Release/net10.0/linux-x64/publish/Microservices.Showcase.Benchs-Job-PHKGVJ-1 --anonymousPipes 117 118 --benchmarkName Microservices.Showcase.Benchmarks.Str16Bench.Str16_FromJsonUnsafe --job "IterationCount=10, RunStrategy=Throughput, WarmupCount=5" --benchmarkId 7 in 
// Failed to set up high priority (Permission denied). In order to run benchmarks with high priority, make sure you have the right permissions.
// BeforeAnythingElse

// Benchmark Process Environment Information:
// BenchmarkDotNet v0.15.8
// Runtime=.NET 10.0.4, X64 NativeAOT x86-64-v3
// GC=Concurrent Workstation
// HardwareIntrinsics=AVX2+BMI1+BMI2+F16C+FMA+LZCNT+MOVBE,AVX,SSE3+SSSE3+SSE4.1+SSE4.2+POPCNT,X86Base+SSE+SSE2,AES+PCLMUL VectorSize=256
// Job: Job-PHKGVJ(IterationCount=10, RunStrategy=Throughput, WarmupCount=5)

OverheadJitting  1: 1 op, 250.00 ns, 250.0000 ns/op
WorkloadJitting  1: 1 op, 6793.00 ns, 6.7930 us/op

OverheadJitting  2: 16 op, 190.00 ns, 11.8750 ns/op
WorkloadJitting  2: 16 op, 301.00 ns, 18.8125 ns/op

WorkloadPilot    1: 16 op, 281.00 ns, 17.5625 ns/op
WorkloadPilot    2: 32 op, 321.00 ns, 10.0313 ns/op
WorkloadPilot    3: 64 op, 551.00 ns, 8.6094 ns/op
WorkloadPilot    4: 128 op, 631.00 ns, 4.9297 ns/op
WorkloadPilot    5: 256 op, 1012.00 ns, 3.9531 ns/op
WorkloadPilot    6: 512 op, 1903.00 ns, 3.7168 ns/op
WorkloadPilot    7: 1024 op, 3627.00 ns, 3.5420 ns/op
WorkloadPilot    8: 2048 op, 6843.00 ns, 3.3413 ns/op
WorkloadPilot    9: 4096 op, 21660.00 ns, 5.2881 ns/op
WorkloadPilot   10: 8192 op, 23504.00 ns, 2.8691 ns/op
WorkloadPilot   11: 16384 op, 48491.00 ns, 2.9597 ns/op
WorkloadPilot   12: 32768 op, 97982.00 ns, 2.9902 ns/op
WorkloadPilot   13: 65536 op, 190405.00 ns, 2.9053 ns/op
WorkloadPilot   14: 131072 op, 381061.00 ns, 2.9073 ns/op
WorkloadPilot   15: 262144 op, 766951.00 ns, 2.9257 ns/op
WorkloadPilot   16: 524288 op, 1540935.00 ns, 2.9391 ns/op
WorkloadPilot   17: 1048576 op, 3041915.00 ns, 2.9010 ns/op
WorkloadPilot   18: 2097152 op, 6071418.00 ns, 2.8951 ns/op
WorkloadPilot   19: 4194304 op, 12705656.00 ns, 3.0293 ns/op
WorkloadPilot   20: 8388608 op, 25347072.00 ns, 3.0216 ns/op
WorkloadPilot   21: 16777216 op, 49630138.00 ns, 2.9582 ns/op
WorkloadPilot   22: 33554432 op, 98571171.00 ns, 2.9376 ns/op
WorkloadPilot   23: 67108864 op, 198986744.00 ns, 2.9651 ns/op
WorkloadPilot   24: 134217728 op, 393727827.00 ns, 2.9335 ns/op
WorkloadPilot   25: 268435456 op, 793654610.00 ns, 2.9566 ns/op

OverheadWarmup   1: 268435456 op, 251787348.00 ns, 0.9380 ns/op
OverheadWarmup   2: 268435456 op, 252291679.00 ns, 0.9399 ns/op
OverheadWarmup   3: 268435456 op, 251444418.00 ns, 0.9367 ns/op
OverheadWarmup   4: 268435456 op, 251490455.00 ns, 0.9369 ns/op
OverheadWarmup   5: 268435456 op, 251226842.00 ns, 0.9359 ns/op

OverheadActual   1: 268435456 op, 252126201.00 ns, 0.9392 ns/op
OverheadActual   2: 268435456 op, 251415024.00 ns, 0.9366 ns/op
OverheadActual   3: 268435456 op, 250942072.00 ns, 0.9348 ns/op
OverheadActual   4: 268435456 op, 251435132.00 ns, 0.9367 ns/op
OverheadActual   5: 268435456 op, 252143253.00 ns, 0.9393 ns/op
OverheadActual   6: 268435456 op, 252535615.00 ns, 0.9408 ns/op
OverheadActual   7: 268435456 op, 250790258.00 ns, 0.9343 ns/op
OverheadActual   8: 268435456 op, 251369840.00 ns, 0.9364 ns/op
OverheadActual   9: 268435456 op, 251214360.00 ns, 0.9358 ns/op
OverheadActual  10: 268435456 op, 251374629.00 ns, 0.9364 ns/op
OverheadActual  11: 268435456 op, 250545882.00 ns, 0.9334 ns/op
OverheadActual  12: 268435456 op, 254549371.00 ns, 0.9483 ns/op
OverheadActual  13: 268435456 op, 251459818.00 ns, 0.9368 ns/op
OverheadActual  14: 268435456 op, 252092277.00 ns, 0.9391 ns/op
OverheadActual  15: 268435456 op, 250704188.00 ns, 0.9339 ns/op

WorkloadWarmup   1: 268435456 op, 801453142.00 ns, 2.9856 ns/op
WorkloadWarmup   2: 268435456 op, 806249522.00 ns, 3.0035 ns/op
WorkloadWarmup   3: 268435456 op, 811802282.00 ns, 3.0242 ns/op
WorkloadWarmup   4: 268435456 op, 794608092.00 ns, 2.9601 ns/op
WorkloadWarmup   5: 268435456 op, 798925417.00 ns, 2.9762 ns/op

// BeforeActualRun
WorkloadActual   1: 268435456 op, 800850459.00 ns, 2.9834 ns/op
WorkloadActual   2: 268435456 op, 804973833.00 ns, 2.9988 ns/op
WorkloadActual   3: 268435456 op, 805677245.00 ns, 3.0014 ns/op
WorkloadActual   4: 268435456 op, 800328866.00 ns, 2.9815 ns/op
WorkloadActual   5: 268435456 op, 807849789.00 ns, 3.0095 ns/op
WorkloadActual   6: 268435456 op, 800513642.00 ns, 2.9821 ns/op
WorkloadActual   7: 268435456 op, 797480894.00 ns, 2.9708 ns/op
WorkloadActual   8: 268435456 op, 801280413.00 ns, 2.9850 ns/op
WorkloadActual   9: 268435456 op, 793932884.00 ns, 2.9576 ns/op
WorkloadActual  10: 268435456 op, 799149528.00 ns, 2.9771 ns/op

// AfterActualRun
WorkloadResult   1: 268435456 op, 549435435.00 ns, 2.0468 ns/op
WorkloadResult   2: 268435456 op, 553558809.00 ns, 2.0622 ns/op
WorkloadResult   3: 268435456 op, 554262221.00 ns, 2.0648 ns/op
WorkloadResult   4: 268435456 op, 548913842.00 ns, 2.0449 ns/op
WorkloadResult   5: 268435456 op, 556434765.00 ns, 2.0729 ns/op
WorkloadResult   6: 268435456 op, 549098618.00 ns, 2.0456 ns/op
WorkloadResult   7: 268435456 op, 546065870.00 ns, 2.0343 ns/op
WorkloadResult   8: 268435456 op, 549865389.00 ns, 2.0484 ns/op
WorkloadResult   9: 268435456 op, 542517860.00 ns, 2.0210 ns/op
WorkloadResult  10: 268435456 op, 547734504.00 ns, 2.0405 ns/op
// GC:  0 0 0 672 268435456
// Threading:  0 0 268435456

// AfterAll
// Benchmark Process 327739 has exited with code 0.

Mean = 2.048 ns, StdErr = 0.005 ns (0.24%), N = 10, StdDev = 0.015 ns
Min = 2.021 ns, Q1 = 2.042 ns, Median = 2.046 ns, Q3 = 2.059 ns, Max = 2.073 ns
IQR = 0.017 ns, LowerFence = 2.016 ns, UpperFence = 2.084 ns
ConfidenceInterval = [2.025 ns; 2.071 ns] (CI 99.9%), Margin = 0.023 ns (1.13% of Mean)
Skewness = -0.01, Kurtosis = 1.98, MValue = 2

// ** Remained 3 (27.3 %) benchmark(s) to run. Estimated finish 2026-03-17 13:43 (0h 0m from now) **
// **************************
// Benchmark: Str16Bench.Span_ReadFromJsonTillQuote: Job-PHKGVJ(IterationCount=10, RunStrategy=Throughput, WarmupCount=5)
// *** Execute ***
// Launch: 1 / 1
// Execute: /home/master/coding/my.gitlab/csharp/Microservices.Showcase/bench/Microservices.Showcase.Benchs/bin/Release/net10.0/Microservices.Showcase.Benchs-Job-PHKGVJ-1/bin/Release/net10.0/linux-x64/publish/Microservices.Showcase.Benchs-Job-PHKGVJ-1 --anonymousPipes 117 118 --benchmarkName Microservices.Showcase.Benchmarks.Str16Bench.Span_ReadFromJsonTillQuote --job "IterationCount=10, RunStrategy=Throughput, WarmupCount=5" --benchmarkId 8 in 
// Failed to set up high priority (Permission denied). In order to run benchmarks with high priority, make sure you have the right permissions.
// BeforeAnythingElse

// Benchmark Process Environment Information:
// BenchmarkDotNet v0.15.8
// Runtime=.NET 10.0.4, X64 NativeAOT x86-64-v3
// GC=Concurrent Workstation
// HardwareIntrinsics=AVX2+BMI1+BMI2+F16C+FMA+LZCNT+MOVBE,AVX,SSE3+SSSE3+SSE4.1+SSE4.2+POPCNT,X86Base+SSE+SSE2,AES+PCLMUL VectorSize=256
// Job: Job-PHKGVJ(IterationCount=10, RunStrategy=Throughput, WarmupCount=5)

OverheadJitting  1: 1 op, 190.00 ns, 190.0000 ns/op
WorkloadJitting  1: 1 op, 6602.00 ns, 6.6020 us/op

OverheadJitting  2: 16 op, 200.00 ns, 12.5000 ns/op
WorkloadJitting  2: 16 op, 311.00 ns, 19.4375 ns/op

WorkloadPilot    1: 16 op, 270.00 ns, 16.8750 ns/op
WorkloadPilot    2: 32 op, 341.00 ns, 10.6563 ns/op
WorkloadPilot    3: 64 op, 420.00 ns, 6.5625 ns/op
WorkloadPilot    4: 128 op, 671.00 ns, 5.2422 ns/op
WorkloadPilot    5: 256 op, 1042.00 ns, 4.0703 ns/op
WorkloadPilot    6: 512 op, 1894.00 ns, 3.6992 ns/op
WorkloadPilot    7: 1024 op, 3497.00 ns, 3.4150 ns/op
WorkloadPilot    8: 2048 op, 6793.00 ns, 3.3169 ns/op
WorkloadPilot    9: 4096 op, 13334.00 ns, 3.2554 ns/op
WorkloadPilot   10: 8192 op, 26870.00 ns, 3.2800 ns/op
WorkloadPilot   11: 16384 op, 89567.00 ns, 5.4667 ns/op
WorkloadPilot   12: 32768 op, 103684.00 ns, 3.1642 ns/op
WorkloadPilot   13: 65536 op, 206716.00 ns, 3.1542 ns/op
WorkloadPilot   14: 131072 op, 410947.00 ns, 3.1353 ns/op
WorkloadPilot   15: 262144 op, 836350.00 ns, 3.1904 ns/op
WorkloadPilot   16: 524288 op, 1666450.00 ns, 3.1785 ns/op
WorkloadPilot   17: 1048576 op, 3354338.00 ns, 3.1989 ns/op
WorkloadPilot   18: 2097152 op, 6899783.00 ns, 3.2901 ns/op
WorkloadPilot   19: 4194304 op, 14434592.00 ns, 3.4415 ns/op
WorkloadPilot   20: 8388608 op, 30047833.00 ns, 3.5820 ns/op
WorkloadPilot   21: 16777216 op, 58101024.00 ns, 3.4631 ns/op
WorkloadPilot   22: 33554432 op, 110320244.00 ns, 3.2878 ns/op
WorkloadPilot   23: 67108864 op, 220031882.00 ns, 3.2787 ns/op
WorkloadPilot   24: 134217728 op, 437203145.00 ns, 3.2574 ns/op
WorkloadPilot   25: 268435456 op, 873836298.00 ns, 3.2553 ns/op

OverheadWarmup   1: 268435456 op, 262421371.00 ns, 0.9776 ns/op
OverheadWarmup   2: 268435456 op, 264391287.00 ns, 0.9849 ns/op
OverheadWarmup   3: 268435456 op, 262370276.00 ns, 0.9774 ns/op
OverheadWarmup   4: 268435456 op, 262035020.00 ns, 0.9762 ns/op
OverheadWarmup   5: 268435456 op, 262805447.00 ns, 0.9790 ns/op
OverheadWarmup   6: 268435456 op, 261159136.00 ns, 0.9729 ns/op

OverheadActual   1: 268435456 op, 263651517.00 ns, 0.9822 ns/op
OverheadActual   2: 268435456 op, 262049428.00 ns, 0.9762 ns/op
OverheadActual   3: 268435456 op, 262012979.00 ns, 0.9761 ns/op
OverheadActual   4: 268435456 op, 261906941.00 ns, 0.9757 ns/op
OverheadActual   5: 268435456 op, 263979338.00 ns, 0.9834 ns/op
OverheadActual   6: 268435456 op, 262198416.00 ns, 0.9768 ns/op
OverheadActual   7: 268435456 op, 262700172.00 ns, 0.9786 ns/op
OverheadActual   8: 268435456 op, 263253343.00 ns, 0.9807 ns/op
OverheadActual   9: 268435456 op, 262289035.00 ns, 0.9771 ns/op
OverheadActual  10: 268435456 op, 263554105.00 ns, 0.9818 ns/op
OverheadActual  11: 268435456 op, 261538835.00 ns, 0.9743 ns/op
OverheadActual  12: 268435456 op, 266297583.00 ns, 0.9920 ns/op
OverheadActual  13: 268435456 op, 263372076.00 ns, 0.9811 ns/op
OverheadActual  14: 268435456 op, 261661244.00 ns, 0.9748 ns/op
OverheadActual  15: 268435456 op, 260037815.00 ns, 0.9687 ns/op

WorkloadWarmup   1: 268435456 op, 866159928.00 ns, 3.2267 ns/op
WorkloadWarmup   2: 268435456 op, 872923197.00 ns, 3.2519 ns/op
WorkloadWarmup   3: 268435456 op, 874773680.00 ns, 3.2588 ns/op
WorkloadWarmup   4: 268435456 op, 865963852.00 ns, 3.2260 ns/op
WorkloadWarmup   5: 268435456 op, 864764425.00 ns, 3.2215 ns/op

// BeforeActualRun
WorkloadActual   1: 268435456 op, 864935555.00 ns, 3.2221 ns/op
WorkloadActual   2: 268435456 op, 873491669.00 ns, 3.2540 ns/op
WorkloadActual   3: 268435456 op, 872628259.00 ns, 3.2508 ns/op
WorkloadActual   4: 268435456 op, 864766580.00 ns, 3.2215 ns/op
WorkloadActual   5: 268435456 op, 865484540.00 ns, 3.2242 ns/op
WorkloadActual   6: 268435456 op, 874910948.00 ns, 3.2593 ns/op
WorkloadActual   7: 268435456 op, 864513279.00 ns, 3.2206 ns/op
WorkloadActual   8: 268435456 op, 865339450.00 ns, 3.2236 ns/op
WorkloadActual   9: 268435456 op, 864431597.00 ns, 3.2203 ns/op
WorkloadActual  10: 268435456 op, 867780375.00 ns, 3.2327 ns/op

// AfterActualRun
WorkloadResult   1: 268435456 op, 602646520.00 ns, 2.2450 ns/op
WorkloadResult   2: 268435456 op, 611202634.00 ns, 2.2769 ns/op
WorkloadResult   3: 268435456 op, 610339224.00 ns, 2.2737 ns/op
WorkloadResult   4: 268435456 op, 602477545.00 ns, 2.2444 ns/op
WorkloadResult   5: 268435456 op, 603195505.00 ns, 2.2471 ns/op
WorkloadResult   6: 268435456 op, 612621913.00 ns, 2.2822 ns/op
WorkloadResult   7: 268435456 op, 602224244.00 ns, 2.2435 ns/op
WorkloadResult   8: 268435456 op, 603050415.00 ns, 2.2465 ns/op
WorkloadResult   9: 268435456 op, 602142562.00 ns, 2.2432 ns/op
WorkloadResult  10: 268435456 op, 605491340.00 ns, 2.2556 ns/op
// GC:  0 0 0 672 268435456
// Threading:  0 0 268435456

// AfterAll
// Benchmark Process 327750 has exited with code 0.

Mean = 2.256 ns, StdErr = 0.005 ns (0.22%), N = 10, StdDev = 0.016 ns
Min = 2.243 ns, Q1 = 2.245 ns, Median = 2.247 ns, Q3 = 2.269 ns, Max = 2.282 ns
IQR = 0.025 ns, LowerFence = 2.208 ns, UpperFence = 2.306 ns
ConfidenceInterval = [2.232 ns; 2.279 ns] (CI 99.9%), Margin = 0.024 ns (1.04% of Mean)
Skewness = 0.67, Kurtosis = 1.49, MValue = 2

// ** Remained 2 (18.2 %) benchmark(s) to run. Estimated finish 2026-03-17 13:43 (0h 0m from now) **
// **************************
// Benchmark: Str16Bench.Str16_ToLower: Job-PHKGVJ(IterationCount=10, RunStrategy=Throughput, WarmupCount=5)
// *** Execute ***
// Launch: 1 / 1
// Execute: /home/master/coding/my.gitlab/csharp/Microservices.Showcase/bench/Microservices.Showcase.Benchs/bin/Release/net10.0/Microservices.Showcase.Benchs-Job-PHKGVJ-1/bin/Release/net10.0/linux-x64/publish/Microservices.Showcase.Benchs-Job-PHKGVJ-1 --anonymousPipes 117 118 --benchmarkName Microservices.Showcase.Benchmarks.Str16Bench.Str16_ToLower --job "IterationCount=10, RunStrategy=Throughput, WarmupCount=5" --benchmarkId 9 in 
// Failed to set up high priority (Permission denied). In order to run benchmarks with high priority, make sure you have the right permissions.
// BeforeAnythingElse

// Benchmark Process Environment Information:
// BenchmarkDotNet v0.15.8
// Runtime=.NET 10.0.4, X64 NativeAOT x86-64-v3
// GC=Concurrent Workstation
// HardwareIntrinsics=AVX2+BMI1+BMI2+F16C+FMA+LZCNT+MOVBE,AVX,SSE3+SSSE3+SSE4.1+SSE4.2+POPCNT,X86Base+SSE+SSE2,AES+PCLMUL VectorSize=256
// Job: Job-PHKGVJ(IterationCount=10, RunStrategy=Throughput, WarmupCount=5)

OverheadJitting  1: 1 op, 401.00 ns, 401.0000 ns/op
WorkloadJitting  1: 1 op, 8336.00 ns, 8.3360 us/op

OverheadJitting  2: 16 op, 210.00 ns, 13.1250 ns/op
WorkloadJitting  2: 16 op, 290.00 ns, 18.1250 ns/op

WorkloadPilot    1: 16 op, 601.00 ns, 37.5625 ns/op
WorkloadPilot    2: 32 op, 271.00 ns, 8.4688 ns/op
WorkloadPilot    3: 64 op, 321.00 ns, 5.0156 ns/op
WorkloadPilot    4: 128 op, 992.00 ns, 7.7500 ns/op
WorkloadPilot    5: 256 op, 641.00 ns, 2.5039 ns/op
WorkloadPilot    6: 512 op, 1072.00 ns, 2.0938 ns/op
WorkloadPilot    7: 1024 op, 1963.00 ns, 1.9170 ns/op
WorkloadPilot    8: 2048 op, 3697.00 ns, 1.8052 ns/op
WorkloadPilot    9: 4096 op, 7243.00 ns, 1.7683 ns/op
WorkloadPilot   10: 8192 op, 14377.00 ns, 1.7550 ns/op
WorkloadPilot   11: 16384 op, 28543.00 ns, 1.7421 ns/op
WorkloadPilot   12: 32768 op, 56976.00 ns, 1.7388 ns/op
WorkloadPilot   13: 65536 op, 113843.00 ns, 1.7371 ns/op
WorkloadPilot   14: 131072 op, 233405.00 ns, 1.7807 ns/op
WorkloadPilot   15: 262144 op, 825701.00 ns, 3.1498 ns/op
WorkloadPilot   16: 524288 op, 891814.00 ns, 1.7010 ns/op
WorkloadPilot   17: 1048576 op, 1774951.00 ns, 1.6927 ns/op
WorkloadPilot   18: 2097152 op, 3587894.00 ns, 1.7108 ns/op
WorkloadPilot   19: 4194304 op, 7370312.00 ns, 1.7572 ns/op
WorkloadPilot   20: 8388608 op, 14870155.00 ns, 1.7727 ns/op
WorkloadPilot   21: 16777216 op, 29776186.00 ns, 1.7748 ns/op
WorkloadPilot   22: 33554432 op, 61490729.00 ns, 1.8326 ns/op
WorkloadPilot   23: 67108864 op, 119842871.00 ns, 1.7858 ns/op
WorkloadPilot   24: 134217728 op, 240193210.00 ns, 1.7896 ns/op
WorkloadPilot   25: 268435456 op, 477912534.00 ns, 1.7804 ns/op
WorkloadPilot   26: 536870912 op, 950937981.00 ns, 1.7713 ns/op

OverheadWarmup   1: 536870912 op, 502139126.00 ns, 0.9353 ns/op
OverheadWarmup   2: 536870912 op, 500634239.00 ns, 0.9325 ns/op
OverheadWarmup   3: 536870912 op, 501524350.00 ns, 0.9342 ns/op
OverheadWarmup   4: 536870912 op, 501141686.00 ns, 0.9334 ns/op
OverheadWarmup   5: 536870912 op, 501766482.00 ns, 0.9346 ns/op
OverheadWarmup   6: 536870912 op, 499902494.00 ns, 0.9311 ns/op

OverheadActual   1: 536870912 op, 506695578.00 ns, 0.9438 ns/op
OverheadActual   2: 536870912 op, 503982837.00 ns, 0.9387 ns/op
OverheadActual   3: 536870912 op, 500334400.00 ns, 0.9319 ns/op
OverheadActual   4: 536870912 op, 503242777.00 ns, 0.9374 ns/op
OverheadActual   5: 536870912 op, 500745096.00 ns, 0.9327 ns/op
OverheadActual   6: 536870912 op, 502025906.00 ns, 0.9351 ns/op
OverheadActual   7: 536870912 op, 507306860.00 ns, 0.9449 ns/op
OverheadActual   8: 536870912 op, 504207737.00 ns, 0.9392 ns/op
OverheadActual   9: 536870912 op, 502854312.00 ns, 0.9366 ns/op
OverheadActual  10: 536870912 op, 500732153.00 ns, 0.9327 ns/op
OverheadActual  11: 536870912 op, 500215689.00 ns, 0.9317 ns/op
OverheadActual  12: 536870912 op, 502836078.00 ns, 0.9366 ns/op
OverheadActual  13: 536870912 op, 501415347.00 ns, 0.9340 ns/op
OverheadActual  14: 536870912 op, 505186133.00 ns, 0.9410 ns/op
OverheadActual  15: 536870912 op, 503090614.00 ns, 0.9371 ns/op

WorkloadWarmup   1: 536870912 op, 962131500.00 ns, 1.7921 ns/op
WorkloadWarmup   2: 536870912 op, 953579565.00 ns, 1.7762 ns/op
WorkloadWarmup   3: 536870912 op, 960998436.00 ns, 1.7900 ns/op
WorkloadWarmup   4: 536870912 op, 963048484.00 ns, 1.7938 ns/op
WorkloadWarmup   5: 536870912 op, 960607468.00 ns, 1.7893 ns/op

// BeforeActualRun
WorkloadActual   1: 536870912 op, 957178651.00 ns, 1.7829 ns/op
WorkloadActual   2: 536870912 op, 957475345.00 ns, 1.7834 ns/op
WorkloadActual   3: 536870912 op, 957679456.00 ns, 1.7838 ns/op
WorkloadActual   4: 536870912 op, 959624014.00 ns, 1.7874 ns/op
WorkloadActual   5: 536870912 op, 953054838.00 ns, 1.7752 ns/op
WorkloadActual   6: 536870912 op, 957693583.00 ns, 1.7838 ns/op
WorkloadActual   7: 536870912 op, 959613505.00 ns, 1.7874 ns/op
WorkloadActual   8: 536870912 op, 956625341.00 ns, 1.7819 ns/op
WorkloadActual   9: 536870912 op, 957480988.00 ns, 1.7834 ns/op
WorkloadActual  10: 536870912 op, 956230575.00 ns, 1.7811 ns/op

// AfterActualRun
WorkloadResult   1: 536870912 op, 454324339.00 ns, 0.8462 ns/op
WorkloadResult   2: 536870912 op, 454621033.00 ns, 0.8468 ns/op
WorkloadResult   3: 536870912 op, 454825144.00 ns, 0.8472 ns/op
WorkloadResult   4: 536870912 op, 450200526.00 ns, 0.8386 ns/op
WorkloadResult   5: 536870912 op, 454839271.00 ns, 0.8472 ns/op
WorkloadResult   6: 536870912 op, 453771029.00 ns, 0.8452 ns/op
WorkloadResult   7: 536870912 op, 454626676.00 ns, 0.8468 ns/op
WorkloadResult   8: 536870912 op, 453376263.00 ns, 0.8445 ns/op
// GC:  0 0 0 672 536870912
// Threading:  0 0 536870912

// AfterAll
// Benchmark Process 327770 has exited with code 0.

Mean = 0.845 ns, StdErr = 0.001 ns (0.12%), N = 8, StdDev = 0.003 ns
Min = 0.839 ns, Q1 = 0.845 ns, Median = 0.847 ns, Q3 = 0.847 ns, Max = 0.847 ns
IQR = 0.002 ns, LowerFence = 0.842 ns, UpperFence = 0.850 ns
ConfidenceInterval = [0.840 ns; 0.851 ns] (CI 99.9%), Margin = 0.006 ns (0.65% of Mean)
Skewness = -1.48, Kurtosis = 3.76, MValue = 2

// ** Remained 1 (9.1 %) benchmark(s) to run. Estimated finish 2026-03-17 13:43 (0h 0m from now) **
// **************************
// Benchmark: Str16Bench.ManualToLower: Job-PHKGVJ(IterationCount=10, RunStrategy=Throughput, WarmupCount=5)
// *** Execute ***
// Launch: 1 / 1
// Execute: /home/master/coding/my.gitlab/csharp/Microservices.Showcase/bench/Microservices.Showcase.Benchs/bin/Release/net10.0/Microservices.Showcase.Benchs-Job-PHKGVJ-1/bin/Release/net10.0/linux-x64/publish/Microservices.Showcase.Benchs-Job-PHKGVJ-1 --anonymousPipes 117 118 --benchmarkName Microservices.Showcase.Benchmarks.Str16Bench.ManualToLower --job "IterationCount=10, RunStrategy=Throughput, WarmupCount=5" --benchmarkId 10 in 
// Failed to set up high priority (Permission denied). In order to run benchmarks with high priority, make sure you have the right permissions.
// BeforeAnythingElse

// Benchmark Process Environment Information:
// BenchmarkDotNet v0.15.8
// Runtime=.NET 10.0.4, X64 NativeAOT x86-64-v3
// GC=Concurrent Workstation
// HardwareIntrinsics=AVX2+BMI1+BMI2+F16C+FMA+LZCNT+MOVBE,AVX,SSE3+SSSE3+SSE4.1+SSE4.2+POPCNT,X86Base+SSE+SSE2,AES+PCLMUL VectorSize=256
// Job: Job-PHKGVJ(IterationCount=10, RunStrategy=Throughput, WarmupCount=5)

OverheadJitting  1: 1 op, 311.00 ns, 311.0000 ns/op
WorkloadJitting  1: 1 op, 10821.00 ns, 10.8210 us/op

OverheadJitting  2: 16 op, 221.00 ns, 13.8125 ns/op
WorkloadJitting  2: 16 op, 541.00 ns, 33.8125 ns/op

WorkloadPilot    1: 16 op, 471.00 ns, 29.4375 ns/op
WorkloadPilot    2: 32 op, 761.00 ns, 23.7813 ns/op
WorkloadPilot    3: 64 op, 1333.00 ns, 20.8281 ns/op
WorkloadPilot    4: 128 op, 2504.00 ns, 19.5625 ns/op
WorkloadPilot    5: 256 op, 4869.00 ns, 19.0195 ns/op
WorkloadPilot    6: 512 op, 9618.00 ns, 18.7852 ns/op
WorkloadPilot    7: 1024 op, 19116.00 ns, 18.6680 ns/op
WorkloadPilot    8: 2048 op, 38051.00 ns, 18.5796 ns/op
WorkloadPilot    9: 4096 op, 76001.00 ns, 18.5549 ns/op
WorkloadPilot   10: 8192 op, 158335.00 ns, 19.3280 ns/op
WorkloadPilot   11: 16384 op, 309929.00 ns, 18.9166 ns/op
WorkloadPilot   12: 32768 op, 667535.00 ns, 20.3716 ns/op
WorkloadPilot   13: 65536 op, 1260532.00 ns, 19.2342 ns/op
WorkloadPilot   14: 131072 op, 2437047.00 ns, 18.5932 ns/op
WorkloadPilot   15: 262144 op, 5192739.00 ns, 19.8087 ns/op
WorkloadPilot   16: 524288 op, 9620991.00 ns, 18.3506 ns/op
WorkloadPilot   17: 1048576 op, 19236271.00 ns, 18.3451 ns/op
WorkloadPilot   18: 2097152 op, 38704375.00 ns, 18.4557 ns/op
WorkloadPilot   19: 4194304 op, 76990379.00 ns, 18.3559 ns/op
WorkloadPilot   20: 8388608 op, 152737458.00 ns, 18.2077 ns/op
WorkloadPilot   21: 16777216 op, 304332323.00 ns, 18.1396 ns/op
WorkloadPilot   22: 33554432 op, 609331852.00 ns, 18.1595 ns/op

OverheadWarmup   1: 33554432 op, 31524889.00 ns, 0.9395 ns/op
OverheadWarmup   2: 33554432 op, 31478563.00 ns, 0.9381 ns/op
OverheadWarmup   3: 33554432 op, 31637750.00 ns, 0.9429 ns/op
OverheadWarmup   4: 33554432 op, 31630998.00 ns, 0.9427 ns/op
OverheadWarmup   5: 33554432 op, 31582948.00 ns, 0.9412 ns/op
OverheadWarmup   6: 33554432 op, 31646696.00 ns, 0.9431 ns/op
OverheadWarmup   7: 33554432 op, 31625677.00 ns, 0.9425 ns/op

OverheadActual   1: 33554432 op, 31429070.00 ns, 0.9367 ns/op
OverheadActual   2: 33554432 op, 31769656.00 ns, 0.9468 ns/op
OverheadActual   3: 33554432 op, 31561607.00 ns, 0.9406 ns/op
OverheadActual   4: 33554432 op, 31664329.00 ns, 0.9437 ns/op
OverheadActual   5: 33554432 op, 31602975.00 ns, 0.9418 ns/op
OverheadActual   6: 33554432 op, 31596222.00 ns, 0.9416 ns/op
OverheadActual   7: 33554432 op, 31701969.00 ns, 0.9448 ns/op
OverheadActual   8: 33554432 op, 31774295.00 ns, 0.9469 ns/op
OverheadActual   9: 33554432 op, 31524528.00 ns, 0.9395 ns/op
OverheadActual  10: 33554432 op, 31718680.00 ns, 0.9453 ns/op
OverheadActual  11: 33554432 op, 31713952.00 ns, 0.9451 ns/op
OverheadActual  12: 33554432 op, 31713661.00 ns, 0.9451 ns/op
OverheadActual  13: 33554432 op, 31623884.00 ns, 0.9425 ns/op
OverheadActual  14: 33554432 op, 31618073.00 ns, 0.9423 ns/op
OverheadActual  15: 33554432 op, 32715500.00 ns, 0.9750 ns/op

WorkloadWarmup   1: 33554432 op, 609268194.00 ns, 18.1576 ns/op
WorkloadWarmup   2: 33554432 op, 609250641.00 ns, 18.1571 ns/op
WorkloadWarmup   3: 33554432 op, 609215806.00 ns, 18.1560 ns/op
WorkloadWarmup   4: 33554432 op, 608655180.00 ns, 18.1393 ns/op
WorkloadWarmup   5: 33554432 op, 609393838.00 ns, 18.1614 ns/op

// BeforeActualRun
WorkloadActual   1: 33554432 op, 611371759.00 ns, 18.2203 ns/op
WorkloadActual   2: 33554432 op, 615471348.00 ns, 18.3425 ns/op
WorkloadActual   3: 33554432 op, 609652140.00 ns, 18.1690 ns/op
WorkloadActual   4: 33554432 op, 611034310.00 ns, 18.2102 ns/op
WorkloadActual   5: 33554432 op, 607563784.00 ns, 18.1068 ns/op
WorkloadActual   6: 33554432 op, 608684406.00 ns, 18.1402 ns/op
WorkloadActual   7: 33554432 op, 608651715.00 ns, 18.1392 ns/op
WorkloadActual   8: 33554432 op, 608103081.00 ns, 18.1229 ns/op
WorkloadActual   9: 33554432 op, 605582718.00 ns, 18.0478 ns/op
WorkloadActual  10: 33554432 op, 610981562.00 ns, 18.2087 ns/op

// AfterActualRun
WorkloadResult   1: 33554432 op, 579707430.00 ns, 17.2766 ns/op
WorkloadResult   2: 33554432 op, 577987811.00 ns, 17.2254 ns/op
WorkloadResult   3: 33554432 op, 579369981.00 ns, 17.2666 ns/op
WorkloadResult   4: 33554432 op, 575899455.00 ns, 17.1631 ns/op
WorkloadResult   5: 33554432 op, 577020077.00 ns, 17.1965 ns/op
WorkloadResult   6: 33554432 op, 576987386.00 ns, 17.1956 ns/op
WorkloadResult   7: 33554432 op, 576438752.00 ns, 17.1792 ns/op
WorkloadResult   8: 33554432 op, 573918389.00 ns, 17.1041 ns/op
WorkloadResult   9: 33554432 op, 579317233.00 ns, 17.2650 ns/op
// GC:  0 0 0 672 33554432
// Threading:  0 0 33554432

// AfterAll
// Benchmark Process 327791 has exited with code 0.

Mean = 17.208 ns, StdErr = 0.019 ns (0.11%), N = 9, StdDev = 0.057 ns
Min = 17.104 ns, Q1 = 17.179 ns, Median = 17.197 ns, Q3 = 17.265 ns, Max = 17.277 ns
IQR = 0.086 ns, LowerFence = 17.051 ns, UpperFence = 17.394 ns
ConfidenceInterval = [17.113 ns; 17.303 ns] (CI 99.9%), Margin = 0.095 ns (0.55% of Mean)
Skewness = -0.32, Kurtosis = 1.8, MValue = 2

// ** Remained 0 (0.0 %) benchmark(s) to run. Estimated finish 2026-03-17 13:43 (0h 0m from now) **
// ***** BenchmarkRunner: Finish  *****

// * Export *
  BenchmarkDotNet.Artifacts/results/Microservices.Showcase.Benchmarks.Str16Bench-report.csv
  BenchmarkDotNet.Artifacts/results/Microservices.Showcase.Benchmarks.Str16Bench-report-github.md
  BenchmarkDotNet.Artifacts/results/Microservices.Showcase.Benchmarks.Str16Bench-report.html

// * Detailed results *
Str16Bench.Str16_GetHashCode: Job-PHKGVJ(IterationCount=10, RunStrategy=Throughput, WarmupCount=5)
Runtime = .NET 10.0.4, X64 NativeAOT x86-64-v3; GC = Concurrent Workstation
Mean = 0.236 ns, StdErr = 0.002 ns (0.88%), N = 10, StdDev = 0.007 ns
Min = 0.225 ns, Q1 = 0.231 ns, Median = 0.235 ns, Q3 = 0.242 ns, Max = 0.243 ns
IQR = 0.011 ns, LowerFence = 0.215 ns, UpperFence = 0.258 ns
ConfidenceInterval = [0.226 ns; 0.245 ns] (CI 99.9%), Margin = 0.010 ns (4.21% of Mean)
Skewness = -0.15, Kurtosis = 1.45, MValue = 2
-------------------- Histogram --------------------
[0.221 ns ; 0.228 ns) | @
[0.228 ns ; 0.236 ns) | @@@@@
[0.236 ns ; 0.246 ns) | @@@@
---------------------------------------------------

Str16Bench.HashCode_Vec128: Job-PHKGVJ(IterationCount=10, RunStrategy=Throughput, WarmupCount=5)
Runtime = .NET 10.0.4, X64 NativeAOT x86-64-v3; GC = Concurrent Workstation
Mean = 43.632 ns, StdErr = 0.111 ns (0.25%), N = 9, StdDev = 0.334 ns
Min = 43.275 ns, Q1 = 43.427 ns, Median = 43.628 ns, Q3 = 43.691 ns, Max = 44.349 ns
IQR = 0.264 ns, LowerFence = 43.032 ns, UpperFence = 44.086 ns
ConfidenceInterval = [43.071 ns; 44.193 ns] (CI 99.9%), Margin = 0.561 ns (1.28% of Mean)
Skewness = 0.89, Kurtosis = 2.67, MValue = 2
-------------------- Histogram --------------------
[43.064 ns ; 44.560 ns) | @@@@@@@@@
---------------------------------------------------

Str16Bench.HashCode_CombineTwoInt64: Job-PHKGVJ(IterationCount=10, RunStrategy=Throughput, WarmupCount=5)
Runtime = .NET 10.0.4, X64 NativeAOT x86-64-v3; GC = Concurrent Workstation
Mean = 5.675 ns, StdErr = 0.005 ns (0.09%), N = 9, StdDev = 0.015 ns
Min = 5.661 ns, Q1 = 5.667 ns, Median = 5.670 ns, Q3 = 5.673 ns, Max = 5.703 ns
IQR = 0.006 ns, LowerFence = 5.658 ns, UpperFence = 5.683 ns
ConfidenceInterval = [5.649 ns; 5.701 ns] (CI 99.9%), Margin = 0.026 ns (0.45% of Mean)
Skewness = 0.9, Kurtosis = 2.04, MValue = 2
-------------------- Histogram --------------------
[5.652 ns ; 5.713 ns) | @@@@@@@@@
---------------------------------------------------

Str16Bench.Str16_SseData: Job-PHKGVJ(IterationCount=10, RunStrategy=Throughput, WarmupCount=5)
Runtime = .NET 10.0.4, X64 NativeAOT x86-64-v3; GC = Concurrent Workstation
Mean = 0.298 ns, StdErr = 0.001 ns (0.36%), N = 10, StdDev = 0.003 ns
Min = 0.291 ns, Q1 = 0.298 ns, Median = 0.298 ns, Q3 = 0.300 ns, Max = 0.301 ns
IQR = 0.003 ns, LowerFence = 0.294 ns, UpperFence = 0.304 ns
ConfidenceInterval = [0.292 ns; 0.303 ns] (CI 99.9%), Margin = 0.005 ns (1.74% of Mean)
Skewness = -0.94, Kurtosis = 2.21, MValue = 2
-------------------- Histogram --------------------
[0.289 ns ; 0.302 ns) | @@@@@@@@@@
---------------------------------------------------

Str16Bench.Str16_Span: Job-PHKGVJ(IterationCount=10, RunStrategy=Throughput, WarmupCount=5)
Runtime = .NET 10.0.4, X64 NativeAOT x86-64-v3; GC = Concurrent Workstation
Mean = 0.275 ns, StdErr = 0.001 ns (0.44%), N = 10, StdDev = 0.004 ns
Min = 0.268 ns, Q1 = 0.273 ns, Median = 0.276 ns, Q3 = 0.277 ns, Max = 0.280 ns
IQR = 0.004 ns, LowerFence = 0.266 ns, UpperFence = 0.283 ns
ConfidenceInterval = [0.269 ns; 0.281 ns] (CI 99.9%), Margin = 0.006 ns (2.11% of Mean)
Skewness = -0.41, Kurtosis = 1.83, MValue = 2
-------------------- Histogram --------------------
[0.266 ns ; 0.275 ns) | @@@@
[0.275 ns ; 0.281 ns) | @@@@@@
---------------------------------------------------

Str16Bench.Str16_FromBytesUnsafe: Job-PHKGVJ(IterationCount=10, RunStrategy=Throughput, WarmupCount=5)
Runtime = .NET 10.0.4, X64 NativeAOT x86-64-v3; GC = Concurrent Workstation
Mean = 1.571 ns, StdErr = 0.007 ns (0.42%), N = 10, StdDev = 0.021 ns
Min = 1.537 ns, Q1 = 1.561 ns, Median = 1.571 ns, Q3 = 1.582 ns, Max = 1.601 ns
IQR = 0.021 ns, LowerFence = 1.529 ns, UpperFence = 1.614 ns
ConfidenceInterval = [1.540 ns; 1.602 ns] (CI 99.9%), Margin = 0.031 ns (1.99% of Mean)
Skewness = -0.08, Kurtosis = 1.71, MValue = 2
-------------------- Histogram --------------------
[1.525 ns ; 1.614 ns) | @@@@@@@@@@
---------------------------------------------------

Str16Bench.Str16_FromBytes: Job-PHKGVJ(IterationCount=10, RunStrategy=Throughput, WarmupCount=5)
Runtime = .NET 10.0.4, X64 NativeAOT x86-64-v3; GC = Concurrent Workstation
Mean = 4.936 ns, StdErr = 0.006 ns (0.12%), N = 10, StdDev = 0.019 ns
Min = 4.907 ns, Q1 = 4.923 ns, Median = 4.938 ns, Q3 = 4.947 ns, Max = 4.961 ns
IQR = 0.024 ns, LowerFence = 4.888 ns, UpperFence = 4.982 ns
ConfidenceInterval = [4.907 ns; 4.964 ns] (CI 99.9%), Margin = 0.029 ns (0.58% of Mean)
Skewness = -0.14, Kurtosis = 1.49, MValue = 2
-------------------- Histogram --------------------
[4.896 ns ; 4.973 ns) | @@@@@@@@@@
---------------------------------------------------

Str16Bench.Str16_FromJsonUnsafe: Job-PHKGVJ(IterationCount=10, RunStrategy=Throughput, WarmupCount=5)
Runtime = .NET 10.0.4, X64 NativeAOT x86-64-v3; GC = Concurrent Workstation
Mean = 2.048 ns, StdErr = 0.005 ns (0.24%), N = 10, StdDev = 0.015 ns
Min = 2.021 ns, Q1 = 2.042 ns, Median = 2.046 ns, Q3 = 2.059 ns, Max = 2.073 ns
IQR = 0.017 ns, LowerFence = 2.016 ns, UpperFence = 2.084 ns
ConfidenceInterval = [2.025 ns; 2.071 ns] (CI 99.9%), Margin = 0.023 ns (1.13% of Mean)
Skewness = -0.01, Kurtosis = 1.98, MValue = 2
-------------------- Histogram --------------------
[2.021 ns ; 2.082 ns) | @@@@@@@@@@
---------------------------------------------------

Str16Bench.Span_ReadFromJsonTillQuote: Job-PHKGVJ(IterationCount=10, RunStrategy=Throughput, WarmupCount=5)
Runtime = .NET 10.0.4, X64 NativeAOT x86-64-v3; GC = Concurrent Workstation
Mean = 2.256 ns, StdErr = 0.005 ns (0.22%), N = 10, StdDev = 0.016 ns
Min = 2.243 ns, Q1 = 2.245 ns, Median = 2.247 ns, Q3 = 2.269 ns, Max = 2.282 ns
IQR = 0.025 ns, LowerFence = 2.208 ns, UpperFence = 2.306 ns
ConfidenceInterval = [2.232 ns; 2.279 ns] (CI 99.9%), Margin = 0.024 ns (1.04% of Mean)
Skewness = 0.67, Kurtosis = 1.49, MValue = 2
-------------------- Histogram --------------------
[2.234 ns ; 2.292 ns) | @@@@@@@@@@
---------------------------------------------------

Str16Bench.Str16_ToLower: Job-PHKGVJ(IterationCount=10, RunStrategy=Throughput, WarmupCount=5)
Runtime = .NET 10.0.4, X64 NativeAOT x86-64-v3; GC = Concurrent Workstation
Mean = 0.845 ns, StdErr = 0.001 ns (0.12%), N = 8, StdDev = 0.003 ns
Min = 0.839 ns, Q1 = 0.845 ns, Median = 0.847 ns, Q3 = 0.847 ns, Max = 0.847 ns
IQR = 0.002 ns, LowerFence = 0.842 ns, UpperFence = 0.850 ns
ConfidenceInterval = [0.840 ns; 0.851 ns] (CI 99.9%), Margin = 0.006 ns (0.65% of Mean)
Skewness = -1.48, Kurtosis = 3.76, MValue = 2
-------------------- Histogram --------------------
[0.837 ns ; 0.849 ns) | @@@@@@@@
---------------------------------------------------

Str16Bench.ManualToLower: Job-PHKGVJ(IterationCount=10, RunStrategy=Throughput, WarmupCount=5)
Runtime = .NET 10.0.4, X64 NativeAOT x86-64-v3; GC = Concurrent Workstation
Mean = 17.208 ns, StdErr = 0.019 ns (0.11%), N = 9, StdDev = 0.057 ns
Min = 17.104 ns, Q1 = 17.179 ns, Median = 17.197 ns, Q3 = 17.265 ns, Max = 17.277 ns
IQR = 0.086 ns, LowerFence = 17.051 ns, UpperFence = 17.394 ns
ConfidenceInterval = [17.113 ns; 17.303 ns] (CI 99.9%), Margin = 0.095 ns (0.55% of Mean)
Skewness = -0.32, Kurtosis = 1.8, MValue = 2
-------------------- Histogram --------------------
[17.068 ns ; 17.312 ns) | @@@@@@@@@
---------------------------------------------------

// * Summary *

BenchmarkDotNet v0.15.8, Linux Ubuntu 24.04.4 LTS (Noble Numbat)
AMD Ryzen 7 6800H with Radeon Graphics 1.10GHz, 1 CPU, 16 logical and 8 physical cores
  [Host]     : .NET 10.0.4, X64 NativeAOT x86-64-v3
  Job-PHKGVJ : .NET 10.0.4, X64 NativeAOT x86-64-v3

IterationCount=10  RunStrategy=Throughput  WarmupCount=5  

| Method                     | Categories | Mean       | Error     | StdDev    | Ratio  | RatioSD | Allocated | Alloc Ratio |
|--------------------------- |----------- |-----------:|----------:|----------:|-------:|--------:|----------:|------------:|
| Str16_GetHashCode          | HashCode   |  0.2355 ns | 0.0099 ns | 0.0066 ns |   1.00 |    0.04 |         - |          NA |
| HashCode_Vec128            | HashCode   | 43.6321 ns | 0.5607 ns | 0.3336 ns | 185.39 |    5.13 |         - |          NA |
| HashCode_CombineTwoInt64   | HashCode   |  5.6751 ns | 0.0257 ns | 0.0153 ns |  24.11 |    0.65 |         - |          NA |
|                            |            |            |           |           |        |         |           |             |
| Str16_SseData              | RawData    |  0.2976 ns | 0.0052 ns | 0.0034 ns |   1.00 |    0.02 |         - |          NA |
| Str16_Span                 | RawData    |  0.2751 ns | 0.0058 ns | 0.0038 ns |   0.92 |    0.02 |         - |          NA |
|                            |            |            |           |           |        |         |           |             |
| Str16_FromBytesUnsafe      | Read       |  1.5710 ns | 0.0313 ns | 0.0207 ns |   1.00 |    0.02 |         - |          NA |
| Str16_FromBytes            | Read       |  4.9357 ns | 0.0286 ns | 0.0189 ns |   3.14 |    0.04 |         - |          NA |
| Str16_FromJsonUnsafe       | Read       |  2.0481 ns | 0.0230 ns | 0.0152 ns |   1.30 |    0.02 |         - |          NA |
| Span_ReadFromJsonTillQuote | Read       |  2.2558 ns | 0.0235 ns | 0.0156 ns |   1.44 |    0.02 |         - |          NA |
|                            |            |            |           |           |        |         |           |             |
| Str16_ToLower              | ToLower    |  0.8453 ns | 0.0055 ns | 0.0029 ns |   1.00 |    0.00 |         - |          NA |
| ManualToLower              | ToLower    | 17.2080 ns | 0.0951 ns | 0.0566 ns |  20.36 |    0.09 |         - |          NA |

// * Hints *
Outliers
  Str16Bench.HashCode_Vec128: IterationCount=10, RunStrategy=Throughput, WarmupCount=5          -> 1 outlier  was  removed (45.82 ns)
  Str16Bench.HashCode_CombineTwoInt64: IterationCount=10, RunStrategy=Throughput, WarmupCount=5 -> 1 outlier  was  removed (6.71 ns)
  Str16Bench.Str16_SseData: IterationCount=10, RunStrategy=Throughput, WarmupCount=5            -> 2 outliers were detected (1.23 ns, 1.23 ns)
  Str16Bench.Str16_ToLower: IterationCount=10, RunStrategy=Throughput, WarmupCount=5            -> 2 outliers were removed, 3 outliers were detected (1.78 ns, 1.79 ns, 1.79 ns)
  Str16Bench.ManualToLower: IterationCount=10, RunStrategy=Throughput, WarmupCount=5            -> 1 outlier  was  removed (18.34 ns)

// * Legends *
  Categories  : All categories of the corresponded method, class, and assembly
  Mean        : Arithmetic mean of all measurements
  Error       : Half of 99.9% confidence interval
  StdDev      : Standard deviation of all measurements
  Ratio       : Mean of the ratio distribution ([Current]/[Baseline])
  RatioSD     : Standard deviation of the ratio distribution ([Current]/[Baseline])
  Allocated   : Allocated memory per single operation (managed only, inclusive, 1KB = 1024B)
  Alloc Ratio : Allocated memory ratio distribution ([Current]/[Baseline])
  1 ns        : 1 Nanosecond (0.000000001 sec)

// * Diagnostic Output - MemoryDiagnoser *


// ***** BenchmarkRunner: End *****
Run time: 00:03:39 (219.69 sec), executed benchmarks: 11

Global total time: 00:04:45 (285.93 sec), executed benchmarks: 11
// * Artifacts cleanup *
Artifacts cleanup is finished
