// Validating benchmarks:
// ***** BenchmarkRunner: Start   *****
// ***** Found 6 benchmark(s) in total *****
// ***** Building 1 exe(s) in Parallel: Start   *****
// start dotnet  restore -r linux-x64 --nodeReuse:false /p:UseSharedCompilation=false /p:Deterministic=true /p:Optimize=true /p:ArtifactsPath="/home/master/coding/my.gitlab/csharp/Microservices.Showcase/bench/Microservices.Showcase.Benchs/bin/Release/net10.0/Microservices.Showcase.Benchs-Job-PHKGVJ-1/" /p:OutDir="/home/master/coding/my.gitlab/csharp/Microservices.Showcase/bench/Microservices.Showcase.Benchs/bin/Release/net10.0/Microservices.Showcase.Benchs-Job-PHKGVJ-1/bin/Release/net10.0/linux-x64/publish/" /p:OutputPath="/home/master/coding/my.gitlab/csharp/Microservices.Showcase/bench/Microservices.Showcase.Benchs/bin/Release/net10.0/Microservices.Showcase.Benchs-Job-PHKGVJ-1/bin/Release/net10.0/linux-x64/publish/" /p:PublishDir="/home/master/coding/my.gitlab/csharp/Microservices.Showcase/bench/Microservices.Showcase.Benchs/bin/Release/net10.0/Microservices.Showcase.Benchs-Job-PHKGVJ-1/publish/" in /home/master/coding/my.gitlab/csharp/Microservices.Showcase/bench/Microservices.Showcase.Benchs/bin/Release/net10.0/Microservices.Showcase.Benchs-Job-PHKGVJ-1
// command took 2.09 sec and exited with 0
// start dotnet  publish -c Release -r linux-x64 --no-restore --nodeReuse:false /p:UseSharedCompilation=false /p:Deterministic=true /p:Optimize=true /p:ArtifactsPath="/home/master/coding/my.gitlab/csharp/Microservices.Showcase/bench/Microservices.Showcase.Benchs/bin/Release/net10.0/Microservices.Showcase.Benchs-Job-PHKGVJ-1/" /p:OutDir="/home/master/coding/my.gitlab/csharp/Microservices.Showcase/bench/Microservices.Showcase.Benchs/bin/Release/net10.0/Microservices.Showcase.Benchs-Job-PHKGVJ-1/bin/Release/net10.0/linux-x64/publish/" /p:OutputPath="/home/master/coding/my.gitlab/csharp/Microservices.Showcase/bench/Microservices.Showcase.Benchs/bin/Release/net10.0/Microservices.Showcase.Benchs-Job-PHKGVJ-1/bin/Release/net10.0/linux-x64/publish/" /p:PublishDir="/home/master/coding/my.gitlab/csharp/Microservices.Showcase/bench/Microservices.Showcase.Benchs/bin/Release/net10.0/Microservices.Showcase.Benchs-Job-PHKGVJ-1/publish/" --output "/home/master/coding/my.gitlab/csharp/Microservices.Showcase/bench/Microservices.Showcase.Benchs/bin/Release/net10.0/Microservices.Showcase.Benchs-Job-PHKGVJ-1/bin/Release/net10.0/linux-x64/publish/" in /home/master/coding/my.gitlab/csharp/Microservices.Showcase/bench/Microservices.Showcase.Benchs/bin/Release/net10.0/Microservices.Showcase.Benchs-Job-PHKGVJ-1
// command took 70.2 sec and exited with 0
// ***** Done, took 00:01:12 (72.37 sec)   *****
// Found 6 benchmarks:
//   Str16Bench.GetHashCode: Job-PHKGVJ(IterationCount=10, RunStrategy=Throughput, WarmupCount=5)
//   Str16Bench.FromBytesUnsafe: Job-PHKGVJ(IterationCount=10, RunStrategy=Throughput, WarmupCount=5)
//   Str16Bench.FromBytes: Job-PHKGVJ(IterationCount=10, RunStrategy=Throughput, WarmupCount=5)
//   Str16Bench.FromJsonUnsafe: Job-PHKGVJ(IterationCount=10, RunStrategy=Throughput, WarmupCount=5)
//   Str16Bench.ToLower: Job-PHKGVJ(IterationCount=10, RunStrategy=Throughput, WarmupCount=5)
//   Str16Bench.ManualToLower: Job-PHKGVJ(IterationCount=10, RunStrategy=Throughput, WarmupCount=5)

// **************************
// Benchmark: Str16Bench.GetHashCode: Job-PHKGVJ(IterationCount=10, RunStrategy=Throughput, WarmupCount=5)
// *** Execute ***
// Launch: 1 / 1
// Execute: /home/master/coding/my.gitlab/csharp/Microservices.Showcase/bench/Microservices.Showcase.Benchs/bin/Release/net10.0/Microservices.Showcase.Benchs-Job-PHKGVJ-1/bin/Release/net10.0/linux-x64/publish/Microservices.Showcase.Benchs-Job-PHKGVJ-1 --anonymousPipes 112 113 --benchmarkName Microservices.Showcase.Benchmarks.Str16Bench.GetHashCode --job "IterationCount=10, RunStrategy=Throughput, WarmupCount=5" --benchmarkId 0 in 
// Failed to set up high priority (Permission denied). In order to run benchmarks with high priority, make sure you have the right permissions.
// BeforeAnythingElse

// Benchmark Process Environment Information:
// BenchmarkDotNet v0.15.8
// Runtime=.NET 10.0.4, X64 NativeAOT x86-64-v3
// GC=Concurrent Workstation
// HardwareIntrinsics=AVX2+BMI1+BMI2+F16C+FMA+LZCNT+MOVBE,AVX,SSE3+SSSE3+SSE4.1+SSE4.2+POPCNT,X86Base+SSE+SSE2,AES+PCLMUL VectorSize=256
// Job: Job-PHKGVJ(IterationCount=10, RunStrategy=Throughput, WarmupCount=5)

OverheadJitting  1: 1 op, 210.00 ns, 210.0000 ns/op
WorkloadJitting  1: 1 op, 7544.00 ns, 7.5440 us/op

OverheadJitting  2: 16 op, 210.00 ns, 13.1250 ns/op
WorkloadJitting  2: 16 op, 341.00 ns, 21.3125 ns/op

WorkloadPilot    1: 16 op, 251.00 ns, 15.6875 ns/op
WorkloadPilot    2: 32 op, 311.00 ns, 9.7188 ns/op
WorkloadPilot    3: 64 op, 361.00 ns, 5.6406 ns/op
WorkloadPilot    4: 128 op, 480.00 ns, 3.7500 ns/op
WorkloadPilot    5: 256 op, 551.00 ns, 2.1523 ns/op
WorkloadPilot    6: 512 op, 852.00 ns, 1.6641 ns/op
WorkloadPilot    7: 1024 op, 1483.00 ns, 1.4482 ns/op
WorkloadPilot    8: 2048 op, 2805.00 ns, 1.3696 ns/op
WorkloadPilot    9: 4096 op, 10659.00 ns, 2.6023 ns/op
WorkloadPilot   10: 8192 op, 10339.00 ns, 1.2621 ns/op
WorkloadPilot   11: 16384 op, 19857.00 ns, 1.2120 ns/op
WorkloadPilot   12: 32768 op, 51656.00 ns, 1.5764 ns/op
WorkloadPilot   13: 65536 op, 82334.00 ns, 1.2563 ns/op
WorkloadPilot   14: 131072 op, 219428.00 ns, 1.6741 ns/op
WorkloadPilot   15: 262144 op, 330504.00 ns, 1.2608 ns/op
WorkloadPilot   16: 524288 op, 658163.00 ns, 1.2553 ns/op
WorkloadPilot   17: 1048576 op, 1349178.00 ns, 1.2867 ns/op
WorkloadPilot   18: 2097152 op, 2579254.00 ns, 1.2299 ns/op
WorkloadPilot   19: 4194304 op, 5540147.00 ns, 1.3209 ns/op
WorkloadPilot   20: 8388608 op, 12165602.00 ns, 1.4503 ns/op
WorkloadPilot   21: 16777216 op, 23285210.00 ns, 1.3879 ns/op
WorkloadPilot   22: 33554432 op, 45737202.00 ns, 1.3631 ns/op
WorkloadPilot   23: 67108864 op, 90403292.00 ns, 1.3471 ns/op
WorkloadPilot   24: 134217728 op, 178980151.00 ns, 1.3335 ns/op
WorkloadPilot   25: 268435456 op, 357489080.00 ns, 1.3318 ns/op
WorkloadPilot   26: 536870912 op, 713855826.00 ns, 1.3297 ns/op

OverheadWarmup   1: 536870912 op, 544780672.00 ns, 1.0147 ns/op
OverheadWarmup   2: 536870912 op, 543062755.00 ns, 1.0115 ns/op
OverheadWarmup   3: 536870912 op, 538407618.00 ns, 1.0029 ns/op
OverheadWarmup   4: 536870912 op, 556879751.00 ns, 1.0373 ns/op
OverheadWarmup   5: 536870912 op, 559757173.00 ns, 1.0426 ns/op
OverheadWarmup   6: 536870912 op, 554024438.00 ns, 1.0320 ns/op
OverheadWarmup   7: 536870912 op, 546642549.00 ns, 1.0182 ns/op
OverheadWarmup   8: 536870912 op, 541868506.00 ns, 1.0093 ns/op
OverheadWarmup   9: 536870912 op, 543105919.00 ns, 1.0116 ns/op
OverheadWarmup  10: 536870912 op, 553304546.00 ns, 1.0306 ns/op

OverheadActual   1: 536870912 op, 555713428.00 ns, 1.0351 ns/op
OverheadActual   2: 536870912 op, 549766070.00 ns, 1.0240 ns/op
OverheadActual   3: 536870912 op, 543114373.00 ns, 1.0116 ns/op
OverheadActual   4: 536870912 op, 543397593.00 ns, 1.0122 ns/op
OverheadActual   5: 536870912 op, 543211106.00 ns, 1.0118 ns/op
OverheadActual   6: 536870912 op, 548803544.00 ns, 1.0222 ns/op
OverheadActual   7: 536870912 op, 546654801.00 ns, 1.0182 ns/op
OverheadActual   8: 536870912 op, 544320875.00 ns, 1.0139 ns/op
OverheadActual   9: 536870912 op, 546590645.00 ns, 1.0181 ns/op
OverheadActual  10: 536870912 op, 539472124.00 ns, 1.0048 ns/op
OverheadActual  11: 536870912 op, 536502863.00 ns, 0.9993 ns/op
OverheadActual  12: 536870912 op, 542119329.00 ns, 1.0098 ns/op
OverheadActual  13: 536870912 op, 547106176.00 ns, 1.0191 ns/op
OverheadActual  14: 536870912 op, 547430746.00 ns, 1.0197 ns/op
OverheadActual  15: 536870912 op, 544591643.00 ns, 1.0144 ns/op

WorkloadWarmup   1: 536870912 op, 701237291.00 ns, 1.3062 ns/op
WorkloadWarmup   2: 536870912 op, 698384927.00 ns, 1.3008 ns/op
WorkloadWarmup   3: 536870912 op, 700836574.00 ns, 1.3054 ns/op
WorkloadWarmup   4: 536870912 op, 699860003.00 ns, 1.3036 ns/op
WorkloadWarmup   5: 536870912 op, 703067124.00 ns, 1.3096 ns/op

// BeforeActualRun
WorkloadActual   1: 536870912 op, 702639026.00 ns, 1.3088 ns/op
WorkloadActual   2: 536870912 op, 712409995.00 ns, 1.3270 ns/op
WorkloadActual   3: 536870912 op, 716303244.00 ns, 1.3342 ns/op
WorkloadActual   4: 536870912 op, 698931536.00 ns, 1.3019 ns/op
WorkloadActual   5: 536870912 op, 707157971.00 ns, 1.3172 ns/op
WorkloadActual   6: 536870912 op, 701019612.00 ns, 1.3058 ns/op
WorkloadActual   7: 536870912 op, 696900371.00 ns, 1.2981 ns/op
WorkloadActual   8: 536870912 op, 692154947.00 ns, 1.2892 ns/op
WorkloadActual   9: 536870912 op, 689687904.00 ns, 1.2846 ns/op
WorkloadActual  10: 536870912 op, 696891516.00 ns, 1.2981 ns/op

// AfterActualRun
WorkloadResult   1: 536870912 op, 158047383.00 ns, 0.2944 ns/op
WorkloadResult   2: 536870912 op, 167818352.00 ns, 0.3126 ns/op
WorkloadResult   3: 536870912 op, 171711601.00 ns, 0.3198 ns/op
WorkloadResult   4: 536870912 op, 154339893.00 ns, 0.2875 ns/op
WorkloadResult   5: 536870912 op, 162566328.00 ns, 0.3028 ns/op
WorkloadResult   6: 536870912 op, 156427969.00 ns, 0.2914 ns/op
WorkloadResult   7: 536870912 op, 152308728.00 ns, 0.2837 ns/op
WorkloadResult   8: 536870912 op, 147563304.00 ns, 0.2749 ns/op
WorkloadResult   9: 536870912 op, 145096261.00 ns, 0.2703 ns/op
WorkloadResult  10: 536870912 op, 152299873.00 ns, 0.2837 ns/op
// GC:  0 0 0 672 536870912
// Threading:  0 0 536870912

// AfterAll
// Benchmark Process 317993 has exited with code 0.

Mean = 0.292 ns, StdErr = 0.005 ns (1.71%), N = 10, StdDev = 0.016 ns
Min = 0.270 ns, Q1 = 0.284 ns, Median = 0.289 ns, Q3 = 0.301 ns, Max = 0.320 ns
IQR = 0.017 ns, LowerFence = 0.258 ns, UpperFence = 0.326 ns
ConfidenceInterval = [0.268 ns; 0.316 ns] (CI 99.9%), Margin = 0.024 ns (8.18% of Mean)
Skewness = 0.36, Kurtosis = 1.78, MValue = 2

// ** Remained 5 (83.3 %) benchmark(s) to run. Estimated finish 2026-03-17 12:34 (0h 2m from now) **
// **************************
// Benchmark: Str16Bench.FromBytesUnsafe: Job-PHKGVJ(IterationCount=10, RunStrategy=Throughput, WarmupCount=5)
// *** Execute ***
// Launch: 1 / 1
// Execute: /home/master/coding/my.gitlab/csharp/Microservices.Showcase/bench/Microservices.Showcase.Benchs/bin/Release/net10.0/Microservices.Showcase.Benchs-Job-PHKGVJ-1/bin/Release/net10.0/linux-x64/publish/Microservices.Showcase.Benchs-Job-PHKGVJ-1 --anonymousPipes 112 113 --benchmarkName Microservices.Showcase.Benchmarks.Str16Bench.FromBytesUnsafe --job "IterationCount=10, RunStrategy=Throughput, WarmupCount=5" --benchmarkId 1 in 
// Failed to set up high priority (Permission denied). In order to run benchmarks with high priority, make sure you have the right permissions.
// BeforeAnythingElse

// Benchmark Process Environment Information:
// BenchmarkDotNet v0.15.8
// Runtime=.NET 10.0.4, X64 NativeAOT x86-64-v3
// GC=Concurrent Workstation
// HardwareIntrinsics=AVX2+BMI1+BMI2+F16C+FMA+LZCNT+MOVBE,AVX,SSE3+SSSE3+SSE4.1+SSE4.2+POPCNT,X86Base+SSE+SSE2,AES+PCLMUL VectorSize=256
// Job: Job-PHKGVJ(IterationCount=10, RunStrategy=Throughput, WarmupCount=5)

OverheadJitting  1: 1 op, 181.00 ns, 181.0000 ns/op
WorkloadJitting  1: 1 op, 7293.00 ns, 7.2930 us/op

OverheadJitting  2: 16 op, 230.00 ns, 14.3750 ns/op
WorkloadJitting  2: 16 op, 260.00 ns, 16.2500 ns/op

WorkloadPilot    1: 16 op, 261.00 ns, 16.3125 ns/op
WorkloadPilot    2: 32 op, 340.00 ns, 10.6250 ns/op
WorkloadPilot    3: 64 op, 511.00 ns, 7.9844 ns/op
WorkloadPilot    4: 128 op, 902.00 ns, 7.0469 ns/op
WorkloadPilot    5: 256 op, 1693.00 ns, 6.6133 ns/op
WorkloadPilot    6: 512 op, 3236.00 ns, 6.3203 ns/op
WorkloadPilot    7: 1024 op, 6482.00 ns, 6.3301 ns/op
WorkloadPilot    8: 2048 op, 13736.00 ns, 6.7070 ns/op
WorkloadPilot    9: 4096 op, 25608.00 ns, 6.2520 ns/op
WorkloadPilot   10: 8192 op, 70471.00 ns, 8.6024 ns/op
WorkloadPilot   11: 16384 op, 107049.00 ns, 6.5338 ns/op
WorkloadPilot   12: 32768 op, 204570.00 ns, 6.2430 ns/op
WorkloadPilot   13: 65536 op, 403070.00 ns, 6.1504 ns/op
WorkloadPilot   14: 131072 op, 793154.00 ns, 6.0513 ns/op
WorkloadPilot   15: 262144 op, 1589095.00 ns, 6.0619 ns/op
WorkloadPilot   16: 524288 op, 3200020.00 ns, 6.1036 ns/op
WorkloadPilot   17: 1048576 op, 6458158.00 ns, 6.1590 ns/op
WorkloadPilot   18: 2097152 op, 12699422.00 ns, 6.0556 ns/op
WorkloadPilot   19: 4194304 op, 25145503.00 ns, 5.9952 ns/op
WorkloadPilot   20: 8388608 op, 50778100.00 ns, 6.0532 ns/op
WorkloadPilot   21: 16777216 op, 102006437.00 ns, 6.0801 ns/op
WorkloadPilot   22: 33554432 op, 201606630.00 ns, 6.0083 ns/op
WorkloadPilot   23: 67108864 op, 404739138.00 ns, 6.0311 ns/op
WorkloadPilot   24: 134217728 op, 800439356.00 ns, 5.9637 ns/op

OverheadWarmup   1: 134217728 op, 128074207.00 ns, 0.9542 ns/op
OverheadWarmup   2: 134217728 op, 128166620.00 ns, 0.9549 ns/op
OverheadWarmup   3: 134217728 op, 128618882.00 ns, 0.9583 ns/op
OverheadWarmup   4: 134217728 op, 129090990.00 ns, 0.9618 ns/op
OverheadWarmup   5: 134217728 op, 128210052.00 ns, 0.9552 ns/op
OverheadWarmup   6: 134217728 op, 127515220.00 ns, 0.9501 ns/op
OverheadWarmup   7: 134217728 op, 130479372.00 ns, 0.9721 ns/op
OverheadWarmup   8: 134217728 op, 126341298.00 ns, 0.9413 ns/op

OverheadActual   1: 134217728 op, 130114403.00 ns, 0.9694 ns/op
OverheadActual   2: 134217728 op, 128335537.00 ns, 0.9562 ns/op
OverheadActual   3: 134217728 op, 128454118.00 ns, 0.9571 ns/op
OverheadActual   4: 134217728 op, 127840186.00 ns, 0.9525 ns/op
OverheadActual   5: 134217728 op, 127103907.00 ns, 0.9470 ns/op
OverheadActual   6: 134217728 op, 127626009.00 ns, 0.9509 ns/op
OverheadActual   7: 134217728 op, 128412852.00 ns, 0.9568 ns/op
OverheadActual   8: 134217728 op, 129029909.00 ns, 0.9613 ns/op
OverheadActual   9: 134217728 op, 128106432.00 ns, 0.9545 ns/op
OverheadActual  10: 134217728 op, 127481693.00 ns, 0.9498 ns/op
OverheadActual  11: 134217728 op, 127035633.00 ns, 0.9465 ns/op
OverheadActual  12: 134217728 op, 127303461.00 ns, 0.9485 ns/op
OverheadActual  13: 134217728 op, 126847334.00 ns, 0.9451 ns/op
OverheadActual  14: 134217728 op, 126804073.00 ns, 0.9448 ns/op
OverheadActual  15: 134217728 op, 127427361.00 ns, 0.9494 ns/op

WorkloadWarmup   1: 134217728 op, 792328898.00 ns, 5.9033 ns/op
WorkloadWarmup   2: 134217728 op, 791429047.00 ns, 5.8966 ns/op
WorkloadWarmup   3: 134217728 op, 792120845.00 ns, 5.9018 ns/op
WorkloadWarmup   4: 134217728 op, 790442337.00 ns, 5.8893 ns/op
WorkloadWarmup   5: 134217728 op, 791562335.00 ns, 5.8976 ns/op

// BeforeActualRun
WorkloadActual   1: 134217728 op, 792097021.00 ns, 5.9016 ns/op
WorkloadActual   2: 134217728 op, 793095400.00 ns, 5.9090 ns/op
WorkloadActual   3: 134217728 op, 790709234.00 ns, 5.8912 ns/op
WorkloadActual   4: 134217728 op, 789713325.00 ns, 5.8838 ns/op
WorkloadActual   5: 134217728 op, 794114955.00 ns, 5.9166 ns/op
WorkloadActual   6: 134217728 op, 793260257.00 ns, 5.9102 ns/op
WorkloadActual   7: 134217728 op, 788868132.00 ns, 5.8775 ns/op
WorkloadActual   8: 134217728 op, 788758841.00 ns, 5.8767 ns/op
WorkloadActual   9: 134217728 op, 788889027.00 ns, 5.8777 ns/op
WorkloadActual  10: 134217728 op, 799211526.00 ns, 5.9546 ns/op

// AfterActualRun
WorkloadResult   1: 134217728 op, 664471012.00 ns, 4.9507 ns/op
WorkloadResult   2: 134217728 op, 665469391.00 ns, 4.9581 ns/op
WorkloadResult   3: 134217728 op, 663083225.00 ns, 4.9404 ns/op
WorkloadResult   4: 134217728 op, 662087316.00 ns, 4.9329 ns/op
WorkloadResult   5: 134217728 op, 666488946.00 ns, 4.9657 ns/op
WorkloadResult   6: 134217728 op, 665634248.00 ns, 4.9594 ns/op
WorkloadResult   7: 134217728 op, 661242123.00 ns, 4.9266 ns/op
WorkloadResult   8: 134217728 op, 661132832.00 ns, 4.9258 ns/op
WorkloadResult   9: 134217728 op, 661263018.00 ns, 4.9268 ns/op
WorkloadResult  10: 134217728 op, 671585517.00 ns, 5.0037 ns/op
// GC:  0 0 0 672 134217728
// Threading:  0 0 134217728

// AfterAll
// Benchmark Process 318028 has exited with code 0.

Mean = 4.949 ns, StdErr = 0.008 ns (0.16%), N = 10, StdDev = 0.024 ns
Min = 4.926 ns, Q1 = 4.928 ns, Median = 4.946 ns, Q3 = 4.959 ns, Max = 5.004 ns
IQR = 0.031 ns, LowerFence = 4.882 ns, UpperFence = 5.005 ns
ConfidenceInterval = [4.912 ns; 4.986 ns] (CI 99.9%), Margin = 0.037 ns (0.74% of Mean)
Skewness = 0.91, Kurtosis = 2.82, MValue = 2

// ** Remained 4 (66.7 %) benchmark(s) to run. Estimated finish 2026-03-17 12:33 (0h 1m from now) **
// **************************
// Benchmark: Str16Bench.FromBytes: Job-PHKGVJ(IterationCount=10, RunStrategy=Throughput, WarmupCount=5)
// *** Execute ***
// Launch: 1 / 1
// Execute: /home/master/coding/my.gitlab/csharp/Microservices.Showcase/bench/Microservices.Showcase.Benchs/bin/Release/net10.0/Microservices.Showcase.Benchs-Job-PHKGVJ-1/bin/Release/net10.0/linux-x64/publish/Microservices.Showcase.Benchs-Job-PHKGVJ-1 --anonymousPipes 112 113 --benchmarkName Microservices.Showcase.Benchmarks.Str16Bench.FromBytes --job "IterationCount=10, RunStrategy=Throughput, WarmupCount=5" --benchmarkId 2 in 
// Failed to set up high priority (Permission denied). In order to run benchmarks with high priority, make sure you have the right permissions.
// BeforeAnythingElse

// Benchmark Process Environment Information:
// BenchmarkDotNet v0.15.8
// Runtime=.NET 10.0.4, X64 NativeAOT x86-64-v3
// GC=Concurrent Workstation
// HardwareIntrinsics=AVX2+BMI1+BMI2+F16C+FMA+LZCNT+MOVBE,AVX,SSE3+SSSE3+SSE4.1+SSE4.2+POPCNT,X86Base+SSE+SSE2,AES+PCLMUL VectorSize=256
// Job: Job-PHKGVJ(IterationCount=10, RunStrategy=Throughput, WarmupCount=5)

OverheadJitting  1: 1 op, 250.00 ns, 250.0000 ns/op
WorkloadJitting  1: 1 op, 6823.00 ns, 6.8230 us/op

OverheadJitting  2: 16 op, 220.00 ns, 13.7500 ns/op
WorkloadJitting  2: 16 op, 301.00 ns, 18.8125 ns/op

WorkloadPilot    1: 16 op, 261.00 ns, 16.3125 ns/op
WorkloadPilot    2: 32 op, 320.00 ns, 10.0000 ns/op
WorkloadPilot    3: 64 op, 511.00 ns, 7.9844 ns/op
WorkloadPilot    4: 128 op, 1913.00 ns, 14.9453 ns/op
WorkloadPilot    5: 256 op, 1723.00 ns, 6.7305 ns/op
WorkloadPilot    6: 512 op, 3106.00 ns, 6.0664 ns/op
WorkloadPilot    7: 1024 op, 6031.00 ns, 5.8896 ns/op
WorkloadPilot    8: 2048 op, 12183.00 ns, 5.9487 ns/op
WorkloadPilot    9: 4096 op, 24495.00 ns, 5.9802 ns/op
WorkloadPilot   10: 8192 op, 48891.00 ns, 5.9681 ns/op
WorkloadPilot   11: 16384 op, 96539.00 ns, 5.8923 ns/op
WorkloadPilot   12: 32768 op, 192949.00 ns, 5.8883 ns/op
WorkloadPilot   13: 65536 op, 385748.00 ns, 5.8860 ns/op
WorkloadPilot   14: 131072 op, 786693.00 ns, 6.0020 ns/op
WorkloadPilot   15: 262144 op, 1559700.00 ns, 5.9498 ns/op
WorkloadPilot   16: 524288 op, 3153053.00 ns, 6.0140 ns/op
WorkloadPilot   17: 1048576 op, 6340260.00 ns, 6.0465 ns/op
WorkloadPilot   18: 2097152 op, 12589251.00 ns, 6.0030 ns/op
WorkloadPilot   19: 4194304 op, 24988840.00 ns, 5.9578 ns/op
WorkloadPilot   20: 8388608 op, 49444748.00 ns, 5.8943 ns/op
WorkloadPilot   21: 16777216 op, 99124282.00 ns, 5.9083 ns/op
WorkloadPilot   22: 33554432 op, 198902662.00 ns, 5.9278 ns/op
WorkloadPilot   23: 67108864 op, 394432699.00 ns, 5.8775 ns/op
WorkloadPilot   24: 134217728 op, 793845795.00 ns, 5.9146 ns/op

OverheadWarmup   1: 134217728 op, 125966314.00 ns, 0.9385 ns/op
OverheadWarmup   2: 134217728 op, 126264618.00 ns, 0.9407 ns/op
OverheadWarmup   3: 134217728 op, 126698044.00 ns, 0.9440 ns/op
OverheadWarmup   4: 134217728 op, 127889010.00 ns, 0.9528 ns/op
OverheadWarmup   5: 134217728 op, 129440074.00 ns, 0.9644 ns/op
OverheadWarmup   6: 134217728 op, 133400639.00 ns, 0.9939 ns/op
OverheadWarmup   7: 134217728 op, 128816585.00 ns, 0.9598 ns/op
OverheadWarmup   8: 134217728 op, 131793323.00 ns, 0.9819 ns/op
OverheadWarmup   9: 134217728 op, 127505879.00 ns, 0.9500 ns/op

OverheadActual   1: 134217728 op, 127026888.00 ns, 0.9464 ns/op
OverheadActual   2: 134217728 op, 127808622.00 ns, 0.9522 ns/op
OverheadActual   3: 134217728 op, 127510598.00 ns, 0.9500 ns/op
OverheadActual   4: 134217728 op, 126659685.00 ns, 0.9437 ns/op
OverheadActual   5: 134217728 op, 127489850.00 ns, 0.9499 ns/op
OverheadActual   6: 134217728 op, 133325142.00 ns, 0.9933 ns/op
OverheadActual   7: 134217728 op, 132190514.00 ns, 0.9849 ns/op
OverheadActual   8: 134217728 op, 127639170.00 ns, 0.9510 ns/op
OverheadActual   9: 134217728 op, 126899234.00 ns, 0.9455 ns/op
OverheadActual  10: 134217728 op, 126662303.00 ns, 0.9437 ns/op
OverheadActual  11: 134217728 op, 127074920.00 ns, 0.9468 ns/op
OverheadActual  12: 134217728 op, 126677402.00 ns, 0.9438 ns/op
OverheadActual  13: 134217728 op, 129817822.00 ns, 0.9672 ns/op
OverheadActual  14: 134217728 op, 128651254.00 ns, 0.9585 ns/op
OverheadActual  15: 134217728 op, 127914865.00 ns, 0.9530 ns/op

WorkloadWarmup   1: 134217728 op, 810424458.00 ns, 6.0381 ns/op
WorkloadWarmup   2: 134217728 op, 798115291.00 ns, 5.9464 ns/op
WorkloadWarmup   3: 134217728 op, 820786507.00 ns, 6.1153 ns/op
WorkloadWarmup   4: 134217728 op, 802333391.00 ns, 5.9778 ns/op
WorkloadWarmup   5: 134217728 op, 795982302.00 ns, 5.9305 ns/op

// BeforeActualRun
WorkloadActual   1: 134217728 op, 807675881.00 ns, 6.0177 ns/op
WorkloadActual   2: 134217728 op, 834794100.00 ns, 6.2197 ns/op
WorkloadActual   3: 134217728 op, 828335573.00 ns, 6.1716 ns/op
WorkloadActual   4: 134217728 op, 818476509.00 ns, 6.0981 ns/op
WorkloadActual   5: 134217728 op, 798045603.00 ns, 5.9459 ns/op
WorkloadActual   6: 134217728 op, 792670899.00 ns, 5.9059 ns/op
WorkloadActual   7: 134217728 op, 790024929.00 ns, 5.8861 ns/op
WorkloadActual   8: 134217728 op, 793863935.00 ns, 5.9147 ns/op
WorkloadActual   9: 134217728 op, 798757417.00 ns, 5.9512 ns/op
WorkloadActual  10: 134217728 op, 791277427.00 ns, 5.8955 ns/op

// AfterActualRun
WorkloadResult   1: 134217728 op, 680165283.00 ns, 5.0676 ns/op
WorkloadResult   2: 134217728 op, 707283502.00 ns, 5.2697 ns/op
WorkloadResult   3: 134217728 op, 700824975.00 ns, 5.2216 ns/op
WorkloadResult   4: 134217728 op, 690965911.00 ns, 5.1481 ns/op
WorkloadResult   5: 134217728 op, 670535005.00 ns, 4.9959 ns/op
WorkloadResult   6: 134217728 op, 665160301.00 ns, 4.9558 ns/op
WorkloadResult   7: 134217728 op, 662514331.00 ns, 4.9361 ns/op
WorkloadResult   8: 134217728 op, 666353337.00 ns, 4.9647 ns/op
WorkloadResult   9: 134217728 op, 671246819.00 ns, 5.0012 ns/op
WorkloadResult  10: 134217728 op, 663766829.00 ns, 4.9454 ns/op
// GC:  0 0 0 672 134217728
// Threading:  0 0 134217728

// AfterAll
// Benchmark Process 318048 has exited with code 0.

Mean = 5.051 ns, StdErr = 0.038 ns (0.76%), N = 10, StdDev = 0.122 ns
Min = 4.936 ns, Q1 = 4.958 ns, Median = 4.999 ns, Q3 = 5.128 ns, Max = 5.270 ns
IQR = 0.170 ns, LowerFence = 4.703 ns, UpperFence = 5.383 ns
ConfidenceInterval = [4.867 ns; 5.234 ns] (CI 99.9%), Margin = 0.184 ns (3.64% of Mean)
Skewness = 0.67, Kurtosis = 1.69, MValue = 2

// ** Remained 3 (50.0 %) benchmark(s) to run. Estimated finish 2026-03-17 12:33 (0h 1m from now) **
// **************************
// Benchmark: Str16Bench.FromJsonUnsafe: Job-PHKGVJ(IterationCount=10, RunStrategy=Throughput, WarmupCount=5)
// *** Execute ***
// Launch: 1 / 1
// Execute: /home/master/coding/my.gitlab/csharp/Microservices.Showcase/bench/Microservices.Showcase.Benchs/bin/Release/net10.0/Microservices.Showcase.Benchs-Job-PHKGVJ-1/bin/Release/net10.0/linux-x64/publish/Microservices.Showcase.Benchs-Job-PHKGVJ-1 --anonymousPipes 112 113 --benchmarkName Microservices.Showcase.Benchmarks.Str16Bench.FromJsonUnsafe --job "IterationCount=10, RunStrategy=Throughput, WarmupCount=5" --benchmarkId 3 in 
// Failed to set up high priority (Permission denied). In order to run benchmarks with high priority, make sure you have the right permissions.
// BeforeAnythingElse

// Benchmark Process Environment Information:
// BenchmarkDotNet v0.15.8
// Runtime=.NET 10.0.4, X64 NativeAOT x86-64-v3
// GC=Concurrent Workstation
// HardwareIntrinsics=AVX2+BMI1+BMI2+F16C+FMA+LZCNT+MOVBE,AVX,SSE3+SSSE3+SSE4.1+SSE4.2+POPCNT,X86Base+SSE+SSE2,AES+PCLMUL VectorSize=256
// Job: Job-PHKGVJ(IterationCount=10, RunStrategy=Throughput, WarmupCount=5)

OverheadJitting  1: 1 op, 551.00 ns, 551.0000 ns/op
WorkloadJitting  1: 1 op, 7154.00 ns, 7.1540 us/op

OverheadJitting  2: 16 op, 200.00 ns, 12.5000 ns/op
WorkloadJitting  2: 16 op, 451.00 ns, 28.1875 ns/op

WorkloadPilot    1: 16 op, 281.00 ns, 17.5625 ns/op
WorkloadPilot    2: 32 op, 341.00 ns, 10.6563 ns/op
WorkloadPilot    3: 64 op, 421.00 ns, 6.5781 ns/op
WorkloadPilot    4: 128 op, 621.00 ns, 4.8516 ns/op
WorkloadPilot    5: 256 op, 972.00 ns, 3.7969 ns/op
WorkloadPilot    6: 512 op, 1743.00 ns, 3.4043 ns/op
WorkloadPilot    7: 1024 op, 3176.00 ns, 3.1016 ns/op
WorkloadPilot    8: 2048 op, 6111.00 ns, 2.9839 ns/op
WorkloadPilot    9: 4096 op, 11962.00 ns, 2.9204 ns/op
WorkloadPilot   10: 8192 op, 24245.00 ns, 2.9596 ns/op
WorkloadPilot   11: 16384 op, 45565.00 ns, 2.7811 ns/op
WorkloadPilot   12: 32768 op, 91701.00 ns, 2.7985 ns/op
WorkloadPilot   13: 65536 op, 180105.00 ns, 2.7482 ns/op
WorkloadPilot   14: 131072 op, 353267.00 ns, 2.6952 ns/op
WorkloadPilot   15: 262144 op, 750717.00 ns, 2.8638 ns/op
WorkloadPilot   16: 524288 op, 1442794.00 ns, 2.7519 ns/op
WorkloadPilot   17: 1048576 op, 2892150.00 ns, 2.7582 ns/op
WorkloadPilot   18: 2097152 op, 5879585.00 ns, 2.8036 ns/op
WorkloadPilot   19: 4194304 op, 11959614.00 ns, 2.8514 ns/op
WorkloadPilot   20: 8388608 op, 23815145.00 ns, 2.8390 ns/op
WorkloadPilot   21: 16777216 op, 47908789.00 ns, 2.8556 ns/op
WorkloadPilot   22: 33554432 op, 96334830.00 ns, 2.8710 ns/op
WorkloadPilot   23: 67108864 op, 191331961.00 ns, 2.8511 ns/op
WorkloadPilot   24: 134217728 op, 426400702.00 ns, 3.1769 ns/op
WorkloadPilot   25: 268435456 op, 765155039.00 ns, 2.8504 ns/op

OverheadWarmup   1: 268435456 op, 252812148.00 ns, 0.9418 ns/op
OverheadWarmup   2: 268435456 op, 251449418.00 ns, 0.9367 ns/op
OverheadWarmup   3: 268435456 op, 256546808.00 ns, 0.9557 ns/op
OverheadWarmup   4: 268435456 op, 258128802.00 ns, 0.9616 ns/op
OverheadWarmup   5: 268435456 op, 259923231.00 ns, 0.9683 ns/op
OverheadWarmup   6: 268435456 op, 255778625.00 ns, 0.9528 ns/op
OverheadWarmup   7: 268435456 op, 255713424.00 ns, 0.9526 ns/op
OverheadWarmup   8: 268435456 op, 253761222.00 ns, 0.9453 ns/op
OverheadWarmup   9: 268435456 op, 256522420.00 ns, 0.9556 ns/op
OverheadWarmup  10: 268435456 op, 255561947.00 ns, 0.9520 ns/op

OverheadActual   1: 268435456 op, 255211215.00 ns, 0.9507 ns/op
OverheadActual   2: 268435456 op, 256934680.00 ns, 0.9572 ns/op
OverheadActual   3: 268435456 op, 256797297.00 ns, 0.9566 ns/op
OverheadActual   4: 268435456 op, 258365516.00 ns, 0.9625 ns/op
OverheadActual   5: 268435456 op, 256470031.00 ns, 0.9554 ns/op
OverheadActual   6: 268435456 op, 257095885.00 ns, 0.9578 ns/op
OverheadActual   7: 268435456 op, 265179745.00 ns, 0.9879 ns/op
OverheadActual   8: 268435456 op, 266649922.00 ns, 0.9933 ns/op
OverheadActual   9: 268435456 op, 265013777.00 ns, 0.9873 ns/op
OverheadActual  10: 268435456 op, 263205124.00 ns, 0.9805 ns/op
OverheadActual  11: 268435456 op, 260001979.00 ns, 0.9686 ns/op
OverheadActual  12: 268435456 op, 260389903.00 ns, 0.9700 ns/op
OverheadActual  13: 268435456 op, 261131511.00 ns, 0.9728 ns/op
OverheadActual  14: 268435456 op, 260315784.00 ns, 0.9698 ns/op
OverheadActual  15: 268435456 op, 254908641.00 ns, 0.9496 ns/op

WorkloadWarmup   1: 268435456 op, 776130798.00 ns, 2.8913 ns/op
WorkloadWarmup   2: 268435456 op, 765155768.00 ns, 2.8504 ns/op
WorkloadWarmup   3: 268435456 op, 767528282.00 ns, 2.8593 ns/op
WorkloadWarmup   4: 268435456 op, 766077884.00 ns, 2.8539 ns/op
WorkloadWarmup   5: 268435456 op, 765729717.00 ns, 2.8526 ns/op

// BeforeActualRun
WorkloadActual   1: 268435456 op, 772973615.00 ns, 2.8796 ns/op
WorkloadActual   2: 268435456 op, 773365606.00 ns, 2.8810 ns/op
WorkloadActual   3: 268435456 op, 765315301.00 ns, 2.8510 ns/op
WorkloadActual   4: 268435456 op, 767080845.00 ns, 2.8576 ns/op
WorkloadActual   5: 268435456 op, 777475502.00 ns, 2.8963 ns/op
WorkloadActual   6: 268435456 op, 772033573.00 ns, 2.8760 ns/op
WorkloadActual   7: 268435456 op, 786449171.00 ns, 2.9298 ns/op
WorkloadActual   8: 268435456 op, 776745279.00 ns, 2.8936 ns/op
WorkloadActual   9: 268435456 op, 796448414.00 ns, 2.9670 ns/op
WorkloadActual  10: 268435456 op, 777137673.00 ns, 2.8951 ns/op

// AfterActualRun
WorkloadResult   1: 268435456 op, 512971636.00 ns, 1.9110 ns/op
WorkloadResult   2: 268435456 op, 513363627.00 ns, 1.9124 ns/op
WorkloadResult   3: 268435456 op, 505313322.00 ns, 1.8824 ns/op
WorkloadResult   4: 268435456 op, 507078866.00 ns, 1.8890 ns/op
WorkloadResult   5: 268435456 op, 517473523.00 ns, 1.9277 ns/op
WorkloadResult   6: 268435456 op, 512031594.00 ns, 1.9075 ns/op
WorkloadResult   7: 268435456 op, 516743300.00 ns, 1.9250 ns/op
WorkloadResult   8: 268435456 op, 517135694.00 ns, 1.9265 ns/op
// GC:  0 0 0 672 268435456
// Threading:  0 0 268435456

// AfterAll
// Benchmark Process 318216 has exited with code 0.

Mean = 1.910 ns, StdErr = 0.006 ns (0.31%), N = 8, StdDev = 0.017 ns
Min = 1.882 ns, Q1 = 1.903 ns, Median = 1.912 ns, Q3 = 1.925 ns, Max = 1.928 ns
IQR = 0.023 ns, LowerFence = 1.869 ns, UpperFence = 1.959 ns
ConfidenceInterval = [1.878 ns; 1.943 ns] (CI 99.9%), Margin = 0.033 ns (1.70% of Mean)
Skewness = -0.46, Kurtosis = 1.51, MValue = 2

// ** Remained 2 (33.3 %) benchmark(s) to run. Estimated finish 2026-03-17 12:33 (0h 0m from now) **
// **************************
// Benchmark: Str16Bench.ToLower: Job-PHKGVJ(IterationCount=10, RunStrategy=Throughput, WarmupCount=5)
// *** Execute ***
// Launch: 1 / 1
// Execute: /home/master/coding/my.gitlab/csharp/Microservices.Showcase/bench/Microservices.Showcase.Benchs/bin/Release/net10.0/Microservices.Showcase.Benchs-Job-PHKGVJ-1/bin/Release/net10.0/linux-x64/publish/Microservices.Showcase.Benchs-Job-PHKGVJ-1 --anonymousPipes 112 113 --benchmarkName Microservices.Showcase.Benchmarks.Str16Bench.ToLower --job "IterationCount=10, RunStrategy=Throughput, WarmupCount=5" --benchmarkId 4 in 
// Failed to set up high priority (Permission denied). In order to run benchmarks with high priority, make sure you have the right permissions.
// BeforeAnythingElse

// Benchmark Process Environment Information:
// BenchmarkDotNet v0.15.8
// Runtime=.NET 10.0.4, X64 NativeAOT x86-64-v3
// GC=Concurrent Workstation
// HardwareIntrinsics=AVX2+BMI1+BMI2+F16C+FMA+LZCNT+MOVBE,AVX,SSE3+SSSE3+SSE4.1+SSE4.2+POPCNT,X86Base+SSE+SSE2,AES+PCLMUL VectorSize=256
// Job: Job-PHKGVJ(IterationCount=10, RunStrategy=Throughput, WarmupCount=5)

OverheadJitting  1: 1 op, 230.00 ns, 230.0000 ns/op
WorkloadJitting  1: 1 op, 7113.00 ns, 7.1130 us/op

OverheadJitting  2: 16 op, 210.00 ns, 13.1250 ns/op
WorkloadJitting  2: 16 op, 992.00 ns, 62.0000 ns/op

WorkloadPilot    1: 16 op, 501.00 ns, 31.3125 ns/op
WorkloadPilot    2: 32 op, 371.00 ns, 11.5938 ns/op
WorkloadPilot    3: 64 op, 511.00 ns, 7.9844 ns/op
WorkloadPilot    4: 128 op, 491.00 ns, 3.8359 ns/op
WorkloadPilot    5: 256 op, 1052.00 ns, 4.1094 ns/op
WorkloadPilot    6: 512 op, 1112.00 ns, 2.1719 ns/op
WorkloadPilot    7: 1024 op, 2014.00 ns, 1.9668 ns/op
WorkloadPilot    8: 2048 op, 3797.00 ns, 1.8540 ns/op
WorkloadPilot    9: 4096 op, 7494.00 ns, 1.8296 ns/op
WorkloadPilot   10: 8192 op, 14487.00 ns, 1.7684 ns/op
WorkloadPilot   11: 16384 op, 28382.00 ns, 1.7323 ns/op
WorkloadPilot   12: 32768 op, 56836.00 ns, 1.7345 ns/op
WorkloadPilot   13: 65536 op, 113330.00 ns, 1.7293 ns/op
WorkloadPilot   14: 131072 op, 227183.00 ns, 1.7333 ns/op
WorkloadPilot   15: 262144 op, 454636.00 ns, 1.7343 ns/op
WorkloadPilot   16: 524288 op, 908541.00 ns, 1.7329 ns/op
WorkloadPilot   17: 1048576 op, 1877763.00 ns, 1.7908 ns/op
WorkloadPilot   18: 2097152 op, 3641134.00 ns, 1.7362 ns/op
WorkloadPilot   19: 4194304 op, 7703912.00 ns, 1.8368 ns/op
WorkloadPilot   20: 8388608 op, 15301797.00 ns, 1.8241 ns/op
WorkloadPilot   21: 16777216 op, 31747311.00 ns, 1.8923 ns/op
WorkloadPilot   22: 33554432 op, 62647186.00 ns, 1.8670 ns/op
WorkloadPilot   23: 67108864 op, 123610158.00 ns, 1.8419 ns/op
WorkloadPilot   24: 134217728 op, 244632505.00 ns, 1.8227 ns/op
WorkloadPilot   25: 268435456 op, 484734675.00 ns, 1.8058 ns/op
WorkloadPilot   26: 536870912 op, 972817640.00 ns, 1.8120 ns/op

OverheadWarmup   1: 536870912 op, 505488527.00 ns, 0.9415 ns/op
OverheadWarmup   2: 536870912 op, 507511837.00 ns, 0.9453 ns/op
OverheadWarmup   3: 536870912 op, 509563698.00 ns, 0.9491 ns/op
OverheadWarmup   4: 536870912 op, 507173878.00 ns, 0.9447 ns/op
OverheadWarmup   5: 536870912 op, 504321245.00 ns, 0.9394 ns/op
OverheadWarmup   6: 536870912 op, 508247645.00 ns, 0.9467 ns/op
OverheadWarmup   7: 536870912 op, 535861915.00 ns, 0.9981 ns/op
OverheadWarmup   8: 536870912 op, 517860679.00 ns, 0.9646 ns/op

OverheadActual   1: 536870912 op, 527030345.00 ns, 0.9817 ns/op
OverheadActual   2: 536870912 op, 523760255.00 ns, 0.9756 ns/op
OverheadActual   3: 536870912 op, 511525749.00 ns, 0.9528 ns/op
OverheadActual   4: 536870912 op, 515785407.00 ns, 0.9607 ns/op
OverheadActual   5: 536870912 op, 508148856.00 ns, 0.9465 ns/op
OverheadActual   6: 536870912 op, 510114175.00 ns, 0.9502 ns/op
OverheadActual   7: 536870912 op, 509775573.00 ns, 0.9495 ns/op
OverheadActual   8: 536870912 op, 509004390.00 ns, 0.9481 ns/op
OverheadActual   9: 536870912 op, 514234689.00 ns, 0.9578 ns/op
OverheadActual  10: 536870912 op, 510653677.00 ns, 0.9512 ns/op
OverheadActual  11: 536870912 op, 509047958.00 ns, 0.9482 ns/op
OverheadActual  12: 536870912 op, 516827573.00 ns, 0.9627 ns/op
OverheadActual  13: 536870912 op, 518848994.00 ns, 0.9664 ns/op
OverheadActual  14: 536870912 op, 511171309.00 ns, 0.9521 ns/op
OverheadActual  15: 536870912 op, 508841203.00 ns, 0.9478 ns/op

WorkloadWarmup   1: 536870912 op, 966919905.00 ns, 1.8010 ns/op
WorkloadWarmup   2: 536870912 op, 965804398.00 ns, 1.7990 ns/op
WorkloadWarmup   3: 536870912 op, 965738431.00 ns, 1.7988 ns/op
WorkloadWarmup   4: 536870912 op, 974234417.00 ns, 1.8147 ns/op
WorkloadWarmup   5: 536870912 op, 966935974.00 ns, 1.8011 ns/op

// BeforeActualRun
WorkloadActual   1: 536870912 op, 962504444.00 ns, 1.7928 ns/op
WorkloadActual   2: 536870912 op, 959970906.00 ns, 1.7881 ns/op
WorkloadActual   3: 536870912 op, 969481648.00 ns, 1.8058 ns/op
WorkloadActual   4: 536870912 op, 976084834.00 ns, 1.8181 ns/op
WorkloadActual   5: 536870912 op, 983684031.00 ns, 1.8323 ns/op
WorkloadActual   6: 536870912 op, 974327348.00 ns, 1.8148 ns/op
WorkloadActual   7: 536870912 op, 981698982.00 ns, 1.8286 ns/op
WorkloadActual   8: 536870912 op, 965478265.00 ns, 1.7983 ns/op
WorkloadActual   9: 536870912 op, 959808802.00 ns, 1.7878 ns/op
WorkloadActual  10: 536870912 op, 967992257.00 ns, 1.8030 ns/op

// AfterActualRun
WorkloadResult   1: 536870912 op, 451333135.00 ns, 0.8407 ns/op
WorkloadResult   2: 536870912 op, 448799597.00 ns, 0.8360 ns/op
WorkloadResult   3: 536870912 op, 458310339.00 ns, 0.8537 ns/op
WorkloadResult   4: 536870912 op, 464913525.00 ns, 0.8660 ns/op
WorkloadResult   5: 536870912 op, 472512722.00 ns, 0.8801 ns/op
WorkloadResult   6: 536870912 op, 463156039.00 ns, 0.8627 ns/op
WorkloadResult   7: 536870912 op, 470527673.00 ns, 0.8764 ns/op
WorkloadResult   8: 536870912 op, 454306956.00 ns, 0.8462 ns/op
WorkloadResult   9: 536870912 op, 448637493.00 ns, 0.8357 ns/op
WorkloadResult  10: 536870912 op, 456820948.00 ns, 0.8509 ns/op
// GC:  0 0 0 672 536870912
// Threading:  0 0 536870912

// AfterAll
// Benchmark Process 318234 has exited with code 0.

Mean = 0.855 ns, StdErr = 0.005 ns (0.59%), N = 10, StdDev = 0.016 ns
Min = 0.836 ns, Q1 = 0.842 ns, Median = 0.852 ns, Q3 = 0.865 ns, Max = 0.880 ns
IQR = 0.023 ns, LowerFence = 0.807 ns, UpperFence = 0.900 ns
ConfidenceInterval = [0.831 ns; 0.879 ns] (CI 99.9%), Margin = 0.024 ns (2.83% of Mean)
Skewness = 0.26, Kurtosis = 1.45, MValue = 2

// ** Remained 1 (16.7 %) benchmark(s) to run. Estimated finish 2026-03-17 12:33 (0h 0m from now) **
// **************************
// Benchmark: Str16Bench.ManualToLower: Job-PHKGVJ(IterationCount=10, RunStrategy=Throughput, WarmupCount=5)
// *** Execute ***
// Launch: 1 / 1
// Execute: /home/master/coding/my.gitlab/csharp/Microservices.Showcase/bench/Microservices.Showcase.Benchs/bin/Release/net10.0/Microservices.Showcase.Benchs-Job-PHKGVJ-1/bin/Release/net10.0/linux-x64/publish/Microservices.Showcase.Benchs-Job-PHKGVJ-1 --anonymousPipes 112 113 --benchmarkName Microservices.Showcase.Benchmarks.Str16Bench.ManualToLower --job "IterationCount=10, RunStrategy=Throughput, WarmupCount=5" --benchmarkId 5 in 
// Failed to set up high priority (Permission denied). In order to run benchmarks with high priority, make sure you have the right permissions.
// BeforeAnythingElse

// Benchmark Process Environment Information:
// BenchmarkDotNet v0.15.8
// Runtime=.NET 10.0.4, X64 NativeAOT x86-64-v3
// GC=Concurrent Workstation
// HardwareIntrinsics=AVX2+BMI1+BMI2+F16C+FMA+LZCNT+MOVBE,AVX,SSE3+SSSE3+SSE4.1+SSE4.2+POPCNT,X86Base+SSE+SSE2,AES+PCLMUL VectorSize=256
// Job: Job-PHKGVJ(IterationCount=10, RunStrategy=Throughput, WarmupCount=5)

OverheadJitting  1: 1 op, 181.00 ns, 181.0000 ns/op
WorkloadJitting  1: 1 op, 6652.00 ns, 6.6520 us/op

OverheadJitting  2: 16 op, 210.00 ns, 13.1250 ns/op
WorkloadJitting  2: 16 op, 551.00 ns, 34.4375 ns/op

WorkloadPilot    1: 16 op, 481.00 ns, 30.0625 ns/op
WorkloadPilot    2: 32 op, 751.00 ns, 23.4688 ns/op
WorkloadPilot    3: 64 op, 1333.00 ns, 20.8281 ns/op
WorkloadPilot    4: 128 op, 2505.00 ns, 19.5703 ns/op
WorkloadPilot    5: 256 op, 4859.00 ns, 18.9805 ns/op
WorkloadPilot    6: 512 op, 9618.00 ns, 18.7852 ns/op
WorkloadPilot    7: 1024 op, 19086.00 ns, 18.6387 ns/op
WorkloadPilot    8: 2048 op, 44372.00 ns, 21.6660 ns/op
WorkloadPilot    9: 4096 op, 80400.00 ns, 19.6289 ns/op
WorkloadPilot   10: 8192 op, 156532.00 ns, 19.1079 ns/op
WorkloadPilot   11: 16384 op, 303285.00 ns, 18.5110 ns/op
WorkloadPilot   12: 32768 op, 604105.00 ns, 18.4358 ns/op
WorkloadPilot   13: 65536 op, 1223187.00 ns, 18.6644 ns/op
WorkloadPilot   14: 131072 op, 2425253.00 ns, 18.5032 ns/op
WorkloadPilot   15: 262144 op, 4839225.00 ns, 18.4602 ns/op
WorkloadPilot   16: 524288 op, 9710259.00 ns, 18.5208 ns/op
WorkloadPilot   17: 1048576 op, 19359396.00 ns, 18.4626 ns/op
WorkloadPilot   18: 2097152 op, 38795123.00 ns, 18.4990 ns/op
WorkloadPilot   19: 4194304 op, 77281262.00 ns, 18.4253 ns/op
WorkloadPilot   20: 8388608 op, 155144698.00 ns, 18.4947 ns/op
WorkloadPilot   21: 16777216 op, 306121520.00 ns, 18.2463 ns/op
WorkloadPilot   22: 33554432 op, 611779842.00 ns, 18.2325 ns/op

OverheadWarmup   1: 33554432 op, 31479270.00 ns, 0.9382 ns/op
OverheadWarmup   2: 33554432 op, 31566422.00 ns, 0.9408 ns/op
OverheadWarmup   3: 33554432 op, 31552737.00 ns, 0.9403 ns/op
OverheadWarmup   4: 33554432 op, 31673362.00 ns, 0.9439 ns/op
OverheadWarmup   5: 33554432 op, 31713646.00 ns, 0.9451 ns/op
OverheadWarmup   6: 33554432 op, 32019665.00 ns, 0.9543 ns/op
OverheadWarmup   7: 33554432 op, 31851002.00 ns, 0.9492 ns/op

OverheadActual   1: 33554432 op, 31937763.00 ns, 0.9518 ns/op
OverheadActual   2: 33554432 op, 31936120.00 ns, 0.9518 ns/op
OverheadActual   3: 33554432 op, 31867773.00 ns, 0.9497 ns/op
OverheadActual   4: 33554432 op, 31909160.00 ns, 0.9510 ns/op
OverheadActual   5: 33554432 op, 31892850.00 ns, 0.9505 ns/op
OverheadActual   6: 33554432 op, 31932774.00 ns, 0.9517 ns/op
OverheadActual   7: 33554432 op, 31963621.00 ns, 0.9526 ns/op
OverheadActual   8: 33554432 op, 31859698.00 ns, 0.9495 ns/op
OverheadActual   9: 33554432 op, 32067865.00 ns, 0.9557 ns/op
OverheadActual  10: 33554432 op, 32119431.00 ns, 0.9572 ns/op
OverheadActual  11: 33554432 op, 31861662.00 ns, 0.9496 ns/op
OverheadActual  12: 33554432 op, 31994840.00 ns, 0.9535 ns/op
OverheadActual  13: 33554432 op, 32099013.00 ns, 0.9566 ns/op
OverheadActual  14: 33554432 op, 31925160.00 ns, 0.9514 ns/op
OverheadActual  15: 33554432 op, 31854759.00 ns, 0.9493 ns/op

WorkloadWarmup   1: 33554432 op, 614640191.00 ns, 18.3177 ns/op
WorkloadWarmup   2: 33554432 op, 622783269.00 ns, 18.5604 ns/op
WorkloadWarmup   3: 33554432 op, 622149637.00 ns, 18.5415 ns/op
WorkloadWarmup   4: 33554432 op, 615081943.00 ns, 18.3309 ns/op
WorkloadWarmup   5: 33554432 op, 614708802.00 ns, 18.3197 ns/op

// BeforeActualRun
WorkloadActual   1: 33554432 op, 615811322.00 ns, 18.3526 ns/op
WorkloadActual   2: 33554432 op, 620493051.00 ns, 18.4921 ns/op
WorkloadActual   3: 33554432 op, 612822040.00 ns, 18.2635 ns/op
WorkloadActual   4: 33554432 op, 610306759.00 ns, 18.1886 ns/op
WorkloadActual   5: 33554432 op, 609850895.00 ns, 18.1750 ns/op
WorkloadActual   6: 33554432 op, 611609686.00 ns, 18.2274 ns/op
WorkloadActual   7: 33554432 op, 610219595.00 ns, 18.1860 ns/op
WorkloadActual   8: 33554432 op, 612312905.00 ns, 18.2483 ns/op
WorkloadActual   9: 33554432 op, 618917266.00 ns, 18.4452 ns/op
WorkloadActual  10: 33554432 op, 614083575.00 ns, 18.3011 ns/op

// AfterActualRun
WorkloadResult   1: 33554432 op, 583878548.00 ns, 17.4009 ns/op
WorkloadResult   2: 33554432 op, 588560277.00 ns, 17.5405 ns/op
WorkloadResult   3: 33554432 op, 580889266.00 ns, 17.3118 ns/op
WorkloadResult   4: 33554432 op, 578373985.00 ns, 17.2369 ns/op
WorkloadResult   5: 33554432 op, 577918121.00 ns, 17.2233 ns/op
WorkloadResult   6: 33554432 op, 579676912.00 ns, 17.2757 ns/op
WorkloadResult   7: 33554432 op, 578286821.00 ns, 17.2343 ns/op
WorkloadResult   8: 33554432 op, 580380131.00 ns, 17.2967 ns/op
WorkloadResult   9: 33554432 op, 586984492.00 ns, 17.4935 ns/op
WorkloadResult  10: 33554432 op, 582150801.00 ns, 17.3494 ns/op
// GC:  0 0 0 672 33554432
// Threading:  0 0 33554432

// AfterAll
// Benchmark Process 319469 has exited with code 0.

Mean = 17.336 ns, StdErr = 0.035 ns (0.20%), N = 10, StdDev = 0.110 ns
Min = 17.223 ns, Q1 = 17.247 ns, Median = 17.304 ns, Q3 = 17.388 ns, Max = 17.540 ns
IQR = 0.141 ns, LowerFence = 17.034 ns, UpperFence = 17.600 ns
ConfidenceInterval = [17.169 ns; 17.503 ns] (CI 99.9%), Margin = 0.167 ns (0.96% of Mean)
Skewness = 0.66, Kurtosis = 1.85, MValue = 2

// ** Remained 0 (0.0 %) benchmark(s) to run. Estimated finish 2026-03-17 12:33 (0h 0m from now) **
// ***** BenchmarkRunner: Finish  *****

// * Export *
  BenchmarkDotNet.Artifacts/results/Microservices.Showcase.Benchmarks.Str16Bench-report.csv
  BenchmarkDotNet.Artifacts/results/Microservices.Showcase.Benchmarks.Str16Bench-report-github.md
  BenchmarkDotNet.Artifacts/results/Microservices.Showcase.Benchmarks.Str16Bench-report.html

// * Detailed results *
Str16Bench.GetHashCode: Job-PHKGVJ(IterationCount=10, RunStrategy=Throughput, WarmupCount=5)
Runtime = .NET 10.0.4, X64 NativeAOT x86-64-v3; GC = Concurrent Workstation
Mean = 0.292 ns, StdErr = 0.005 ns (1.71%), N = 10, StdDev = 0.016 ns
Min = 0.270 ns, Q1 = 0.284 ns, Median = 0.289 ns, Q3 = 0.301 ns, Max = 0.320 ns
IQR = 0.017 ns, LowerFence = 0.258 ns, UpperFence = 0.326 ns
ConfidenceInterval = [0.268 ns; 0.316 ns] (CI 99.9%), Margin = 0.024 ns (8.18% of Mean)
Skewness = 0.36, Kurtosis = 1.78, MValue = 2
-------------------- Histogram --------------------
[0.261 ns ; 0.284 ns) | @@
[0.284 ns ; 0.303 ns) | @@@@@
[0.303 ns ; 0.321 ns) | @@@
---------------------------------------------------

Str16Bench.FromBytesUnsafe: Job-PHKGVJ(IterationCount=10, RunStrategy=Throughput, WarmupCount=5)
Runtime = .NET 10.0.4, X64 NativeAOT x86-64-v3; GC = Concurrent Workstation
Mean = 4.949 ns, StdErr = 0.008 ns (0.16%), N = 10, StdDev = 0.024 ns
Min = 4.926 ns, Q1 = 4.928 ns, Median = 4.946 ns, Q3 = 4.959 ns, Max = 5.004 ns
IQR = 0.031 ns, LowerFence = 4.882 ns, UpperFence = 5.005 ns
ConfidenceInterval = [4.912 ns; 4.986 ns] (CI 99.9%), Margin = 0.037 ns (0.74% of Mean)
Skewness = 0.91, Kurtosis = 2.82, MValue = 2
-------------------- Histogram --------------------
[4.911 ns ; 5.019 ns) | @@@@@@@@@@
---------------------------------------------------

Str16Bench.FromBytes: Job-PHKGVJ(IterationCount=10, RunStrategy=Throughput, WarmupCount=5)
Runtime = .NET 10.0.4, X64 NativeAOT x86-64-v3; GC = Concurrent Workstation
Mean = 5.051 ns, StdErr = 0.038 ns (0.76%), N = 10, StdDev = 0.122 ns
Min = 4.936 ns, Q1 = 4.958 ns, Median = 4.999 ns, Q3 = 5.128 ns, Max = 5.270 ns
IQR = 0.170 ns, LowerFence = 4.703 ns, UpperFence = 5.383 ns
ConfidenceInterval = [4.867 ns; 5.234 ns] (CI 99.9%), Margin = 0.184 ns (3.64% of Mean)
Skewness = 0.67, Kurtosis = 1.69, MValue = 2
-------------------- Histogram --------------------
[4.928 ns ; 5.135 ns) | @@@@@@@
[5.135 ns ; 5.283 ns) | @@@
---------------------------------------------------

Str16Bench.FromJsonUnsafe: Job-PHKGVJ(IterationCount=10, RunStrategy=Throughput, WarmupCount=5)
Runtime = .NET 10.0.4, X64 NativeAOT x86-64-v3; GC = Concurrent Workstation
Mean = 1.910 ns, StdErr = 0.006 ns (0.31%), N = 8, StdDev = 0.017 ns
Min = 1.882 ns, Q1 = 1.903 ns, Median = 1.912 ns, Q3 = 1.925 ns, Max = 1.928 ns
IQR = 0.023 ns, LowerFence = 1.869 ns, UpperFence = 1.959 ns
ConfidenceInterval = [1.878 ns; 1.943 ns] (CI 99.9%), Margin = 0.033 ns (1.70% of Mean)
Skewness = -0.46, Kurtosis = 1.51, MValue = 2
-------------------- Histogram --------------------
[1.871 ns ; 1.937 ns) | @@@@@@@@
---------------------------------------------------

Str16Bench.ToLower: Job-PHKGVJ(IterationCount=10, RunStrategy=Throughput, WarmupCount=5)
Runtime = .NET 10.0.4, X64 NativeAOT x86-64-v3; GC = Concurrent Workstation
Mean = 0.855 ns, StdErr = 0.005 ns (0.59%), N = 10, StdDev = 0.016 ns
Min = 0.836 ns, Q1 = 0.842 ns, Median = 0.852 ns, Q3 = 0.865 ns, Max = 0.880 ns
IQR = 0.023 ns, LowerFence = 0.807 ns, UpperFence = 0.900 ns
ConfidenceInterval = [0.831 ns; 0.879 ns] (CI 99.9%), Margin = 0.024 ns (2.83% of Mean)
Skewness = 0.26, Kurtosis = 1.45, MValue = 2
-------------------- Histogram --------------------
[0.835 ns ; 0.854 ns) | @@@@@@
[0.854 ns ; 0.881 ns) | @@@@
---------------------------------------------------

Str16Bench.ManualToLower: Job-PHKGVJ(IterationCount=10, RunStrategy=Throughput, WarmupCount=5)
Runtime = .NET 10.0.4, X64 NativeAOT x86-64-v3; GC = Concurrent Workstation
Mean = 17.336 ns, StdErr = 0.035 ns (0.20%), N = 10, StdDev = 0.110 ns
Min = 17.223 ns, Q1 = 17.247 ns, Median = 17.304 ns, Q3 = 17.388 ns, Max = 17.540 ns
IQR = 0.141 ns, LowerFence = 17.034 ns, UpperFence = 17.600 ns
ConfidenceInterval = [17.169 ns; 17.503 ns] (CI 99.9%), Margin = 0.167 ns (0.96% of Mean)
Skewness = 0.66, Kurtosis = 1.85, MValue = 2
-------------------- Histogram --------------------
[17.156 ns ; 17.608 ns) | @@@@@@@@@@
---------------------------------------------------

// * Summary *

BenchmarkDotNet v0.15.8, Linux Ubuntu 24.04.4 LTS (Noble Numbat)
AMD Ryzen 7 6800H with Radeon Graphics 1.10GHz, 1 CPU, 16 logical and 8 physical cores
  [Host]     : .NET 10.0.4, X64 NativeAOT x86-64-v3
  Job-PHKGVJ : .NET 10.0.4, X64 NativeAOT x86-64-v3

IterationCount=10  RunStrategy=Throughput  WarmupCount=5  

| Method          | Categories | Mean       | Error     | StdDev    | Ratio | RatioSD | Allocated | Alloc Ratio |
|---------------- |----------- |-----------:|----------:|----------:|------:|--------:|----------:|------------:|
| GetHashCode     | HashCode   |  0.2921 ns | 0.0239 ns | 0.0158 ns |  1.00 |    0.07 |         - |          NA |
|                 |            |            |           |           |       |         |           |             |
| FromBytesUnsafe | Read       |  4.9490 ns | 0.0368 ns | 0.0243 ns |  1.00 |    0.01 |         - |          NA |
| FromBytes       | Read       |  5.0506 ns | 0.1838 ns | 0.1216 ns |  1.02 |    0.02 |         - |          NA |
| FromJsonUnsafe  | Read       |  1.9102 ns | 0.0325 ns | 0.0170 ns |  0.39 |    0.00 |         - |          NA |
|                 |            |            |           |           |       |         |           |             |
| ToLower         | ToLower    |  0.8548 ns | 0.0242 ns | 0.0160 ns |  1.00 |    0.03 |         - |          NA |
| ManualToLower   | ToLower    | 17.3363 ns | 0.1669 ns | 0.1104 ns | 20.29 |    0.38 |         - |          NA |

// * Hints *
Outliers
  Str16Bench.FromJsonUnsafe: IterationCount=10, RunStrategy=Throughput, WarmupCount=5 -> 2 outliers were removed (2.93 ns, 2.97 ns)

// * Legends *
  Categories  : All categories of the corresponded method, class, and assembly
  Mean        : Arithmetic mean of all measurements
  Error       : Half of 99.9% confidence interval
  StdDev      : Standard deviation of all measurements
  Ratio       : Mean of the ratio distribution ([Current]/[Baseline])
  RatioSD     : Standard deviation of the ratio distribution ([Current]/[Baseline])
  Allocated   : Allocated memory per single operation (managed only, inclusive, 1KB = 1024B)
  Alloc Ratio : Allocated memory ratio distribution ([Current]/[Baseline])
  1 ns        : 1 Nanosecond (0.000000001 sec)

// * Diagnostic Output - MemoryDiagnoser *


// ***** BenchmarkRunner: End *****
Run time: 00:02:03 (123.06 sec), executed benchmarks: 6

Global total time: 00:03:15 (195.58 sec), executed benchmarks: 6
// * Artifacts cleanup *
Artifacts cleanup is finished
