// Validating benchmarks:
// ***** BenchmarkRunner: Start   *****
// ***** Found 11 benchmark(s) in total *****
// ***** Building 1 exe(s) in Parallel: Start   *****
// start dotnet  restore -r linux-x64 --nodeReuse:false /p:UseSharedCompilation=false /p:Deterministic=true /p:Optimize=true /p:ArtifactsPath="/home/master/coding/my.gitlab/csharp/Microservices.Showcase/bench/Microservices.Showcase.Benchs/bin/Release/net10.0/Microservices.Showcase.Benchs-Job-PHKGVJ-1/" /p:OutDir="/home/master/coding/my.gitlab/csharp/Microservices.Showcase/bench/Microservices.Showcase.Benchs/bin/Release/net10.0/Microservices.Showcase.Benchs-Job-PHKGVJ-1/bin/Release/net10.0/linux-x64/publish/" /p:OutputPath="/home/master/coding/my.gitlab/csharp/Microservices.Showcase/bench/Microservices.Showcase.Benchs/bin/Release/net10.0/Microservices.Showcase.Benchs-Job-PHKGVJ-1/bin/Release/net10.0/linux-x64/publish/" /p:PublishDir="/home/master/coding/my.gitlab/csharp/Microservices.Showcase/bench/Microservices.Showcase.Benchs/bin/Release/net10.0/Microservices.Showcase.Benchs-Job-PHKGVJ-1/publish/" in /home/master/coding/my.gitlab/csharp/Microservices.Showcase/bench/Microservices.Showcase.Benchs/bin/Release/net10.0/Microservices.Showcase.Benchs-Job-PHKGVJ-1
// command took 2.31 sec and exited with 0
// start dotnet  publish -c Release -r linux-x64 --no-restore --nodeReuse:false /p:UseSharedCompilation=false /p:Deterministic=true /p:Optimize=true /p:ArtifactsPath="/home/master/coding/my.gitlab/csharp/Microservices.Showcase/bench/Microservices.Showcase.Benchs/bin/Release/net10.0/Microservices.Showcase.Benchs-Job-PHKGVJ-1/" /p:OutDir="/home/master/coding/my.gitlab/csharp/Microservices.Showcase/bench/Microservices.Showcase.Benchs/bin/Release/net10.0/Microservices.Showcase.Benchs-Job-PHKGVJ-1/bin/Release/net10.0/linux-x64/publish/" /p:OutputPath="/home/master/coding/my.gitlab/csharp/Microservices.Showcase/bench/Microservices.Showcase.Benchs/bin/Release/net10.0/Microservices.Showcase.Benchs-Job-PHKGVJ-1/bin/Release/net10.0/linux-x64/publish/" /p:PublishDir="/home/master/coding/my.gitlab/csharp/Microservices.Showcase/bench/Microservices.Showcase.Benchs/bin/Release/net10.0/Microservices.Showcase.Benchs-Job-PHKGVJ-1/publish/" --output "/home/master/coding/my.gitlab/csharp/Microservices.Showcase/bench/Microservices.Showcase.Benchs/bin/Release/net10.0/Microservices.Showcase.Benchs-Job-PHKGVJ-1/bin/Release/net10.0/linux-x64/publish/" in /home/master/coding/my.gitlab/csharp/Microservices.Showcase/bench/Microservices.Showcase.Benchs/bin/Release/net10.0/Microservices.Showcase.Benchs-Job-PHKGVJ-1
// command took 70.27 sec and exited with 0
// ***** Done, took 00:01:12 (72.66 sec)   *****
// Found 11 benchmarks:
//   Str16Bench.Str16_GetHashCode: Job-PHKGVJ(IterationCount=10, RunStrategy=Throughput, WarmupCount=5)
//   Str16Bench.HashCode_Vec128: Job-PHKGVJ(IterationCount=10, RunStrategy=Throughput, WarmupCount=5)
//   Str16Bench.HashCode_CombineTwoInt64: Job-PHKGVJ(IterationCount=10, RunStrategy=Throughput, WarmupCount=5)
//   Str16Bench.Str16_SseData: Job-PHKGVJ(IterationCount=10, RunStrategy=Throughput, WarmupCount=5)
//   Str16Bench.Str16_Span: Job-PHKGVJ(IterationCount=10, RunStrategy=Throughput, WarmupCount=5)
//   Str16Bench.Str16_FromBytesUnsafe: Job-PHKGVJ(IterationCount=10, RunStrategy=Throughput, WarmupCount=5)
//   Str16Bench.Str16_FromBytes: Job-PHKGVJ(IterationCount=10, RunStrategy=Throughput, WarmupCount=5)
//   Str16Bench.Str16_FromJsonUnsafe: Job-PHKGVJ(IterationCount=10, RunStrategy=Throughput, WarmupCount=5)
//   Str16Bench.Span_ReadFromJsonTillQoute: Job-PHKGVJ(IterationCount=10, RunStrategy=Throughput, WarmupCount=5)
//   Str16Bench.Str16_ToLower: Job-PHKGVJ(IterationCount=10, RunStrategy=Throughput, WarmupCount=5)
//   Str16Bench.ManualToLower: Job-PHKGVJ(IterationCount=10, RunStrategy=Throughput, WarmupCount=5)

// **************************
// Benchmark: Str16Bench.Str16_GetHashCode: Job-PHKGVJ(IterationCount=10, RunStrategy=Throughput, WarmupCount=5)
// *** Execute ***
// Launch: 1 / 1
// Execute: /home/master/coding/my.gitlab/csharp/Microservices.Showcase/bench/Microservices.Showcase.Benchs/bin/Release/net10.0/Microservices.Showcase.Benchs-Job-PHKGVJ-1/bin/Release/net10.0/linux-x64/publish/Microservices.Showcase.Benchs-Job-PHKGVJ-1 --anonymousPipes 117 118 --benchmarkName Microservices.Showcase.Benchmarks.Str16Bench.Str16_GetHashCode --job "IterationCount=10, RunStrategy=Throughput, WarmupCount=5" --benchmarkId 0 in 
// Failed to set up high priority (Permission denied). In order to run benchmarks with high priority, make sure you have the right permissions.
// BeforeAnythingElse

// Benchmark Process Environment Information:
// BenchmarkDotNet v0.15.8
// Runtime=.NET 10.0.4, X64 NativeAOT x86-64-v3
// GC=Concurrent Workstation
// HardwareIntrinsics=AVX2+BMI1+BMI2+F16C+FMA+LZCNT+MOVBE,AVX,SSE3+SSSE3+SSE4.1+SSE4.2+POPCNT,X86Base+SSE+SSE2,AES+PCLMUL VectorSize=256
// Job: Job-PHKGVJ(IterationCount=10, RunStrategy=Throughput, WarmupCount=5)

OverheadJitting  1: 1 op, 100.00 ns, 100.0000 ns/op
WorkloadJitting  1: 1 op, 5851.00 ns, 5.8510 us/op

OverheadJitting  2: 16 op, 201.00 ns, 12.5625 ns/op
WorkloadJitting  2: 16 op, 241.00 ns, 15.0625 ns/op

WorkloadPilot    1: 16 op, 180.00 ns, 11.2500 ns/op
WorkloadPilot    2: 32 op, 230.00 ns, 7.1875 ns/op
WorkloadPilot    3: 64 op, 380.00 ns, 5.9375 ns/op
WorkloadPilot    4: 128 op, 410.00 ns, 3.2031 ns/op
WorkloadPilot    5: 256 op, 501.00 ns, 1.9570 ns/op
WorkloadPilot    6: 512 op, 811.00 ns, 1.5840 ns/op
WorkloadPilot    7: 1024 op, 1413.00 ns, 1.3799 ns/op
WorkloadPilot    8: 2048 op, 2735.00 ns, 1.3354 ns/op
WorkloadPilot    9: 4096 op, 5140.00 ns, 1.2549 ns/op
WorkloadPilot   10: 8192 op, 10139.00 ns, 1.2377 ns/op
WorkloadPilot   11: 16384 op, 20238.00 ns, 1.2352 ns/op
WorkloadPilot   12: 32768 op, 40225.00 ns, 1.2276 ns/op
WorkloadPilot   13: 65536 op, 80200.00 ns, 1.2238 ns/op
WorkloadPilot   14: 131072 op, 158896.00 ns, 1.2123 ns/op
WorkloadPilot   15: 262144 op, 398173.00 ns, 1.5189 ns/op
WorkloadPilot   16: 524288 op, 641958.00 ns, 1.2244 ns/op
WorkloadPilot   17: 1048576 op, 1286269.00 ns, 1.2267 ns/op
WorkloadPilot   18: 2097152 op, 2833626.00 ns, 1.3512 ns/op
WorkloadPilot   19: 4194304 op, 5472660.00 ns, 1.3048 ns/op
WorkloadPilot   20: 8388608 op, 10880337.00 ns, 1.2970 ns/op
WorkloadPilot   21: 16777216 op, 22302686.00 ns, 1.3293 ns/op
WorkloadPilot   22: 33554432 op, 44683088.00 ns, 1.3317 ns/op
WorkloadPilot   23: 67108864 op, 88091288.00 ns, 1.3127 ns/op
WorkloadPilot   24: 134217728 op, 176093439.00 ns, 1.3120 ns/op
WorkloadPilot   25: 268435456 op, 350604676.00 ns, 1.3061 ns/op
WorkloadPilot   26: 536870912 op, 700022118.00 ns, 1.3039 ns/op

OverheadWarmup   1: 536870912 op, 537788375.00 ns, 1.0017 ns/op
OverheadWarmup   2: 536870912 op, 537402115.00 ns, 1.0010 ns/op
OverheadWarmup   3: 536870912 op, 537448733.00 ns, 1.0011 ns/op
OverheadWarmup   4: 536870912 op, 537513012.00 ns, 1.0012 ns/op
OverheadWarmup   5: 536870912 op, 536558062.00 ns, 0.9994 ns/op
OverheadWarmup   6: 536870912 op, 537752528.00 ns, 1.0016 ns/op
OverheadWarmup   7: 536870912 op, 536957998.00 ns, 1.0002 ns/op

OverheadActual   1: 536870912 op, 539696958.00 ns, 1.0053 ns/op
OverheadActual   2: 536870912 op, 550165237.00 ns, 1.0248 ns/op
OverheadActual   3: 536870912 op, 541398172.00 ns, 1.0084 ns/op
OverheadActual   4: 536870912 op, 532600730.00 ns, 0.9920 ns/op
OverheadActual   5: 536870912 op, 541274111.00 ns, 1.0082 ns/op
OverheadActual   6: 536870912 op, 531952181.00 ns, 0.9908 ns/op
OverheadActual   7: 536870912 op, 533321936.00 ns, 0.9934 ns/op
OverheadActual   8: 536870912 op, 532467313.00 ns, 0.9918 ns/op
OverheadActual   9: 536870912 op, 531782124.00 ns, 0.9905 ns/op
OverheadActual  10: 536870912 op, 531926654.00 ns, 0.9908 ns/op
OverheadActual  11: 536870912 op, 530462944.00 ns, 0.9881 ns/op
OverheadActual  12: 536870912 op, 530472091.00 ns, 0.9881 ns/op
OverheadActual  13: 536870912 op, 531668123.00 ns, 0.9903 ns/op
OverheadActual  14: 536870912 op, 531169973.00 ns, 0.9894 ns/op
OverheadActual  15: 536870912 op, 533442083.00 ns, 0.9936 ns/op

WorkloadWarmup   1: 536870912 op, 694136927.00 ns, 1.2929 ns/op
WorkloadWarmup   2: 536870912 op, 690488611.00 ns, 1.2861 ns/op
WorkloadWarmup   3: 536870912 op, 695452291.00 ns, 1.2954 ns/op
WorkloadWarmup   4: 536870912 op, 693041905.00 ns, 1.2909 ns/op
WorkloadWarmup   5: 536870912 op, 694090131.00 ns, 1.2928 ns/op

// BeforeActualRun
WorkloadActual   1: 536870912 op, 690210504.00 ns, 1.2856 ns/op
WorkloadActual   2: 536870912 op, 687224744.00 ns, 1.2801 ns/op
WorkloadActual   3: 536870912 op, 689572435.00 ns, 1.2844 ns/op
WorkloadActual   4: 536870912 op, 693270694.00 ns, 1.2913 ns/op
WorkloadActual   5: 536870912 op, 690289683.00 ns, 1.2858 ns/op
WorkloadActual   6: 536870912 op, 686805063.00 ns, 1.2793 ns/op
WorkloadActual   7: 536870912 op, 699947972.00 ns, 1.3038 ns/op
WorkloadActual   8: 536870912 op, 694516610.00 ns, 1.2936 ns/op
WorkloadActual   9: 536870912 op, 697527948.00 ns, 1.2992 ns/op
WorkloadActual  10: 536870912 op, 697328336.00 ns, 1.2989 ns/op

// AfterActualRun
WorkloadResult   1: 536870912 op, 157743191.00 ns, 0.2938 ns/op
WorkloadResult   2: 536870912 op, 154757431.00 ns, 0.2883 ns/op
WorkloadResult   3: 536870912 op, 157105122.00 ns, 0.2926 ns/op
WorkloadResult   4: 536870912 op, 160803381.00 ns, 0.2995 ns/op
WorkloadResult   5: 536870912 op, 157822370.00 ns, 0.2940 ns/op
WorkloadResult   6: 536870912 op, 154337750.00 ns, 0.2875 ns/op
WorkloadResult   7: 536870912 op, 167480659.00 ns, 0.3120 ns/op
WorkloadResult   8: 536870912 op, 162049297.00 ns, 0.3018 ns/op
WorkloadResult   9: 536870912 op, 165060635.00 ns, 0.3074 ns/op
WorkloadResult  10: 536870912 op, 164861023.00 ns, 0.3071 ns/op
// GC:  0 0 0 672 536870912
// Threading:  0 0 536870912

// AfterAll
// Benchmark Process 326939 has exited with code 0.

Mean = 0.298 ns, StdErr = 0.003 ns (0.90%), N = 10, StdDev = 0.008 ns
Min = 0.287 ns, Q1 = 0.293 ns, Median = 0.297 ns, Q3 = 0.306 ns, Max = 0.312 ns
IQR = 0.013 ns, LowerFence = 0.274 ns, UpperFence = 0.325 ns
ConfidenceInterval = [0.286 ns; 0.311 ns] (CI 99.9%), Margin = 0.013 ns (4.31% of Mean)
Skewness = 0.2, Kurtosis = 1.4, MValue = 2

// ** Remained 10 (90.9 %) benchmark(s) to run. Estimated finish 2026-03-17 13:40 (0h 4m from now) **
// **************************
// Benchmark: Str16Bench.HashCode_Vec128: Job-PHKGVJ(IterationCount=10, RunStrategy=Throughput, WarmupCount=5)
// *** Execute ***
// Launch: 1 / 1
// Execute: /home/master/coding/my.gitlab/csharp/Microservices.Showcase/bench/Microservices.Showcase.Benchs/bin/Release/net10.0/Microservices.Showcase.Benchs-Job-PHKGVJ-1/bin/Release/net10.0/linux-x64/publish/Microservices.Showcase.Benchs-Job-PHKGVJ-1 --anonymousPipes 117 118 --benchmarkName Microservices.Showcase.Benchmarks.Str16Bench.HashCode_Vec128 --job "IterationCount=10, RunStrategy=Throughput, WarmupCount=5" --benchmarkId 1 in 
// Failed to set up high priority (Permission denied). In order to run benchmarks with high priority, make sure you have the right permissions.
// BeforeAnythingElse

// Benchmark Process Environment Information:
// BenchmarkDotNet v0.15.8
// Runtime=.NET 10.0.4, X64 NativeAOT x86-64-v3
// GC=Concurrent Workstation
// HardwareIntrinsics=AVX2+BMI1+BMI2+F16C+FMA+LZCNT+MOVBE,AVX,SSE3+SSSE3+SSE4.1+SSE4.2+POPCNT,X86Base+SSE+SSE2,AES+PCLMUL VectorSize=256
// Job: Job-PHKGVJ(IterationCount=10, RunStrategy=Throughput, WarmupCount=5)

OverheadJitting  1: 1 op, 290.00 ns, 290.0000 ns/op
WorkloadJitting  1: 1 op, 10610.00 ns, 10.6100 us/op

OverheadJitting  2: 16 op, 220.00 ns, 13.7500 ns/op
WorkloadJitting  2: 16 op, 1102.00 ns, 68.8750 ns/op

WorkloadPilot    1: 16 op, 992.00 ns, 62.0000 ns/op
WorkloadPilot    2: 32 op, 1663.00 ns, 51.9688 ns/op
WorkloadPilot    3: 64 op, 2945.00 ns, 46.0156 ns/op
WorkloadPilot    4: 128 op, 5481.00 ns, 42.8203 ns/op
WorkloadPilot    5: 256 op, 16230.00 ns, 63.3984 ns/op
WorkloadPilot    6: 512 op, 21229.00 ns, 41.4629 ns/op
WorkloadPilot    7: 1024 op, 42059.00 ns, 41.0732 ns/op
WorkloadPilot    8: 2048 op, 83846.00 ns, 40.9404 ns/op
WorkloadPilot    9: 4096 op, 167392.00 ns, 40.8672 ns/op
WorkloadPilot   10: 8192 op, 340786.00 ns, 41.5999 ns/op
WorkloadPilot   11: 16384 op, 668577.00 ns, 40.8067 ns/op
WorkloadPilot   12: 32768 op, 1347594.00 ns, 41.1253 ns/op
WorkloadPilot   13: 65536 op, 2700087.00 ns, 41.2001 ns/op
WorkloadPilot   14: 131072 op, 6009691.00 ns, 45.8503 ns/op
WorkloadPilot   15: 262144 op, 11017033.00 ns, 42.0266 ns/op
WorkloadPilot   16: 524288 op, 22298730.00 ns, 42.5315 ns/op
WorkloadPilot   17: 1048576 op, 44400372.00 ns, 42.3435 ns/op
WorkloadPilot   18: 2097152 op, 88647618.00 ns, 42.2705 ns/op
WorkloadPilot   19: 4194304 op, 175692284.00 ns, 41.8883 ns/op
WorkloadPilot   20: 8388608 op, 354870602.00 ns, 42.3039 ns/op
WorkloadPilot   21: 16777216 op, 707445191.00 ns, 42.1670 ns/op

OverheadWarmup   1: 16777216 op, 16519919.00 ns, 0.9847 ns/op
OverheadWarmup   2: 16777216 op, 16682181.00 ns, 0.9943 ns/op
OverheadWarmup   3: 16777216 op, 16638951.00 ns, 0.9918 ns/op
OverheadWarmup   4: 16777216 op, 16550185.00 ns, 0.9865 ns/op
OverheadWarmup   5: 16777216 op, 16521482.00 ns, 0.9848 ns/op
OverheadWarmup   6: 16777216 op, 16833895.00 ns, 1.0034 ns/op
OverheadWarmup   7: 16777216 op, 16459637.00 ns, 0.9811 ns/op

OverheadActual   1: 16777216 op, 16484232.00 ns, 0.9825 ns/op
OverheadActual   2: 16777216 op, 16455098.00 ns, 0.9808 ns/op
OverheadActual   3: 16777216 op, 16456490.00 ns, 0.9809 ns/op
OverheadActual   4: 16777216 op, 16487428.00 ns, 0.9827 ns/op
OverheadActual   5: 16777216 op, 16605870.00 ns, 0.9898 ns/op
OverheadActual   6: 16777216 op, 17820415.00 ns, 1.0622 ns/op
OverheadActual   7: 16777216 op, 16500463.00 ns, 0.9835 ns/op
OverheadActual   8: 16777216 op, 16901010.00 ns, 1.0074 ns/op
OverheadActual   9: 16777216 op, 16498539.00 ns, 0.9834 ns/op
OverheadActual  10: 16777216 op, 16487979.00 ns, 0.9828 ns/op
OverheadActual  11: 16777216 op, 16430432.00 ns, 0.9793 ns/op
OverheadActual  12: 16777216 op, 16442835.00 ns, 0.9801 ns/op
OverheadActual  13: 16777216 op, 16492739.00 ns, 0.9830 ns/op
OverheadActual  14: 16777216 op, 16461169.00 ns, 0.9812 ns/op
OverheadActual  15: 16777216 op, 16465016.00 ns, 0.9814 ns/op

WorkloadWarmup   1: 16777216 op, 701545626.00 ns, 41.8154 ns/op
WorkloadWarmup   2: 16777216 op, 701792467.00 ns, 41.8301 ns/op
WorkloadWarmup   3: 16777216 op, 704429978.00 ns, 41.9873 ns/op
WorkloadWarmup   4: 16777216 op, 700559076.00 ns, 41.7566 ns/op
WorkloadWarmup   5: 16777216 op, 702955357.00 ns, 41.8994 ns/op

// BeforeActualRun
WorkloadActual   1: 16777216 op, 702560311.00 ns, 41.8759 ns/op
WorkloadActual   2: 16777216 op, 703255218.00 ns, 41.9173 ns/op
WorkloadActual   3: 16777216 op, 700416352.00 ns, 41.7481 ns/op
WorkloadActual   4: 16777216 op, 703589602.00 ns, 41.9372 ns/op
WorkloadActual   5: 16777216 op, 703868052.00 ns, 41.9538 ns/op
WorkloadActual   6: 16777216 op, 702347776.00 ns, 41.8632 ns/op
WorkloadActual   7: 16777216 op, 705597299.00 ns, 42.0569 ns/op
WorkloadActual   8: 16777216 op, 702372494.00 ns, 41.8647 ns/op
WorkloadActual   9: 16777216 op, 704412530.00 ns, 41.9863 ns/op
WorkloadActual  10: 16777216 op, 700678705.00 ns, 41.7637 ns/op

// AfterActualRun
WorkloadResult   1: 16777216 op, 686072883.00 ns, 40.8931 ns/op
WorkloadResult   2: 16777216 op, 686767790.00 ns, 40.9346 ns/op
WorkloadResult   3: 16777216 op, 683928924.00 ns, 40.7653 ns/op
WorkloadResult   4: 16777216 op, 687102174.00 ns, 40.9545 ns/op
WorkloadResult   5: 16777216 op, 687380624.00 ns, 40.9711 ns/op
WorkloadResult   6: 16777216 op, 685860348.00 ns, 40.8805 ns/op
WorkloadResult   7: 16777216 op, 689109871.00 ns, 41.0741 ns/op
WorkloadResult   8: 16777216 op, 685885066.00 ns, 40.8819 ns/op
WorkloadResult   9: 16777216 op, 687925102.00 ns, 41.0035 ns/op
WorkloadResult  10: 16777216 op, 684191277.00 ns, 40.7810 ns/op
// GC:  0 0 0 672 16777216
// Threading:  0 0 16777216

// AfterAll
// Benchmark Process 326982 has exited with code 0.

Mean = 40.914 ns, StdErr = 0.030 ns (0.07%), N = 10, StdDev = 0.095 ns
Min = 40.765 ns, Q1 = 40.881 ns, Median = 40.914 ns, Q3 = 40.967 ns, Max = 41.074 ns
IQR = 0.086 ns, LowerFence = 40.752 ns, UpperFence = 41.096 ns
ConfidenceInterval = [40.770 ns; 41.058 ns] (CI 99.9%), Margin = 0.144 ns (0.35% of Mean)
Skewness = -0.07, Kurtosis = 1.88, MValue = 2

// ** Remained 9 (81.8 %) benchmark(s) to run. Estimated finish 2026-03-17 13:39 (0h 2m from now) **
// **************************
// Benchmark: Str16Bench.HashCode_CombineTwoInt64: Job-PHKGVJ(IterationCount=10, RunStrategy=Throughput, WarmupCount=5)
// *** Execute ***
// Launch: 1 / 1
// Execute: /home/master/coding/my.gitlab/csharp/Microservices.Showcase/bench/Microservices.Showcase.Benchs/bin/Release/net10.0/Microservices.Showcase.Benchs-Job-PHKGVJ-1/bin/Release/net10.0/linux-x64/publish/Microservices.Showcase.Benchs-Job-PHKGVJ-1 --anonymousPipes 117 118 --benchmarkName Microservices.Showcase.Benchmarks.Str16Bench.HashCode_CombineTwoInt64 --job "IterationCount=10, RunStrategy=Throughput, WarmupCount=5" --benchmarkId 2 in 
// Failed to set up high priority (Permission denied). In order to run benchmarks with high priority, make sure you have the right permissions.
// BeforeAnythingElse

// Benchmark Process Environment Information:
// BenchmarkDotNet v0.15.8
// Runtime=.NET 10.0.4, X64 NativeAOT x86-64-v3
// GC=Concurrent Workstation
// HardwareIntrinsics=AVX2+BMI1+BMI2+F16C+FMA+LZCNT+MOVBE,AVX,SSE3+SSSE3+SSE4.1+SSE4.2+POPCNT,X86Base+SSE+SSE2,AES+PCLMUL VectorSize=256
// Job: Job-PHKGVJ(IterationCount=10, RunStrategy=Throughput, WarmupCount=5)

OverheadJitting  1: 1 op, 110.00 ns, 110.0000 ns/op
WorkloadJitting  1: 1 op, 9408.00 ns, 9.4080 us/op

OverheadJitting  2: 16 op, 241.00 ns, 15.0625 ns/op
WorkloadJitting  2: 16 op, 390.00 ns, 24.3750 ns/op

WorkloadPilot    1: 16 op, 401.00 ns, 25.0625 ns/op
WorkloadPilot    2: 32 op, 602.00 ns, 18.8125 ns/op
WorkloadPilot    3: 64 op, 711.00 ns, 11.1094 ns/op
WorkloadPilot    4: 128 op, 1233.00 ns, 9.6328 ns/op
WorkloadPilot    5: 256 op, 2234.00 ns, 8.7266 ns/op
WorkloadPilot    6: 512 op, 3968.00 ns, 7.7500 ns/op
WorkloadPilot    7: 1024 op, 7243.00 ns, 7.0732 ns/op
WorkloadPilot    8: 2048 op, 15278.00 ns, 7.4600 ns/op
WorkloadPilot    9: 4096 op, 28634.00 ns, 6.9907 ns/op
WorkloadPilot   10: 8192 op, 56255.00 ns, 6.8671 ns/op
WorkloadPilot   11: 16384 op, 112510.00 ns, 6.8671 ns/op
WorkloadPilot   12: 32768 op, 228546.00 ns, 6.9747 ns/op
WorkloadPilot   13: 65536 op, 834176.00 ns, 12.7285 ns/op
WorkloadPilot   14: 131072 op, 899598.00 ns, 6.8634 ns/op
WorkloadPilot   15: 262144 op, 1817981.00 ns, 6.9350 ns/op
WorkloadPilot   16: 524288 op, 3727314.00 ns, 7.1093 ns/op
WorkloadPilot   17: 1048576 op, 7257199.00 ns, 6.9210 ns/op
WorkloadPilot   18: 2097152 op, 14354129.00 ns, 6.8446 ns/op
WorkloadPilot   19: 4194304 op, 28516219.00 ns, 6.7988 ns/op
WorkloadPilot   20: 8388608 op, 57631737.00 ns, 6.8702 ns/op
WorkloadPilot   21: 16777216 op, 115930938.00 ns, 6.9100 ns/op
WorkloadPilot   22: 33554432 op, 232113465.00 ns, 6.9175 ns/op
WorkloadPilot   23: 67108864 op, 460242896.00 ns, 6.8582 ns/op
WorkloadPilot   24: 134217728 op, 913978010.00 ns, 6.8097 ns/op

OverheadWarmup   1: 134217728 op, 133197941.00 ns, 0.9924 ns/op
OverheadWarmup   2: 134217728 op, 133488682.00 ns, 0.9946 ns/op
OverheadWarmup   3: 134217728 op, 133583580.00 ns, 0.9953 ns/op
OverheadWarmup   4: 134217728 op, 133437808.00 ns, 0.9942 ns/op
OverheadWarmup   5: 134217728 op, 133271307.00 ns, 0.9929 ns/op
OverheadWarmup   6: 134217728 op, 133515573.00 ns, 0.9948 ns/op
OverheadWarmup   7: 134217728 op, 133715405.00 ns, 0.9963 ns/op
OverheadWarmup   8: 134217728 op, 134240896.00 ns, 1.0002 ns/op
OverheadWarmup   9: 134217728 op, 134513154.00 ns, 1.0022 ns/op
OverheadWarmup  10: 134217728 op, 134320945.00 ns, 1.0008 ns/op

OverheadActual   1: 134217728 op, 133874923.00 ns, 0.9974 ns/op
OverheadActual   2: 134217728 op, 134956020.00 ns, 1.0055 ns/op
OverheadActual   3: 134217728 op, 133540209.00 ns, 0.9950 ns/op
OverheadActual   4: 134217728 op, 133628493.00 ns, 0.9956 ns/op
OverheadActual   5: 134217728 op, 133561729.00 ns, 0.9951 ns/op
OverheadActual   6: 134217728 op, 133970793.00 ns, 0.9982 ns/op
OverheadActual   7: 134217728 op, 133149109.00 ns, 0.9920 ns/op
OverheadActual   8: 134217728 op, 133628313.00 ns, 0.9956 ns/op
OverheadActual   9: 134217728 op, 133875905.00 ns, 0.9975 ns/op
OverheadActual  10: 134217728 op, 133910460.00 ns, 0.9977 ns/op
OverheadActual  11: 134217728 op, 133986341.00 ns, 0.9983 ns/op
OverheadActual  12: 134217728 op, 133424964.00 ns, 0.9941 ns/op
OverheadActual  13: 134217728 op, 133732658.00 ns, 0.9964 ns/op
OverheadActual  14: 134217728 op, 133830300.00 ns, 0.9971 ns/op
OverheadActual  15: 134217728 op, 138584981.00 ns, 1.0325 ns/op

WorkloadWarmup   1: 134217728 op, 922302073.00 ns, 6.8717 ns/op
WorkloadWarmup   2: 134217728 op, 936047788.00 ns, 6.9741 ns/op
WorkloadWarmup   3: 134217728 op, 918772429.00 ns, 6.8454 ns/op
WorkloadWarmup   4: 134217728 op, 922846040.00 ns, 6.8757 ns/op
WorkloadWarmup   5: 134217728 op, 913397023.00 ns, 6.8053 ns/op

// BeforeActualRun
WorkloadActual   1: 134217728 op, 914240828.00 ns, 6.8116 ns/op
WorkloadActual   2: 134217728 op, 920211468.00 ns, 6.8561 ns/op
WorkloadActual   3: 134217728 op, 915132542.00 ns, 6.8183 ns/op
WorkloadActual   4: 134217728 op, 915231818.00 ns, 6.8190 ns/op
WorkloadActual   5: 134217728 op, 919060802.00 ns, 6.8475 ns/op
WorkloadActual   6: 134217728 op, 914604049.00 ns, 6.8143 ns/op
WorkloadActual   7: 134217728 op, 916996091.00 ns, 6.8322 ns/op
WorkloadActual   8: 134217728 op, 912271408.00 ns, 6.7970 ns/op
WorkloadActual   9: 134217728 op, 913312902.00 ns, 6.8047 ns/op
WorkloadActual  10: 134217728 op, 912402364.00 ns, 6.7979 ns/op

// AfterActualRun
WorkloadResult   1: 134217728 op, 780410528.00 ns, 5.8145 ns/op
WorkloadResult   2: 134217728 op, 786381168.00 ns, 5.8590 ns/op
WorkloadResult   3: 134217728 op, 781302242.00 ns, 5.8212 ns/op
WorkloadResult   4: 134217728 op, 781401518.00 ns, 5.8219 ns/op
WorkloadResult   5: 134217728 op, 785230502.00 ns, 5.8504 ns/op
WorkloadResult   6: 134217728 op, 780773749.00 ns, 5.8172 ns/op
WorkloadResult   7: 134217728 op, 783165791.00 ns, 5.8350 ns/op
WorkloadResult   8: 134217728 op, 778441108.00 ns, 5.7998 ns/op
WorkloadResult   9: 134217728 op, 779482602.00 ns, 5.8076 ns/op
WorkloadResult  10: 134217728 op, 778572064.00 ns, 5.8008 ns/op
// GC:  0 0 0 672 134217728
// Threading:  0 0 134217728

// AfterAll
// Benchmark Process 326995 has exited with code 0.

Mean = 5.823 ns, StdErr = 0.006 ns (0.11%), N = 10, StdDev = 0.020 ns
Min = 5.800 ns, Q1 = 5.809 ns, Median = 5.819 ns, Q3 = 5.832 ns, Max = 5.859 ns
IQR = 0.022 ns, LowerFence = 5.776 ns, UpperFence = 5.865 ns
ConfidenceInterval = [5.793 ns; 5.853 ns] (CI 99.9%), Margin = 0.030 ns (0.52% of Mean)
Skewness = 0.56, Kurtosis = 1.85, MValue = 2

// ** Remained 8 (72.7 %) benchmark(s) to run. Estimated finish 2026-03-17 13:39 (0h 2m from now) **
// **************************
// Benchmark: Str16Bench.Str16_SseData: Job-PHKGVJ(IterationCount=10, RunStrategy=Throughput, WarmupCount=5)
// *** Execute ***
// Launch: 1 / 1
// Execute: /home/master/coding/my.gitlab/csharp/Microservices.Showcase/bench/Microservices.Showcase.Benchs/bin/Release/net10.0/Microservices.Showcase.Benchs-Job-PHKGVJ-1/bin/Release/net10.0/linux-x64/publish/Microservices.Showcase.Benchs-Job-PHKGVJ-1 --anonymousPipes 117 118 --benchmarkName Microservices.Showcase.Benchmarks.Str16Bench.Str16_SseData --job "IterationCount=10, RunStrategy=Throughput, WarmupCount=5" --benchmarkId 3 in 
// Failed to set up high priority (Permission denied). In order to run benchmarks with high priority, make sure you have the right permissions.
// BeforeAnythingElse

// Benchmark Process Environment Information:
// BenchmarkDotNet v0.15.8
// Runtime=.NET 10.0.4, X64 NativeAOT x86-64-v3
// GC=Concurrent Workstation
// HardwareIntrinsics=AVX2+BMI1+BMI2+F16C+FMA+LZCNT+MOVBE,AVX,SSE3+SSSE3+SSE4.1+SSE4.2+POPCNT,X86Base+SSE+SSE2,AES+PCLMUL VectorSize=256
// Job: Job-PHKGVJ(IterationCount=10, RunStrategy=Throughput, WarmupCount=5)

OverheadJitting  1: 1 op, 371.00 ns, 371.0000 ns/op
WorkloadJitting  1: 1 op, 7915.00 ns, 7.9150 us/op

OverheadJitting  2: 16 op, 261.00 ns, 16.3125 ns/op
WorkloadJitting  2: 16 op, 271.00 ns, 16.9375 ns/op

WorkloadPilot    1: 16 op, 241.00 ns, 15.0625 ns/op
WorkloadPilot    2: 32 op, 301.00 ns, 9.4063 ns/op
WorkloadPilot    3: 64 op, 451.00 ns, 7.0469 ns/op
WorkloadPilot    4: 128 op, 631.00 ns, 4.9297 ns/op
WorkloadPilot    5: 256 op, 661.00 ns, 2.5820 ns/op
WorkloadPilot    6: 512 op, 1113.00 ns, 2.1738 ns/op
WorkloadPilot    7: 1024 op, 2063.00 ns, 2.0146 ns/op
WorkloadPilot    8: 2048 op, 2614.00 ns, 1.2764 ns/op
WorkloadPilot    9: 4096 op, 5010.00 ns, 1.2231 ns/op
WorkloadPilot   10: 8192 op, 9768.00 ns, 1.1924 ns/op
WorkloadPilot   11: 16384 op, 19276.00 ns, 1.1765 ns/op
WorkloadPilot   12: 32768 op, 38412.00 ns, 1.1722 ns/op
WorkloadPilot   13: 65536 op, 77335.00 ns, 1.1800 ns/op
WorkloadPilot   14: 131072 op, 153968.00 ns, 1.1747 ns/op
WorkloadPilot   15: 262144 op, 305640.00 ns, 1.1659 ns/op
WorkloadPilot   16: 524288 op, 675741.00 ns, 1.2889 ns/op
WorkloadPilot   17: 1048576 op, 1766946.00 ns, 1.6851 ns/op
WorkloadPilot   18: 2097152 op, 2563462.00 ns, 1.2224 ns/op
WorkloadPilot   19: 4194304 op, 5303604.00 ns, 1.2645 ns/op
WorkloadPilot   20: 8388608 op, 11018697.00 ns, 1.3135 ns/op
WorkloadPilot   21: 16777216 op, 21151771.00 ns, 1.2607 ns/op
WorkloadPilot   22: 33554432 op, 42118225.00 ns, 1.2552 ns/op
WorkloadPilot   23: 67108864 op, 84156682.00 ns, 1.2540 ns/op
WorkloadPilot   24: 134217728 op, 164364295.00 ns, 1.2246 ns/op
WorkloadPilot   25: 268435456 op, 329169785.00 ns, 1.2263 ns/op
WorkloadPilot   26: 536870912 op, 654430167.00 ns, 1.2190 ns/op

OverheadWarmup   1: 536870912 op, 513285478.00 ns, 0.9561 ns/op
OverheadWarmup   2: 536870912 op, 517946745.00 ns, 0.9648 ns/op
OverheadWarmup   3: 536870912 op, 529353055.00 ns, 0.9860 ns/op
OverheadWarmup   4: 536870912 op, 532511587.00 ns, 0.9919 ns/op
OverheadWarmup   5: 536870912 op, 525459131.00 ns, 0.9787 ns/op
OverheadWarmup   6: 536870912 op, 520656661.00 ns, 0.9698 ns/op
OverheadWarmup   7: 536870912 op, 517775717.00 ns, 0.9644 ns/op
OverheadWarmup   8: 536870912 op, 513482728.00 ns, 0.9564 ns/op
OverheadWarmup   9: 536870912 op, 513737904.00 ns, 0.9569 ns/op
OverheadWarmup  10: 536870912 op, 514834771.00 ns, 0.9590 ns/op

OverheadActual   1: 536870912 op, 515184814.00 ns, 0.9596 ns/op
OverheadActual   2: 536870912 op, 520709120.00 ns, 0.9699 ns/op
OverheadActual   3: 536870912 op, 520092981.00 ns, 0.9687 ns/op
OverheadActual   4: 536870912 op, 519158127.00 ns, 0.9670 ns/op
OverheadActual   5: 536870912 op, 520204650.00 ns, 0.9690 ns/op
OverheadActual   6: 536870912 op, 515250298.00 ns, 0.9597 ns/op
OverheadActual   7: 536870912 op, 527673514.00 ns, 0.9829 ns/op
OverheadActual   8: 536870912 op, 520820701.00 ns, 0.9701 ns/op
OverheadActual   9: 536870912 op, 515172202.00 ns, 0.9596 ns/op
OverheadActual  10: 536870912 op, 515983546.00 ns, 0.9611 ns/op
OverheadActual  11: 536870912 op, 515186880.00 ns, 0.9596 ns/op
OverheadActual  12: 536870912 op, 514258749.00 ns, 0.9579 ns/op
OverheadActual  13: 536870912 op, 514201822.00 ns, 0.9578 ns/op
OverheadActual  14: 536870912 op, 513847101.00 ns, 0.9571 ns/op
OverheadActual  15: 536870912 op, 514783719.00 ns, 0.9589 ns/op

WorkloadWarmup   1: 536870912 op, 664490662.00 ns, 1.2377 ns/op
WorkloadWarmup   2: 536870912 op, 662180051.00 ns, 1.2334 ns/op
WorkloadWarmup   3: 536870912 op, 655676389.00 ns, 1.2213 ns/op
WorkloadWarmup   4: 536870912 op, 657618772.00 ns, 1.2249 ns/op
WorkloadWarmup   5: 536870912 op, 654399157.00 ns, 1.2189 ns/op

// BeforeActualRun
WorkloadActual   1: 536870912 op, 659249105.00 ns, 1.2279 ns/op
WorkloadActual   2: 536870912 op, 656112634.00 ns, 1.2221 ns/op
WorkloadActual   3: 536870912 op, 661694848.00 ns, 1.2325 ns/op
WorkloadActual   4: 536870912 op, 658394562.00 ns, 1.2264 ns/op
WorkloadActual   5: 536870912 op, 657688024.00 ns, 1.2250 ns/op
WorkloadActual   6: 536870912 op, 653597403.00 ns, 1.2174 ns/op
WorkloadActual   7: 536870912 op, 652565958.00 ns, 1.2155 ns/op
WorkloadActual   8: 536870912 op, 659081795.00 ns, 1.2276 ns/op
WorkloadActual   9: 536870912 op, 655614377.00 ns, 1.2212 ns/op
WorkloadActual  10: 536870912 op, 656765485.00 ns, 1.2233 ns/op

// AfterActualRun
WorkloadResult   1: 536870912 op, 143998807.00 ns, 0.2682 ns/op
WorkloadResult   2: 536870912 op, 140862336.00 ns, 0.2624 ns/op
WorkloadResult   3: 536870912 op, 146444550.00 ns, 0.2728 ns/op
WorkloadResult   4: 536870912 op, 143144264.00 ns, 0.2666 ns/op
WorkloadResult   5: 536870912 op, 142437726.00 ns, 0.2653 ns/op
WorkloadResult   6: 536870912 op, 138347105.00 ns, 0.2577 ns/op
WorkloadResult   7: 536870912 op, 137315660.00 ns, 0.2558 ns/op
WorkloadResult   8: 536870912 op, 143831497.00 ns, 0.2679 ns/op
WorkloadResult   9: 536870912 op, 140364079.00 ns, 0.2614 ns/op
WorkloadResult  10: 536870912 op, 141515187.00 ns, 0.2636 ns/op
// GC:  0 0 0 672 536870912
// Threading:  0 0 536870912

// AfterAll
// Benchmark Process 327013 has exited with code 0.

Mean = 0.264 ns, StdErr = 0.002 ns (0.61%), N = 10, StdDev = 0.005 ns
Min = 0.256 ns, Q1 = 0.262 ns, Median = 0.264 ns, Q3 = 0.268 ns, Max = 0.273 ns
IQR = 0.006 ns, LowerFence = 0.253 ns, UpperFence = 0.276 ns
ConfidenceInterval = [0.256 ns; 0.272 ns] (CI 99.9%), Margin = 0.008 ns (2.93% of Mean)
Skewness = -0.09, Kurtosis = 1.87, MValue = 2

// ** Remained 7 (63.6 %) benchmark(s) to run. Estimated finish 2026-03-17 13:39 (0h 2m from now) **
// **************************
// Benchmark: Str16Bench.Str16_Span: Job-PHKGVJ(IterationCount=10, RunStrategy=Throughput, WarmupCount=5)
// *** Execute ***
// Launch: 1 / 1
// Execute: /home/master/coding/my.gitlab/csharp/Microservices.Showcase/bench/Microservices.Showcase.Benchs/bin/Release/net10.0/Microservices.Showcase.Benchs-Job-PHKGVJ-1/bin/Release/net10.0/linux-x64/publish/Microservices.Showcase.Benchs-Job-PHKGVJ-1 --anonymousPipes 117 118 --benchmarkName Microservices.Showcase.Benchmarks.Str16Bench.Str16_Span --job "IterationCount=10, RunStrategy=Throughput, WarmupCount=5" --benchmarkId 4 in 
// Failed to set up high priority (Permission denied). In order to run benchmarks with high priority, make sure you have the right permissions.
// BeforeAnythingElse

// Benchmark Process Environment Information:
// BenchmarkDotNet v0.15.8
// Runtime=.NET 10.0.4, X64 NativeAOT x86-64-v3
// GC=Concurrent Workstation
// HardwareIntrinsics=AVX2+BMI1+BMI2+F16C+FMA+LZCNT+MOVBE,AVX,SSE3+SSSE3+SSE4.1+SSE4.2+POPCNT,X86Base+SSE+SSE2,AES+PCLMUL VectorSize=256
// Job: Job-PHKGVJ(IterationCount=10, RunStrategy=Throughput, WarmupCount=5)

OverheadJitting  1: 1 op, 140.00 ns, 140.0000 ns/op
WorkloadJitting  1: 1 op, 6593.00 ns, 6.5930 us/op

OverheadJitting  2: 16 op, 210.00 ns, 13.1250 ns/op
WorkloadJitting  2: 16 op, 411.00 ns, 25.6875 ns/op

WorkloadPilot    1: 16 op, 210.00 ns, 13.1250 ns/op
WorkloadPilot    2: 32 op, 221.00 ns, 6.9063 ns/op
WorkloadPilot    3: 64 op, 271.00 ns, 4.2344 ns/op
WorkloadPilot    4: 128 op, 380.00 ns, 2.9688 ns/op
WorkloadPilot    5: 256 op, 562.00 ns, 2.1953 ns/op
WorkloadPilot    6: 512 op, 842.00 ns, 1.6445 ns/op
WorkloadPilot    7: 1024 op, 1423.00 ns, 1.3896 ns/op
WorkloadPilot    8: 2048 op, 2555.00 ns, 1.2476 ns/op
WorkloadPilot    9: 4096 op, 4959.00 ns, 1.2107 ns/op
WorkloadPilot   10: 8192 op, 9588.00 ns, 1.1704 ns/op
WorkloadPilot   11: 16384 op, 19005.00 ns, 1.1600 ns/op
WorkloadPilot   12: 32768 op, 37260.00 ns, 1.1371 ns/op
WorkloadPilot   13: 65536 op, 106339.00 ns, 1.6226 ns/op
WorkloadPilot   14: 131072 op, 156933.00 ns, 1.1973 ns/op
WorkloadPilot   15: 262144 op, 297425.00 ns, 1.1346 ns/op
WorkloadPilot   16: 524288 op, 608015.00 ns, 1.1597 ns/op
WorkloadPilot   17: 1048576 op, 1189019.00 ns, 1.1339 ns/op
WorkloadPilot   18: 2097152 op, 2407772.00 ns, 1.1481 ns/op
WorkloadPilot   19: 4194304 op, 5011359.00 ns, 1.1948 ns/op
WorkloadPilot   20: 8388608 op, 10093981.00 ns, 1.2033 ns/op
WorkloadPilot   21: 16777216 op, 20115678.00 ns, 1.1990 ns/op
WorkloadPilot   22: 33554432 op, 40192594.00 ns, 1.1978 ns/op
WorkloadPilot   23: 67108864 op, 80218096.00 ns, 1.1953 ns/op
WorkloadPilot   24: 134217728 op, 162577125.00 ns, 1.2113 ns/op
WorkloadPilot   25: 268435456 op, 325287839.00 ns, 1.2118 ns/op
WorkloadPilot   26: 536870912 op, 666055356.00 ns, 1.2406 ns/op

OverheadWarmup   1: 536870912 op, 537452215.00 ns, 1.0011 ns/op
OverheadWarmup   2: 536870912 op, 535000411.00 ns, 0.9965 ns/op
OverheadWarmup   3: 536870912 op, 536297430.00 ns, 0.9989 ns/op
OverheadWarmup   4: 536870912 op, 534298532.00 ns, 0.9952 ns/op
OverheadWarmup   5: 536870912 op, 531838723.00 ns, 0.9906 ns/op
OverheadWarmup   6: 536870912 op, 536225327.00 ns, 0.9988 ns/op
OverheadWarmup   7: 536870912 op, 535653861.00 ns, 0.9977 ns/op

OverheadActual   1: 536870912 op, 535525001.00 ns, 0.9975 ns/op
OverheadActual   2: 536870912 op, 536842088.00 ns, 0.9999 ns/op
OverheadActual   3: 536870912 op, 535804652.00 ns, 0.9980 ns/op
OverheadActual   4: 536870912 op, 539596808.00 ns, 1.0051 ns/op
OverheadActual   5: 536870912 op, 544000513.00 ns, 1.0133 ns/op
OverheadActual   6: 536870912 op, 537948423.00 ns, 1.0020 ns/op
OverheadActual   7: 536870912 op, 537803142.00 ns, 1.0017 ns/op
OverheadActual   8: 536870912 op, 536552849.00 ns, 0.9994 ns/op
OverheadActual   9: 536870912 op, 539466556.00 ns, 1.0048 ns/op
OverheadActual  10: 536870912 op, 534729889.00 ns, 0.9960 ns/op
OverheadActual  11: 536870912 op, 536510090.00 ns, 0.9993 ns/op
OverheadActual  12: 536870912 op, 540838365.00 ns, 1.0074 ns/op
OverheadActual  13: 536870912 op, 535548828.00 ns, 0.9975 ns/op
OverheadActual  14: 536870912 op, 529859964.00 ns, 0.9869 ns/op
OverheadActual  15: 536870912 op, 530824594.00 ns, 0.9887 ns/op

WorkloadWarmup   1: 536870912 op, 645783904.00 ns, 1.2029 ns/op
WorkloadWarmup   2: 536870912 op, 644155437.00 ns, 1.1998 ns/op
WorkloadWarmup   3: 536870912 op, 644361872.00 ns, 1.2002 ns/op
WorkloadWarmup   4: 536870912 op, 637030936.00 ns, 1.1866 ns/op
WorkloadWarmup   5: 536870912 op, 641772391.00 ns, 1.1954 ns/op

// BeforeActualRun
WorkloadActual   1: 536870912 op, 639575363.00 ns, 1.1913 ns/op
WorkloadActual   2: 536870912 op, 641792349.00 ns, 1.1954 ns/op
WorkloadActual   3: 536870912 op, 643969131.00 ns, 1.1995 ns/op
WorkloadActual   4: 536870912 op, 651902632.00 ns, 1.2143 ns/op
WorkloadActual   5: 536870912 op, 645848568.00 ns, 1.2030 ns/op
WorkloadActual   6: 536870912 op, 653709644.00 ns, 1.2176 ns/op
WorkloadActual   7: 536870912 op, 651831129.00 ns, 1.2141 ns/op
WorkloadActual   8: 536870912 op, 668766444.00 ns, 1.2457 ns/op
WorkloadActual   9: 536870912 op, 646275746.00 ns, 1.2038 ns/op
WorkloadActual  10: 536870912 op, 644645665.00 ns, 1.2007 ns/op

// AfterActualRun
WorkloadResult   1: 536870912 op, 103022514.00 ns, 0.1919 ns/op
WorkloadResult   2: 536870912 op, 105239500.00 ns, 0.1960 ns/op
WorkloadResult   3: 536870912 op, 107416282.00 ns, 0.2001 ns/op
WorkloadResult   4: 536870912 op, 115349783.00 ns, 0.2149 ns/op
WorkloadResult   5: 536870912 op, 109295719.00 ns, 0.2036 ns/op
WorkloadResult   6: 536870912 op, 117156795.00 ns, 0.2182 ns/op
WorkloadResult   7: 536870912 op, 115278280.00 ns, 0.2147 ns/op
WorkloadResult   8: 536870912 op, 109722897.00 ns, 0.2044 ns/op
WorkloadResult   9: 536870912 op, 108092816.00 ns, 0.2013 ns/op
// GC:  0 0 0 672 536870912
// Threading:  0 0 536870912

// AfterAll
// Benchmark Process 327040 has exited with code 0.

Mean = 0.205 ns, StdErr = 0.003 ns (1.48%), N = 9, StdDev = 0.009 ns
Min = 0.192 ns, Q1 = 0.200 ns, Median = 0.204 ns, Q3 = 0.215 ns, Max = 0.218 ns
IQR = 0.015 ns, LowerFence = 0.178 ns, UpperFence = 0.237 ns
ConfidenceInterval = [0.190 ns; 0.220 ns] (CI 99.9%), Margin = 0.015 ns (7.44% of Mean)
Skewness = 0.15, Kurtosis = 1.4, MValue = 3.2

// ** Remained 6 (54.5 %) benchmark(s) to run. Estimated finish 2026-03-17 13:39 (0h 2m from now) **
// **************************
// Benchmark: Str16Bench.Str16_FromBytesUnsafe: Job-PHKGVJ(IterationCount=10, RunStrategy=Throughput, WarmupCount=5)
// *** Execute ***
// Launch: 1 / 1
// Execute: /home/master/coding/my.gitlab/csharp/Microservices.Showcase/bench/Microservices.Showcase.Benchs/bin/Release/net10.0/Microservices.Showcase.Benchs-Job-PHKGVJ-1/bin/Release/net10.0/linux-x64/publish/Microservices.Showcase.Benchs-Job-PHKGVJ-1 --anonymousPipes 117 118 --benchmarkName Microservices.Showcase.Benchmarks.Str16Bench.Str16_FromBytesUnsafe --job "IterationCount=10, RunStrategy=Throughput, WarmupCount=5" --benchmarkId 5 in 
// Failed to set up high priority (Permission denied). In order to run benchmarks with high priority, make sure you have the right permissions.
// BeforeAnythingElse

// Benchmark Process Environment Information:
// BenchmarkDotNet v0.15.8
// Runtime=.NET 10.0.4, X64 NativeAOT x86-64-v3
// GC=Concurrent Workstation
// HardwareIntrinsics=AVX2+BMI1+BMI2+F16C+FMA+LZCNT+MOVBE,AVX,SSE3+SSSE3+SSE4.1+SSE4.2+POPCNT,X86Base+SSE+SSE2,AES+PCLMUL VectorSize=256
// Job: Job-PHKGVJ(IterationCount=10, RunStrategy=Throughput, WarmupCount=5)

OverheadJitting  1: 1 op, 541.00 ns, 541.0000 ns/op
WorkloadJitting  1: 1 op, 7404.00 ns, 7.4040 us/op

OverheadJitting  2: 16 op, 251.00 ns, 15.6875 ns/op
WorkloadJitting  2: 16 op, 511.00 ns, 31.9375 ns/op

WorkloadPilot    1: 16 op, 280.00 ns, 17.5000 ns/op
WorkloadPilot    2: 32 op, 291.00 ns, 9.0938 ns/op
WorkloadPilot    3: 64 op, 421.00 ns, 6.5781 ns/op
WorkloadPilot    4: 128 op, 551.00 ns, 4.3047 ns/op
WorkloadPilot    5: 256 op, 1202.00 ns, 4.6953 ns/op
WorkloadPilot    6: 512 op, 1693.00 ns, 3.3066 ns/op
WorkloadPilot    7: 1024 op, 3166.00 ns, 3.0918 ns/op
WorkloadPilot    8: 2048 op, 6132.00 ns, 2.9941 ns/op
WorkloadPilot    9: 4096 op, 12012.00 ns, 2.9326 ns/op
WorkloadPilot   10: 8192 op, 24015.00 ns, 2.9315 ns/op
WorkloadPilot   11: 16384 op, 47759.00 ns, 2.9150 ns/op
WorkloadPilot   12: 32768 op, 94647.00 ns, 2.8884 ns/op
WorkloadPilot   13: 65536 op, 189955.00 ns, 2.8985 ns/op
WorkloadPilot   14: 131072 op, 379659.00 ns, 2.8966 ns/op
WorkloadPilot   15: 262144 op, 766430.00 ns, 2.9237 ns/op
WorkloadPilot   16: 524288 op, 1375196.00 ns, 2.6230 ns/op
WorkloadPilot   17: 1048576 op, 3757750.00 ns, 3.5837 ns/op
WorkloadPilot   18: 2097152 op, 5978584.00 ns, 2.8508 ns/op
WorkloadPilot   19: 4194304 op, 12643568.00 ns, 3.0145 ns/op
WorkloadPilot   20: 8388608 op, 25209913.00 ns, 3.0053 ns/op
WorkloadPilot   21: 16777216 op, 49684903.00 ns, 2.9615 ns/op
WorkloadPilot   22: 33554432 op, 95723755.00 ns, 2.8528 ns/op
WorkloadPilot   23: 67108864 op, 198402043.00 ns, 2.9564 ns/op
WorkloadPilot   24: 134217728 op, 400693493.00 ns, 2.9854 ns/op
WorkloadPilot   25: 268435456 op, 792633325.00 ns, 2.9528 ns/op

OverheadWarmup   1: 268435456 op, 254244174.00 ns, 0.9471 ns/op
OverheadWarmup   2: 268435456 op, 253973499.00 ns, 0.9461 ns/op
OverheadWarmup   3: 268435456 op, 254143296.00 ns, 0.9468 ns/op
OverheadWarmup   4: 268435456 op, 254297914.00 ns, 0.9473 ns/op
OverheadWarmup   5: 268435456 op, 253980733.00 ns, 0.9462 ns/op
OverheadWarmup   6: 268435456 op, 256692131.00 ns, 0.9563 ns/op
OverheadWarmup   7: 268435456 op, 257516339.00 ns, 0.9593 ns/op
OverheadWarmup   8: 268435456 op, 257315815.00 ns, 0.9586 ns/op

OverheadActual   1: 268435456 op, 255669143.00 ns, 0.9524 ns/op
OverheadActual   2: 268435456 op, 254792868.00 ns, 0.9492 ns/op
OverheadActual   3: 268435456 op, 253758920.00 ns, 0.9453 ns/op
OverheadActual   4: 268435456 op, 254968846.00 ns, 0.9498 ns/op
OverheadActual   5: 268435456 op, 253951848.00 ns, 0.9460 ns/op
OverheadActual   6: 268435456 op, 254943560.00 ns, 0.9497 ns/op
OverheadActual   7: 268435456 op, 253574466.00 ns, 0.9446 ns/op
OverheadActual   8: 268435456 op, 254160368.00 ns, 0.9468 ns/op
OverheadActual   9: 268435456 op, 253610262.00 ns, 0.9448 ns/op
OverheadActual  10: 268435456 op, 254404785.00 ns, 0.9477 ns/op
OverheadActual  11: 268435456 op, 253496179.00 ns, 0.9443 ns/op
OverheadActual  12: 268435456 op, 254408471.00 ns, 0.9477 ns/op
OverheadActual  13: 268435456 op, 253363432.00 ns, 0.9439 ns/op
OverheadActual  14: 268435456 op, 255174962.00 ns, 0.9506 ns/op
OverheadActual  15: 268435456 op, 258322604.00 ns, 0.9623 ns/op

WorkloadWarmup   1: 268435456 op, 801580992.00 ns, 2.9861 ns/op
WorkloadWarmup   2: 268435456 op, 795369704.00 ns, 2.9630 ns/op
WorkloadWarmup   3: 268435456 op, 787051526.00 ns, 2.9320 ns/op
WorkloadWarmup   4: 268435456 op, 781622208.00 ns, 2.9118 ns/op
WorkloadWarmup   5: 268435456 op, 789257804.00 ns, 2.9402 ns/op

// BeforeActualRun
WorkloadActual   1: 268435456 op, 792740631.00 ns, 2.9532 ns/op
WorkloadActual   2: 268435456 op, 785712390.00 ns, 2.9270 ns/op
WorkloadActual   3: 268435456 op, 775120620.00 ns, 2.8875 ns/op
WorkloadActual   4: 268435456 op, 786358366.00 ns, 2.9294 ns/op
WorkloadActual   5: 268435456 op, 782087819.00 ns, 2.9135 ns/op
WorkloadActual   6: 268435456 op, 779103492.00 ns, 2.9024 ns/op
WorkloadActual   7: 268435456 op, 782379664.00 ns, 2.9146 ns/op
WorkloadActual   8: 268435456 op, 783236854.00 ns, 2.9178 ns/op
WorkloadActual   9: 268435456 op, 780434807.00 ns, 2.9073 ns/op
