// Validating benchmarks:
// ***** BenchmarkRunner: Start   *****
// ***** Found 7 benchmark(s) in total *****
// ***** Building 1 exe(s) in Parallel: Start   *****
// start dotnet  restore -r linux-x64 --nodeReuse:false /p:UseSharedCompilation=false /p:Deterministic=true /p:Optimize=true /p:ArtifactsPath="/home/master/coding/my.gitlab/csharp/Microservices.Showcase/bench/Microservices.Showcase.Benchs/bin/Release/net10.0/Microservices.Showcase.Benchs-Job-PHKGVJ-1/" /p:OutDir="/home/master/coding/my.gitlab/csharp/Microservices.Showcase/bench/Microservices.Showcase.Benchs/bin/Release/net10.0/Microservices.Showcase.Benchs-Job-PHKGVJ-1/bin/Release/net10.0/linux-x64/publish/" /p:OutputPath="/home/master/coding/my.gitlab/csharp/Microservices.Showcase/bench/Microservices.Showcase.Benchs/bin/Release/net10.0/Microservices.Showcase.Benchs-Job-PHKGVJ-1/bin/Release/net10.0/linux-x64/publish/" /p:PublishDir="/home/master/coding/my.gitlab/csharp/Microservices.Showcase/bench/Microservices.Showcase.Benchs/bin/Release/net10.0/Microservices.Showcase.Benchs-Job-PHKGVJ-1/publish/" in /home/master/coding/my.gitlab/csharp/Microservices.Showcase/bench/Microservices.Showcase.Benchs/bin/Release/net10.0/Microservices.Showcase.Benchs-Job-PHKGVJ-1
// command took 2.04 sec and exited with 0
// start dotnet  publish -c Release -r linux-x64 --no-restore --nodeReuse:false /p:UseSharedCompilation=false /p:Deterministic=true /p:Optimize=true /p:ArtifactsPath="/home/master/coding/my.gitlab/csharp/Microservices.Showcase/bench/Microservices.Showcase.Benchs/bin/Release/net10.0/Microservices.Showcase.Benchs-Job-PHKGVJ-1/" /p:OutDir="/home/master/coding/my.gitlab/csharp/Microservices.Showcase/bench/Microservices.Showcase.Benchs/bin/Release/net10.0/Microservices.Showcase.Benchs-Job-PHKGVJ-1/bin/Release/net10.0/linux-x64/publish/" /p:OutputPath="/home/master/coding/my.gitlab/csharp/Microservices.Showcase/bench/Microservices.Showcase.Benchs/bin/Release/net10.0/Microservices.Showcase.Benchs-Job-PHKGVJ-1/bin/Release/net10.0/linux-x64/publish/" /p:PublishDir="/home/master/coding/my.gitlab/csharp/Microservices.Showcase/bench/Microservices.Showcase.Benchs/bin/Release/net10.0/Microservices.Showcase.Benchs-Job-PHKGVJ-1/publish/" --output "/home/master/coding/my.gitlab/csharp/Microservices.Showcase/bench/Microservices.Showcase.Benchs/bin/Release/net10.0/Microservices.Showcase.Benchs-Job-PHKGVJ-1/bin/Release/net10.0/linux-x64/publish/" in /home/master/coding/my.gitlab/csharp/Microservices.Showcase/bench/Microservices.Showcase.Benchs/bin/Release/net10.0/Microservices.Showcase.Benchs-Job-PHKGVJ-1
// command took 71.3 sec and exited with 0
// ***** Done, took 00:01:13 (73.41 sec)   *****
// Found 7 benchmarks:
//   Str16Bench.GetHashCode: Job-PHKGVJ(IterationCount=10, RunStrategy=Throughput, WarmupCount=5)
//   Str16Bench.GetHashCode_Vec128: Job-PHKGVJ(IterationCount=10, RunStrategy=Throughput, WarmupCount=5)
//   Str16Bench.FromBytesUnsafe: Job-PHKGVJ(IterationCount=10, RunStrategy=Throughput, WarmupCount=5)
//   Str16Bench.FromBytes: Job-PHKGVJ(IterationCount=10, RunStrategy=Throughput, WarmupCount=5)
//   Str16Bench.FromJsonUnsafe: Job-PHKGVJ(IterationCount=10, RunStrategy=Throughput, WarmupCount=5)
//   Str16Bench.ToLower: Job-PHKGVJ(IterationCount=10, RunStrategy=Throughput, WarmupCount=5)
//   Str16Bench.ManualToLower: Job-PHKGVJ(IterationCount=10, RunStrategy=Throughput, WarmupCount=5)

// **************************
// Benchmark: Str16Bench.GetHashCode: Job-PHKGVJ(IterationCount=10, RunStrategy=Throughput, WarmupCount=5)
// *** Execute ***
// Launch: 1 / 1
// Execute: /home/master/coding/my.gitlab/csharp/Microservices.Showcase/bench/Microservices.Showcase.Benchs/bin/Release/net10.0/Microservices.Showcase.Benchs-Job-PHKGVJ-1/bin/Release/net10.0/linux-x64/publish/Microservices.Showcase.Benchs-Job-PHKGVJ-1 --anonymousPipes 113 114 --benchmarkName Microservices.Showcase.Benchmarks.Str16Bench.GetHashCode --job "IterationCount=10, RunStrategy=Throughput, WarmupCount=5" --benchmarkId 0 in 
// Failed to set up high priority (Permission denied). In order to run benchmarks with high priority, make sure you have the right permissions.
// BeforeAnythingElse

// Benchmark Process Environment Information:
// BenchmarkDotNet v0.15.8
// Runtime=.NET 10.0.4, X64 NativeAOT x86-64-v3
// GC=Concurrent Workstation
// HardwareIntrinsics=AVX2+BMI1+BMI2+F16C+FMA+LZCNT+MOVBE,AVX,SSE3+SSSE3+SSE4.1+SSE4.2+POPCNT,X86Base+SSE+SSE2,AES+PCLMUL VectorSize=256
// Job: Job-PHKGVJ(IterationCount=10, RunStrategy=Throughput, WarmupCount=5)

OverheadJitting  1: 1 op, 231.00 ns, 231.0000 ns/op
WorkloadJitting  1: 1 op, 6391.00 ns, 6.3910 us/op

OverheadJitting  2: 16 op, 211.00 ns, 13.1875 ns/op
WorkloadJitting  2: 16 op, 201.00 ns, 12.5625 ns/op

WorkloadPilot    1: 16 op, 240.00 ns, 15.0000 ns/op
WorkloadPilot    2: 32 op, 180.00 ns, 5.6250 ns/op
WorkloadPilot    3: 64 op, 261.00 ns, 4.0781 ns/op
WorkloadPilot    4: 128 op, 321.00 ns, 2.5078 ns/op
WorkloadPilot    5: 256 op, 511.00 ns, 1.9961 ns/op
WorkloadPilot    6: 512 op, 802.00 ns, 1.5664 ns/op
WorkloadPilot    7: 1024 op, 1383.00 ns, 1.3506 ns/op
WorkloadPilot    8: 2048 op, 2695.00 ns, 1.3159 ns/op
WorkloadPilot    9: 4096 op, 5099.00 ns, 1.2449 ns/op
WorkloadPilot   10: 8192 op, 9758.00 ns, 1.1912 ns/op
WorkloadPilot   11: 16384 op, 19746.00 ns, 1.2052 ns/op
WorkloadPilot   12: 32768 op, 39323.00 ns, 1.2000 ns/op
WorkloadPilot   13: 65536 op, 76571.00 ns, 1.1684 ns/op
WorkloadPilot   14: 131072 op, 153663.00 ns, 1.1724 ns/op
WorkloadPilot   15: 262144 op, 304261.00 ns, 1.1607 ns/op
WorkloadPilot   16: 524288 op, 615374.00 ns, 1.1737 ns/op
WorkloadPilot   17: 1048576 op, 1238834.00 ns, 1.1814 ns/op
WorkloadPilot   18: 2097152 op, 2657238.00 ns, 1.2671 ns/op
WorkloadPilot   19: 4194304 op, 5207589.00 ns, 1.2416 ns/op
WorkloadPilot   20: 8388608 op, 10712396.00 ns, 1.2770 ns/op
WorkloadPilot   21: 16777216 op, 20994688.00 ns, 1.2514 ns/op
WorkloadPilot   22: 33554432 op, 42103618.00 ns, 1.2548 ns/op
WorkloadPilot   23: 67108864 op, 86476197.00 ns, 1.2886 ns/op
WorkloadPilot   24: 134217728 op, 168835447.00 ns, 1.2579 ns/op
WorkloadPilot   25: 268435456 op, 338014306.00 ns, 1.2592 ns/op
WorkloadPilot   26: 536870912 op, 679846787.00 ns, 1.2663 ns/op

OverheadWarmup   1: 536870912 op, 559810328.00 ns, 1.0427 ns/op
OverheadWarmup   2: 536870912 op, 548632554.00 ns, 1.0219 ns/op
OverheadWarmup   3: 536870912 op, 540651527.00 ns, 1.0070 ns/op
OverheadWarmup   4: 536870912 op, 540184419.00 ns, 1.0062 ns/op
OverheadWarmup   5: 536870912 op, 540823351.00 ns, 1.0074 ns/op
OverheadWarmup   6: 536870912 op, 541413439.00 ns, 1.0085 ns/op
OverheadWarmup   7: 536870912 op, 544634505.00 ns, 1.0145 ns/op
OverheadWarmup   8: 536870912 op, 539580444.00 ns, 1.0050 ns/op
OverheadWarmup   9: 536870912 op, 550046209.00 ns, 1.0245 ns/op
OverheadWarmup  10: 536870912 op, 555655472.00 ns, 1.0350 ns/op

OverheadActual   1: 536870912 op, 546580248.00 ns, 1.0181 ns/op
OverheadActual   2: 536870912 op, 542291008.00 ns, 1.0101 ns/op
OverheadActual   3: 536870912 op, 547365413.00 ns, 1.0195 ns/op
OverheadActual   4: 536870912 op, 542255517.00 ns, 1.0100 ns/op
OverheadActual   5: 536870912 op, 553904937.00 ns, 1.0317 ns/op
OverheadActual   6: 536870912 op, 548591687.00 ns, 1.0218 ns/op
OverheadActual   7: 536870912 op, 547247808.00 ns, 1.0193 ns/op
OverheadActual   8: 536870912 op, 546010697.00 ns, 1.0170 ns/op
OverheadActual   9: 536870912 op, 542480472.00 ns, 1.0104 ns/op
OverheadActual  10: 536870912 op, 542965139.00 ns, 1.0114 ns/op
OverheadActual  11: 536870912 op, 538541022.00 ns, 1.0031 ns/op
OverheadActual  12: 536870912 op, 539355540.00 ns, 1.0046 ns/op
OverheadActual  13: 536870912 op, 537492312.00 ns, 1.0012 ns/op
OverheadActual  14: 536870912 op, 537841856.00 ns, 1.0018 ns/op
OverheadActual  15: 536870912 op, 542040612.00 ns, 1.0096 ns/op

WorkloadWarmup   1: 536870912 op, 672962382.00 ns, 1.2535 ns/op
WorkloadWarmup   2: 536870912 op, 684885825.00 ns, 1.2757 ns/op
WorkloadWarmup   3: 536870912 op, 683853747.00 ns, 1.2738 ns/op
WorkloadWarmup   4: 536870912 op, 687335515.00 ns, 1.2803 ns/op
WorkloadWarmup   5: 536870912 op, 680668540.00 ns, 1.2678 ns/op

// BeforeActualRun
WorkloadActual   1: 536870912 op, 677740825.00 ns, 1.2624 ns/op
WorkloadActual   2: 536870912 op, 683761814.00 ns, 1.2736 ns/op
WorkloadActual   3: 536870912 op, 677708400.00 ns, 1.2623 ns/op
WorkloadActual   4: 536870912 op, 685126797.00 ns, 1.2761 ns/op
WorkloadActual   5: 536870912 op, 683874310.00 ns, 1.2738 ns/op
WorkloadActual   6: 536870912 op, 678278462.00 ns, 1.2634 ns/op
WorkloadActual   7: 536870912 op, 673975251.00 ns, 1.2554 ns/op
WorkloadActual   8: 536870912 op, 671425809.00 ns, 1.2506 ns/op
WorkloadActual   9: 536870912 op, 663853657.00 ns, 1.2365 ns/op
WorkloadActual  10: 536870912 op, 666071992.00 ns, 1.2407 ns/op

// AfterActualRun
WorkloadResult   1: 536870912 op, 135260353.00 ns, 0.2519 ns/op
WorkloadResult   2: 536870912 op, 141281342.00 ns, 0.2632 ns/op
WorkloadResult   3: 536870912 op, 135227928.00 ns, 0.2519 ns/op
WorkloadResult   4: 536870912 op, 142646325.00 ns, 0.2657 ns/op
WorkloadResult   5: 536870912 op, 141393838.00 ns, 0.2634 ns/op
WorkloadResult   6: 536870912 op, 135797990.00 ns, 0.2529 ns/op
WorkloadResult   7: 536870912 op, 131494779.00 ns, 0.2449 ns/op
WorkloadResult   8: 536870912 op, 128945337.00 ns, 0.2402 ns/op
WorkloadResult   9: 536870912 op, 121373185.00 ns, 0.2261 ns/op
WorkloadResult  10: 536870912 op, 123591520.00 ns, 0.2302 ns/op
// GC:  0 0 0 672 536870912
// Threading:  0 0 536870912

// AfterAll
// Benchmark Process 323572 has exited with code 0.

Mean = 0.249 ns, StdErr = 0.004 ns (1.74%), N = 10, StdDev = 0.014 ns
Min = 0.226 ns, Q1 = 0.241 ns, Median = 0.252 ns, Q3 = 0.261 ns, Max = 0.266 ns
IQR = 0.019 ns, LowerFence = 0.213 ns, UpperFence = 0.289 ns
ConfidenceInterval = [0.228 ns; 0.270 ns] (CI 99.9%), Margin = 0.021 ns (8.32% of Mean)
Skewness = -0.35, Kurtosis = 1.61, MValue = 2.67

// ** Remained 6 (85.7 %) benchmark(s) to run. Estimated finish 2026-03-17 13:05 (0h 2m from now) **
// **************************
// Benchmark: Str16Bench.GetHashCode_Vec128: Job-PHKGVJ(IterationCount=10, RunStrategy=Throughput, WarmupCount=5)
// *** Execute ***
// Launch: 1 / 1
// Execute: /home/master/coding/my.gitlab/csharp/Microservices.Showcase/bench/Microservices.Showcase.Benchs/bin/Release/net10.0/Microservices.Showcase.Benchs-Job-PHKGVJ-1/bin/Release/net10.0/linux-x64/publish/Microservices.Showcase.Benchs-Job-PHKGVJ-1 --anonymousPipes 113 114 --benchmarkName Microservices.Showcase.Benchmarks.Str16Bench.GetHashCode_Vec128 --job "IterationCount=10, RunStrategy=Throughput, WarmupCount=5" --benchmarkId 1 in 
// Failed to set up high priority (Permission denied). In order to run benchmarks with high priority, make sure you have the right permissions.
// BeforeAnythingElse

// Benchmark Process Environment Information:
// BenchmarkDotNet v0.15.8
// Runtime=.NET 10.0.4, X64 NativeAOT x86-64-v3
// GC=Concurrent Workstation
// HardwareIntrinsics=AVX2+BMI1+BMI2+F16C+FMA+LZCNT+MOVBE,AVX,SSE3+SSSE3+SSE4.1+SSE4.2+POPCNT,X86Base+SSE+SSE2,AES+PCLMUL VectorSize=256
// Job: Job-PHKGVJ(IterationCount=10, RunStrategy=Throughput, WarmupCount=5)

OverheadJitting  1: 1 op, 181.00 ns, 181.0000 ns/op
WorkloadJitting  1: 1 op, 7985.00 ns, 7.9850 us/op

OverheadJitting  2: 16 op, 210.00 ns, 13.1250 ns/op
WorkloadJitting  2: 16 op, 1603.00 ns, 100.1875 ns/op

WorkloadPilot    1: 16 op, 1462.00 ns, 91.3750 ns/op
WorkloadPilot    2: 32 op, 3707.00 ns, 115.8438 ns/op
WorkloadPilot    3: 64 op, 3356.00 ns, 52.4375 ns/op
WorkloadPilot    4: 128 op, 6292.00 ns, 49.1563 ns/op
WorkloadPilot    5: 256 op, 11712.00 ns, 45.7500 ns/op
WorkloadPilot    6: 512 op, 23153.00 ns, 45.2207 ns/op
WorkloadPilot    7: 1024 op, 45444.00 ns, 44.3789 ns/op
WorkloadPilot    8: 2048 op, 90637.00 ns, 44.2563 ns/op
WorkloadPilot    9: 4096 op, 190541.00 ns, 46.5188 ns/op
WorkloadPilot   10: 8192 op, 361607.00 ns, 44.1415 ns/op
WorkloadPilot   11: 16384 op, 723023.00 ns, 44.1298 ns/op
WorkloadPilot   12: 32768 op, 1479288.00 ns, 45.1443 ns/op
WorkloadPilot   13: 65536 op, 2933059.00 ns, 44.7549 ns/op
WorkloadPilot   14: 131072 op, 6421964.00 ns, 48.9957 ns/op
WorkloadPilot   15: 262144 op, 12021843.00 ns, 45.8597 ns/op
WorkloadPilot   16: 524288 op, 24117722.00 ns, 46.0009 ns/op
WorkloadPilot   17: 1048576 op, 47987267.00 ns, 45.7642 ns/op
WorkloadPilot   18: 2097152 op, 97410922.00 ns, 46.4491 ns/op
WorkloadPilot   19: 4194304 op, 192427790.00 ns, 45.8784 ns/op
WorkloadPilot   20: 8388608 op, 381991738.00 ns, 45.5370 ns/op
WorkloadPilot   21: 16777216 op, 767054171.00 ns, 45.7200 ns/op

OverheadWarmup   1: 16777216 op, 50215839.00 ns, 2.9931 ns/op
OverheadWarmup   2: 16777216 op, 50504862.00 ns, 3.0103 ns/op
OverheadWarmup   3: 16777216 op, 50605308.00 ns, 3.0163 ns/op
OverheadWarmup   4: 16777216 op, 50537232.00 ns, 3.0123 ns/op
OverheadWarmup   5: 16777216 op, 50702728.00 ns, 3.0221 ns/op
OverheadWarmup   6: 16777216 op, 50604326.00 ns, 3.0163 ns/op

OverheadActual   1: 16777216 op, 50865368.00 ns, 3.0318 ns/op
OverheadActual   2: 16777216 op, 50412082.00 ns, 3.0048 ns/op
OverheadActual   3: 16777216 op, 50422170.00 ns, 3.0054 ns/op
OverheadActual   4: 16777216 op, 50472073.00 ns, 3.0084 ns/op
OverheadActual   5: 16777216 op, 50326686.00 ns, 2.9997 ns/op
OverheadActual   6: 16777216 op, 50534699.00 ns, 3.0121 ns/op
OverheadActual   7: 16777216 op, 50328339.00 ns, 2.9998 ns/op
OverheadActual   8: 16777216 op, 50366489.00 ns, 3.0021 ns/op
OverheadActual   9: 16777216 op, 50336784.00 ns, 3.0003 ns/op
OverheadActual  10: 16777216 op, 50370877.00 ns, 3.0023 ns/op
OverheadActual  11: 16777216 op, 50383180.00 ns, 3.0031 ns/op
OverheadActual  12: 16777216 op, 50323420.00 ns, 2.9995 ns/op
OverheadActual  13: 16777216 op, 50378381.00 ns, 3.0028 ns/op
OverheadActual  14: 16777216 op, 50315846.00 ns, 2.9991 ns/op
OverheadActual  15: 16777216 op, 50409870.00 ns, 3.0047 ns/op

WorkloadWarmup   1: 16777216 op, 763909550.00 ns, 45.5326 ns/op
WorkloadWarmup   2: 16777216 op, 774291832.00 ns, 46.1514 ns/op
WorkloadWarmup   3: 16777216 op, 761399919.00 ns, 45.3830 ns/op
WorkloadWarmup   4: 16777216 op, 764137477.00 ns, 45.5461 ns/op
WorkloadWarmup   5: 16777216 op, 764668529.00 ns, 45.5778 ns/op

// BeforeActualRun
WorkloadActual   1: 16777216 op, 761395904.00 ns, 45.3827 ns/op
WorkloadActual   2: 16777216 op, 761896321.00 ns, 45.4126 ns/op
WorkloadActual   3: 16777216 op, 774261391.00 ns, 46.1496 ns/op
WorkloadActual   4: 16777216 op, 788573927.00 ns, 47.0027 ns/op
WorkloadActual   5: 16777216 op, 775063196.00 ns, 46.1974 ns/op
WorkloadActual   6: 16777216 op, 778375590.00 ns, 46.3948 ns/op
WorkloadActual   7: 16777216 op, 778539331.00 ns, 46.4046 ns/op
WorkloadActual   8: 16777216 op, 776571316.00 ns, 46.2873 ns/op
WorkloadActual   9: 16777216 op, 775849517.00 ns, 46.2442 ns/op
WorkloadActual  10: 16777216 op, 771136475.00 ns, 45.9633 ns/op

// AfterActualRun
WorkloadResult   1: 16777216 op, 711017523.00 ns, 42.3799 ns/op
WorkloadResult   2: 16777216 op, 711517940.00 ns, 42.4098 ns/op
WorkloadResult   3: 16777216 op, 723883010.00 ns, 43.1468 ns/op
WorkloadResult   4: 16777216 op, 724684815.00 ns, 43.1946 ns/op
WorkloadResult   5: 16777216 op, 727997209.00 ns, 43.3920 ns/op
WorkloadResult   6: 16777216 op, 728160950.00 ns, 43.4018 ns/op
WorkloadResult   7: 16777216 op, 726192935.00 ns, 43.2845 ns/op
WorkloadResult   8: 16777216 op, 725471136.00 ns, 43.2414 ns/op
WorkloadResult   9: 16777216 op, 720758094.00 ns, 42.9605 ns/op
// GC:  0 0 0 672 16777216
// Threading:  0 0 16777216

// AfterAll
// Benchmark Process 323606 has exited with code 0.

Mean = 43.046 ns, StdErr = 0.131 ns (0.30%), N = 9, StdDev = 0.392 ns
Min = 42.380 ns, Q1 = 42.961 ns, Median = 43.195 ns, Q3 = 43.284 ns, Max = 43.402 ns
IQR = 0.324 ns, LowerFence = 42.475 ns, UpperFence = 43.770 ns
ConfidenceInterval = [42.387 ns; 43.704 ns] (CI 99.9%), Margin = 0.659 ns (1.53% of Mean)
Skewness = -0.81, Kurtosis = 1.86, MValue = 2

// ** Remained 5 (71.4 %) benchmark(s) to run. Estimated finish 2026-03-17 13:04 (0h 1m from now) **
// **************************
// Benchmark: Str16Bench.FromBytesUnsafe: Job-PHKGVJ(IterationCount=10, RunStrategy=Throughput, WarmupCount=5)
// *** Execute ***
// Launch: 1 / 1
// Execute: /home/master/coding/my.gitlab/csharp/Microservices.Showcase/bench/Microservices.Showcase.Benchs/bin/Release/net10.0/Microservices.Showcase.Benchs-Job-PHKGVJ-1/bin/Release/net10.0/linux-x64/publish/Microservices.Showcase.Benchs-Job-PHKGVJ-1 --anonymousPipes 113 114 --benchmarkName Microservices.Showcase.Benchmarks.Str16Bench.FromBytesUnsafe --job "IterationCount=10, RunStrategy=Throughput, WarmupCount=5" --benchmarkId 2 in 
// Failed to set up high priority (Permission denied). In order to run benchmarks with high priority, make sure you have the right permissions.
// BeforeAnythingElse

// Benchmark Process Environment Information:
// BenchmarkDotNet v0.15.8
// Runtime=.NET 10.0.4, X64 NativeAOT x86-64-v3
// GC=Concurrent Workstation
// HardwareIntrinsics=AVX2+BMI1+BMI2+F16C+FMA+LZCNT+MOVBE,AVX,SSE3+SSSE3+SSE4.1+SSE4.2+POPCNT,X86Base+SSE+SSE2,AES+PCLMUL VectorSize=256
// Job: Job-PHKGVJ(IterationCount=10, RunStrategy=Throughput, WarmupCount=5)

OverheadJitting  1: 1 op, 301.00 ns, 301.0000 ns/op
WorkloadJitting  1: 1 op, 6753.00 ns, 6.7530 us/op

OverheadJitting  2: 16 op, 220.00 ns, 13.7500 ns/op
WorkloadJitting  2: 16 op, 511.00 ns, 31.9375 ns/op

WorkloadPilot    1: 16 op, 281.00 ns, 17.5625 ns/op
WorkloadPilot    2: 32 op, 320.00 ns, 10.0000 ns/op
WorkloadPilot    3: 64 op, 411.00 ns, 6.4219 ns/op
WorkloadPilot    4: 128 op, 551.00 ns, 4.3047 ns/op
WorkloadPilot    5: 256 op, 891.00 ns, 3.4805 ns/op
WorkloadPilot    6: 512 op, 1483.00 ns, 2.8965 ns/op
WorkloadPilot    7: 1024 op, 2795.00 ns, 2.7295 ns/op
WorkloadPilot    8: 2048 op, 5330.00 ns, 2.6025 ns/op
WorkloadPilot    9: 4096 op, 16480.00 ns, 4.0234 ns/op
WorkloadPilot   10: 8192 op, 20698.00 ns, 2.5266 ns/op
WorkloadPilot   11: 16384 op, 39694.00 ns, 2.4227 ns/op
WorkloadPilot   12: 32768 op, 79276.00 ns, 2.4193 ns/op
WorkloadPilot   13: 65536 op, 158382.00 ns, 2.4167 ns/op
WorkloadPilot   14: 131072 op, 314760.00 ns, 2.4014 ns/op
WorkloadPilot   15: 262144 op, 638979.00 ns, 2.4375 ns/op
WorkloadPilot   16: 524288 op, 1270914.00 ns, 2.4241 ns/op
WorkloadPilot   17: 1048576 op, 2515862.00 ns, 2.3993 ns/op
WorkloadPilot   18: 2097152 op, 6028282.00 ns, 2.8745 ns/op
WorkloadPilot   19: 4194304 op, 10788224.00 ns, 2.5721 ns/op
WorkloadPilot   20: 8388608 op, 21413809.00 ns, 2.5527 ns/op
WorkloadPilot   21: 16777216 op, 43798298.00 ns, 2.6106 ns/op
WorkloadPilot   22: 33554432 op, 87484068.00 ns, 2.6072 ns/op
WorkloadPilot   23: 67108864 op, 175763575.00 ns, 2.6191 ns/op
WorkloadPilot   24: 134217728 op, 346105938.00 ns, 2.5787 ns/op
WorkloadPilot   25: 268435456 op, 689422564.00 ns, 2.5683 ns/op

OverheadWarmup   1: 268435456 op, 255504218.00 ns, 0.9518 ns/op
OverheadWarmup   2: 268435456 op, 256059662.00 ns, 0.9539 ns/op
OverheadWarmup   3: 268435456 op, 257923708.00 ns, 0.9608 ns/op
OverheadWarmup   4: 268435456 op, 256127929.00 ns, 0.9542 ns/op
OverheadWarmup   5: 268435456 op, 256120174.00 ns, 0.9541 ns/op
OverheadWarmup   6: 268435456 op, 255849305.00 ns, 0.9531 ns/op
OverheadWarmup   7: 268435456 op, 256341790.00 ns, 0.9549 ns/op
OverheadWarmup   8: 268435456 op, 256601813.00 ns, 0.9559 ns/op
OverheadWarmup   9: 268435456 op, 256809586.00 ns, 0.9567 ns/op
OverheadWarmup  10: 268435456 op, 255988061.00 ns, 0.9536 ns/op

OverheadActual   1: 268435456 op, 257928810.00 ns, 0.9609 ns/op
OverheadActual   2: 268435456 op, 256134512.00 ns, 0.9542 ns/op
OverheadActual   3: 268435456 op, 256020902.00 ns, 0.9538 ns/op
OverheadActual   4: 268435456 op, 256676442.00 ns, 0.9562 ns/op
OverheadActual   5: 268435456 op, 256571518.00 ns, 0.9558 ns/op
OverheadActual   6: 268435456 op, 256714222.00 ns, 0.9563 ns/op
OverheadActual   7: 268435456 op, 256625087.00 ns, 0.9560 ns/op
OverheadActual   8: 268435456 op, 260345664.00 ns, 0.9699 ns/op
OverheadActual   9: 268435456 op, 258836498.00 ns, 0.9642 ns/op
OverheadActual  10: 268435456 op, 258079661.00 ns, 0.9614 ns/op
OverheadActual  11: 268435456 op, 259250932.00 ns, 0.9658 ns/op
OverheadActual  12: 268435456 op, 258862398.00 ns, 0.9643 ns/op
OverheadActual  13: 268435456 op, 258975976.00 ns, 0.9648 ns/op
OverheadActual  14: 268435456 op, 258138621.00 ns, 0.9616 ns/op
OverheadActual  15: 268435456 op, 259269377.00 ns, 0.9659 ns/op

WorkloadWarmup   1: 268435456 op, 692973009.00 ns, 2.5815 ns/op
WorkloadWarmup   2: 268435456 op, 693493534.00 ns, 2.5835 ns/op
WorkloadWarmup   3: 268435456 op, 691608735.00 ns, 2.5764 ns/op
WorkloadWarmup   4: 268435456 op, 703967139.00 ns, 2.6225 ns/op
WorkloadWarmup   5: 268435456 op, 704751170.00 ns, 2.6254 ns/op

// BeforeActualRun
WorkloadActual   1: 268435456 op, 693132264.00 ns, 2.5821 ns/op
WorkloadActual   2: 268435456 op, 693163548.00 ns, 2.5822 ns/op
WorkloadActual   3: 268435456 op, 692872217.00 ns, 2.5812 ns/op
WorkloadActual   4: 268435456 op, 695776763.00 ns, 2.5920 ns/op
WorkloadActual   5: 268435456 op, 691989507.00 ns, 2.5779 ns/op
WorkloadActual   6: 268435456 op, 691264659.00 ns, 2.5752 ns/op
WorkloadActual   7: 268435456 op, 695596800.00 ns, 2.5913 ns/op
WorkloadActual   8: 268435456 op, 680978259.00 ns, 2.5368 ns/op
WorkloadActual   9: 268435456 op, 682327301.00 ns, 2.5419 ns/op
WorkloadActual  10: 268435456 op, 679461356.00 ns, 2.5312 ns/op

// AfterActualRun
WorkloadResult   1: 268435456 op, 435052603.00 ns, 1.6207 ns/op
WorkloadResult   2: 268435456 op, 435083887.00 ns, 1.6208 ns/op
WorkloadResult   3: 268435456 op, 434792556.00 ns, 1.6197 ns/op
WorkloadResult   4: 268435456 op, 437697102.00 ns, 1.6305 ns/op
WorkloadResult   5: 268435456 op, 433909846.00 ns, 1.6164 ns/op
WorkloadResult   6: 268435456 op, 433184998.00 ns, 1.6137 ns/op
WorkloadResult   7: 268435456 op, 437517139.00 ns, 1.6299 ns/op
WorkloadResult   8: 268435456 op, 422898598.00 ns, 1.5754 ns/op
WorkloadResult   9: 268435456 op, 424247640.00 ns, 1.5804 ns/op
WorkloadResult  10: 268435456 op, 421381695.00 ns, 1.5698 ns/op
// GC:  0 0 0 672 268435456
// Threading:  0 0 268435456

// AfterAll
// Benchmark Process 323621 has exited with code 0.

Mean = 1.608 ns, StdErr = 0.007 ns (0.46%), N = 10, StdDev = 0.023 ns
Min = 1.570 ns, Q1 = 1.589 ns, Median = 1.618 ns, Q3 = 1.621 ns, Max = 1.631 ns
IQR = 0.032 ns, LowerFence = 1.541 ns, UpperFence = 1.669 ns
ConfidenceInterval = [1.573 ns; 1.643 ns] (CI 99.9%), Margin = 0.035 ns (2.18% of Mean)
Skewness = -0.64, Kurtosis = 1.5, MValue = 2

// ** Remained 4 (57.1 %) benchmark(s) to run. Estimated finish 2026-03-17 13:04 (0h 1m from now) **
// **************************
// Benchmark: Str16Bench.FromBytes: Job-PHKGVJ(IterationCount=10, RunStrategy=Throughput, WarmupCount=5)
// *** Execute ***
// Launch: 1 / 1
// Execute: /home/master/coding/my.gitlab/csharp/Microservices.Showcase/bench/Microservices.Showcase.Benchs/bin/Release/net10.0/Microservices.Showcase.Benchs-Job-PHKGVJ-1/bin/Release/net10.0/linux-x64/publish/Microservices.Showcase.Benchs-Job-PHKGVJ-1 --anonymousPipes 113 114 --benchmarkName Microservices.Showcase.Benchmarks.Str16Bench.FromBytes --job "IterationCount=10, RunStrategy=Throughput, WarmupCount=5" --benchmarkId 3 in 
// Failed to set up high priority (Permission denied). In order to run benchmarks with high priority, make sure you have the right permissions.
// BeforeAnythingElse

// Benchmark Process Environment Information:
// BenchmarkDotNet v0.15.8
// Runtime=.NET 10.0.4, X64 NativeAOT x86-64-v3
// GC=Concurrent Workstation
// HardwareIntrinsics=AVX2+BMI1+BMI2+F16C+FMA+LZCNT+MOVBE,AVX,SSE3+SSSE3+SSE4.1+SSE4.2+POPCNT,X86Base+SSE+SSE2,AES+PCLMUL VectorSize=256
// Job: Job-PHKGVJ(IterationCount=10, RunStrategy=Throughput, WarmupCount=5)

OverheadJitting  1: 1 op, 160.00 ns, 160.0000 ns/op
WorkloadJitting  1: 1 op, 42218.00 ns, 42.2180 us/op

OverheadJitting  2: 16 op, 201.00 ns, 12.5625 ns/op
WorkloadJitting  2: 16 op, 491.00 ns, 30.6875 ns/op

WorkloadPilot    1: 16 op, 260.00 ns, 16.2500 ns/op
WorkloadPilot    2: 32 op, 331.00 ns, 10.3438 ns/op
WorkloadPilot    3: 64 op, 531.00 ns, 8.2969 ns/op
WorkloadPilot    4: 128 op, 912.00 ns, 7.1250 ns/op
WorkloadPilot    5: 256 op, 1723.00 ns, 6.7305 ns/op
WorkloadPilot    6: 512 op, 3316.00 ns, 6.4766 ns/op
WorkloadPilot    7: 1024 op, 6462.00 ns, 6.3105 ns/op
WorkloadPilot    8: 2048 op, 12703.00 ns, 6.2026 ns/op
WorkloadPilot    9: 4096 op, 25307.00 ns, 6.1785 ns/op
WorkloadPilot   10: 8192 op, 50323.00 ns, 6.1429 ns/op
WorkloadPilot   11: 16384 op, 110955.00 ns, 6.7722 ns/op
WorkloadPilot   12: 32768 op, 209206.00 ns, 6.3845 ns/op
WorkloadPilot   13: 65536 op, 411931.00 ns, 6.2856 ns/op
WorkloadPilot   14: 131072 op, 810376.00 ns, 6.1827 ns/op
WorkloadPilot   15: 262144 op, 1703103.00 ns, 6.4968 ns/op
WorkloadPilot   16: 524288 op, 3729493.00 ns, 7.1134 ns/op
WorkloadPilot   17: 1048576 op, 6462268.00 ns, 6.1629 ns/op
WorkloadPilot   18: 2097152 op, 12717714.00 ns, 6.0643 ns/op
WorkloadPilot   19: 4194304 op, 25513422.00 ns, 6.0829 ns/op
WorkloadPilot   20: 8388608 op, 50482539.00 ns, 6.0180 ns/op
WorkloadPilot   21: 16777216 op, 101544057.00 ns, 6.0525 ns/op
WorkloadPilot   22: 33554432 op, 202346014.00 ns, 6.0304 ns/op
WorkloadPilot   23: 67108864 op, 402889281.00 ns, 6.0035 ns/op
WorkloadPilot   24: 134217728 op, 807863294.00 ns, 6.0191 ns/op

OverheadWarmup   1: 134217728 op, 130294830.00 ns, 0.9708 ns/op
OverheadWarmup   2: 134217728 op, 132997267.00 ns, 0.9909 ns/op
OverheadWarmup   3: 134217728 op, 132060229.00 ns, 0.9839 ns/op
OverheadWarmup   4: 134217728 op, 131679851.00 ns, 0.9811 ns/op
OverheadWarmup   5: 134217728 op, 131733921.00 ns, 0.9815 ns/op
OverheadWarmup   6: 134217728 op, 133482469.00 ns, 0.9945 ns/op
OverheadWarmup   7: 134217728 op, 129334051.00 ns, 0.9636 ns/op

OverheadActual   1: 134217728 op, 129691561.00 ns, 0.9663 ns/op
OverheadActual   2: 134217728 op, 131083841.00 ns, 0.9767 ns/op
OverheadActual   3: 134217728 op, 129795834.00 ns, 0.9671 ns/op
OverheadActual   4: 134217728 op, 129019323.00 ns, 0.9613 ns/op
OverheadActual   5: 134217728 op, 128491541.00 ns, 0.9573 ns/op
OverheadActual   6: 134217728 op, 128551041.00 ns, 0.9578 ns/op
OverheadActual   7: 134217728 op, 128907619.00 ns, 0.9604 ns/op
OverheadActual   8: 134217728 op, 128560729.00 ns, 0.9579 ns/op
OverheadActual   9: 134217728 op, 128084760.00 ns, 0.9543 ns/op
OverheadActual  10: 134217728 op, 128090240.00 ns, 0.9543 ns/op
OverheadActual  11: 134217728 op, 128241029.00 ns, 0.9555 ns/op
OverheadActual  12: 134217728 op, 129320065.00 ns, 0.9635 ns/op
OverheadActual  13: 134217728 op, 127918358.00 ns, 0.9531 ns/op
OverheadActual  14: 134217728 op, 127758704.00 ns, 0.9519 ns/op
OverheadActual  15: 134217728 op, 127802585.00 ns, 0.9522 ns/op

WorkloadWarmup   1: 134217728 op, 814353771.00 ns, 6.0674 ns/op
WorkloadWarmup   2: 134217728 op, 815252454.00 ns, 6.0741 ns/op
WorkloadWarmup   3: 134217728 op, 813161211.00 ns, 6.0585 ns/op
WorkloadWarmup   4: 134217728 op, 809786821.00 ns, 6.0334 ns/op
WorkloadWarmup   5: 134217728 op, 821133422.00 ns, 6.1179 ns/op

// BeforeActualRun
WorkloadActual   1: 134217728 op, 809472068.00 ns, 6.0310 ns/op
WorkloadActual   2: 134217728 op, 813557415.00 ns, 6.0615 ns/op
WorkloadActual   3: 134217728 op, 811509088.00 ns, 6.0462 ns/op
WorkloadActual   4: 134217728 op, 812963885.00 ns, 6.0571 ns/op
WorkloadActual   5: 134217728 op, 812393336.00 ns, 6.0528 ns/op
WorkloadActual   6: 134217728 op, 812758704.00 ns, 6.0555 ns/op
WorkloadActual   7: 134217728 op, 816493675.00 ns, 6.0834 ns/op
WorkloadActual   8: 134217728 op, 814180218.00 ns, 6.0661 ns/op
WorkloadActual   9: 134217728 op, 816403140.00 ns, 6.0827 ns/op
WorkloadActual  10: 134217728 op, 816800992.00 ns, 6.0856 ns/op

// AfterActualRun
WorkloadResult   1: 134217728 op, 680921027.00 ns, 5.0733 ns/op
WorkloadResult   2: 134217728 op, 685006374.00 ns, 5.1037 ns/op
WorkloadResult   3: 134217728 op, 682958047.00 ns, 5.0884 ns/op
WorkloadResult   4: 134217728 op, 684412844.00 ns, 5.0993 ns/op
WorkloadResult   5: 134217728 op, 683842295.00 ns, 5.0950 ns/op
WorkloadResult   6: 134217728 op, 684207663.00 ns, 5.0977 ns/op
WorkloadResult   7: 134217728 op, 687942634.00 ns, 5.1256 ns/op
WorkloadResult   8: 134217728 op, 685629177.00 ns, 5.1083 ns/op
WorkloadResult   9: 134217728 op, 687852099.00 ns, 5.1249 ns/op
WorkloadResult  10: 134217728 op, 688249951.00 ns, 5.1279 ns/op
// GC:  0 0 0 672 134217728
// Threading:  0 0 134217728

// AfterAll
// Benchmark Process 323637 has exited with code 0.

Mean = 5.104 ns, StdErr = 0.006 ns (0.11%), N = 10, StdDev = 0.018 ns
Min = 5.073 ns, Q1 = 5.096 ns, Median = 5.101 ns, Q3 = 5.121 ns, Max = 5.128 ns
IQR = 0.025 ns, LowerFence = 5.058 ns, UpperFence = 5.158 ns
ConfidenceInterval = [5.078 ns; 5.131 ns] (CI 99.9%), Margin = 0.027 ns (0.52% of Mean)
Skewness = -0.08, Kurtosis = 1.73, MValue = 2

// ** Remained 3 (42.9 %) benchmark(s) to run. Estimated finish 2026-03-17 13:04 (0h 0m from now) **
// **************************
// Benchmark: Str16Bench.FromJsonUnsafe: Job-PHKGVJ(IterationCount=10, RunStrategy=Throughput, WarmupCount=5)
// *** Execute ***
// Launch: 1 / 1
// Execute: /home/master/coding/my.gitlab/csharp/Microservices.Showcase/bench/Microservices.Showcase.Benchs/bin/Release/net10.0/Microservices.Showcase.Benchs-Job-PHKGVJ-1/bin/Release/net10.0/linux-x64/publish/Microservices.Showcase.Benchs-Job-PHKGVJ-1 --anonymousPipes 113 114 --benchmarkName Microservices.Showcase.Benchmarks.Str16Bench.FromJsonUnsafe --job "IterationCount=10, RunStrategy=Throughput, WarmupCount=5" --benchmarkId 4 in 
// Failed to set up high priority (Permission denied). In order to run benchmarks with high priority, make sure you have the right permissions.
// BeforeAnythingElse

// Benchmark Process Environment Information:
// BenchmarkDotNet v0.15.8
// Runtime=.NET 10.0.4, X64 NativeAOT x86-64-v3
// GC=Concurrent Workstation
// HardwareIntrinsics=AVX2+BMI1+BMI2+F16C+FMA+LZCNT+MOVBE,AVX,SSE3+SSSE3+SSE4.1+SSE4.2+POPCNT,X86Base+SSE+SSE2,AES+PCLMUL VectorSize=256
// Job: Job-PHKGVJ(IterationCount=10, RunStrategy=Throughput, WarmupCount=5)

OverheadJitting  1: 1 op, 330.00 ns, 330.0000 ns/op
WorkloadJitting  1: 1 op, 22923.00 ns, 22.9230 us/op

OverheadJitting  2: 16 op, 211.00 ns, 13.1875 ns/op
WorkloadJitting  2: 16 op, 391.00 ns, 24.4375 ns/op

WorkloadPilot    1: 16 op, 380.00 ns, 23.7500 ns/op
WorkloadPilot    2: 32 op, 541.00 ns, 16.9063 ns/op
WorkloadPilot    3: 64 op, 692.00 ns, 10.8125 ns/op
WorkloadPilot    4: 128 op, 662.00 ns, 5.1719 ns/op
WorkloadPilot    5: 256 op, 1012.00 ns, 3.9531 ns/op
WorkloadPilot    6: 512 op, 2936.00 ns, 5.7344 ns/op
WorkloadPilot    7: 1024 op, 3216.00 ns, 3.1406 ns/op
WorkloadPilot    8: 2048 op, 6472.00 ns, 3.1602 ns/op
WorkloadPilot    9: 4096 op, 24515.00 ns, 5.9851 ns/op
WorkloadPilot   10: 8192 op, 23513.00 ns, 2.8702 ns/op
WorkloadPilot   11: 16384 op, 45695.00 ns, 2.7890 ns/op
WorkloadPilot   12: 32768 op, 94926.00 ns, 2.8969 ns/op
WorkloadPilot   13: 65536 op, 194169.00 ns, 2.9628 ns/op
WorkloadPilot   14: 131072 op, 380232.00 ns, 2.9009 ns/op
WorkloadPilot   15: 262144 op, 737732.00 ns, 2.8142 ns/op
WorkloadPilot   16: 524288 op, 1468361.00 ns, 2.8007 ns/op
WorkloadPilot   17: 1048576 op, 3081339.00 ns, 2.9386 ns/op
WorkloadPilot   18: 2097152 op, 6946947.00 ns, 3.3126 ns/op
WorkloadPilot   19: 4194304 op, 12723724.00 ns, 3.0336 ns/op
WorkloadPilot   20: 8388608 op, 26926979.00 ns, 3.2099 ns/op
WorkloadPilot   21: 16777216 op, 50277845.00 ns, 2.9968 ns/op
WorkloadPilot   22: 33554432 op, 101661051.00 ns, 3.0297 ns/op
WorkloadPilot   23: 67108864 op, 209041812.00 ns, 3.1150 ns/op
WorkloadPilot   24: 134217728 op, 405007163.00 ns, 3.0175 ns/op
WorkloadPilot   25: 268435456 op, 796568939.00 ns, 2.9675 ns/op

OverheadWarmup   1: 268435456 op, 258800558.00 ns, 0.9641 ns/op
OverheadWarmup   2: 268435456 op, 261361086.00 ns, 0.9736 ns/op
OverheadWarmup   3: 268435456 op, 260891629.00 ns, 0.9719 ns/op
OverheadWarmup   4: 268435456 op, 259557515.00 ns, 0.9669 ns/op
OverheadWarmup   5: 268435456 op, 259226664.00 ns, 0.9657 ns/op
OverheadWarmup   6: 268435456 op, 258743241.00 ns, 0.9639 ns/op
OverheadWarmup   7: 268435456 op, 261032911.00 ns, 0.9724 ns/op
OverheadWarmup   8: 268435456 op, 260379082.00 ns, 0.9700 ns/op

OverheadActual   1: 268435456 op, 259816373.00 ns, 0.9679 ns/op
OverheadActual   2: 268435456 op, 258607000.00 ns, 0.9634 ns/op
OverheadActual   3: 268435456 op, 257294249.00 ns, 0.9585 ns/op
OverheadActual   4: 268435456 op, 256502433.00 ns, 0.9555 ns/op
OverheadActual   5: 268435456 op, 256720626.00 ns, 0.9564 ns/op
OverheadActual   6: 268435456 op, 256373175.00 ns, 0.9551 ns/op
OverheadActual   7: 268435456 op, 256782715.00 ns, 0.9566 ns/op
OverheadActual   8: 268435456 op, 258073684.00 ns, 0.9614 ns/op
OverheadActual   9: 268435456 op, 259262630.00 ns, 0.9658 ns/op
OverheadActual  10: 268435456 op, 257484877.00 ns, 0.9592 ns/op
OverheadActual  11: 268435456 op, 257349112.00 ns, 0.9587 ns/op
OverheadActual  12: 268435456 op, 259462890.00 ns, 0.9666 ns/op
OverheadActual  13: 268435456 op, 271046260.00 ns, 1.0097 ns/op
OverheadActual  14: 268435456 op, 263068448.00 ns, 0.9800 ns/op
OverheadActual  15: 268435456 op, 260341150.00 ns, 0.9698 ns/op

WorkloadWarmup   1: 268435456 op, 788293330.00 ns, 2.9366 ns/op
WorkloadWarmup   2: 268435456 op, 783018208.00 ns, 2.9170 ns/op
WorkloadWarmup   3: 268435456 op, 777742865.00 ns, 2.8973 ns/op
WorkloadWarmup   4: 268435456 op, 814659105.00 ns, 3.0348 ns/op
WorkloadWarmup   5: 268435456 op, 784892783.00 ns, 2.9240 ns/op

// BeforeActualRun
WorkloadActual   1: 268435456 op, 782057470.00 ns, 2.9134 ns/op
WorkloadActual   2: 268435456 op, 782624585.00 ns, 2.9155 ns/op
WorkloadActual   3: 268435456 op, 778307373.00 ns, 2.8994 ns/op
WorkloadActual   4: 268435456 op, 786386746.00 ns, 2.9295 ns/op
WorkloadActual   5: 268435456 op, 778549511.00 ns, 2.9003 ns/op
WorkloadActual   6: 268435456 op, 778862946.00 ns, 2.9015 ns/op
WorkloadActual   7: 268435456 op, 787182657.00 ns, 2.9325 ns/op
WorkloadActual   8: 268435456 op, 783980544.00 ns, 2.9206 ns/op
WorkloadActual   9: 268435456 op, 778985719.00 ns, 2.9019 ns/op
WorkloadActual  10: 268435456 op, 783117381.00 ns, 2.9173 ns/op

// AfterActualRun
WorkloadResult   1: 268435456 op, 523983786.00 ns, 1.9520 ns/op
WorkloadResult   2: 268435456 op, 524550901.00 ns, 1.9541 ns/op
WorkloadResult   3: 268435456 op, 520233689.00 ns, 1.9380 ns/op
WorkloadResult   4: 268435456 op, 528313062.00 ns, 1.9681 ns/op
WorkloadResult   5: 268435456 op, 520475827.00 ns, 1.9389 ns/op
WorkloadResult   6: 268435456 op, 520789262.00 ns, 1.9401 ns/op
WorkloadResult   7: 268435456 op, 529108973.00 ns, 1.9711 ns/op
WorkloadResult   8: 268435456 op, 525906860.00 ns, 1.9592 ns/op
WorkloadResult   9: 268435456 op, 520912035.00 ns, 1.9405 ns/op
WorkloadResult  10: 268435456 op, 525043697.00 ns, 1.9559 ns/op
// GC:  0 0 0 672 268435456
// Threading:  0 0 268435456

// AfterAll
// Benchmark Process 323666 has exited with code 0.

Mean = 1.952 ns, StdErr = 0.004 ns (0.20%), N = 10, StdDev = 0.012 ns
Min = 1.938 ns, Q1 = 1.940 ns, Median = 1.953 ns, Q3 = 1.958 ns, Max = 1.971 ns
IQR = 0.018 ns, LowerFence = 1.913 ns, UpperFence = 1.986 ns
ConfidenceInterval = [1.933 ns; 1.970 ns] (CI 99.9%), Margin = 0.018 ns (0.94% of Mean)
Skewness = 0.23, Kurtosis = 1.41, MValue = 2

// ** Remained 2 (28.6 %) benchmark(s) to run. Estimated finish 2026-03-17 13:04 (0h 0m from now) **
// **************************
// Benchmark: Str16Bench.ToLower: Job-PHKGVJ(IterationCount=10, RunStrategy=Throughput, WarmupCount=5)
// *** Execute ***
// Launch: 1 / 1
// Execute: /home/master/coding/my.gitlab/csharp/Microservices.Showcase/bench/Microservices.Showcase.Benchs/bin/Release/net10.0/Microservices.Showcase.Benchs-Job-PHKGVJ-1/bin/Release/net10.0/linux-x64/publish/Microservices.Showcase.Benchs-Job-PHKGVJ-1 --anonymousPipes 113 114 --benchmarkName Microservices.Showcase.Benchmarks.Str16Bench.ToLower --job "IterationCount=10, RunStrategy=Throughput, WarmupCount=5" --benchmarkId 5 in 
// Failed to set up high priority (Permission denied). In order to run benchmarks with high priority, make sure you have the right permissions.
// BeforeAnythingElse

// Benchmark Process Environment Information:
// BenchmarkDotNet v0.15.8
// Runtime=.NET 10.0.4, X64 NativeAOT x86-64-v3
// GC=Concurrent Workstation
// HardwareIntrinsics=AVX2+BMI1+BMI2+F16C+FMA+LZCNT+MOVBE,AVX,SSE3+SSSE3+SSE4.1+SSE4.2+POPCNT,X86Base+SSE+SSE2,AES+PCLMUL VectorSize=256
// Job: Job-PHKGVJ(IterationCount=10, RunStrategy=Throughput, WarmupCount=5)

OverheadJitting  1: 1 op, 350.00 ns, 350.0000 ns/op
WorkloadJitting  1: 1 op, 7413.00 ns, 7.4130 us/op

OverheadJitting  2: 16 op, 211.00 ns, 13.1875 ns/op
WorkloadJitting  2: 16 op, 381.00 ns, 23.8125 ns/op

WorkloadPilot    1: 16 op, 682.00 ns, 42.6250 ns/op
WorkloadPilot    2: 32 op, 391.00 ns, 12.2188 ns/op
WorkloadPilot    3: 64 op, 471.00 ns, 7.3594 ns/op
WorkloadPilot    4: 128 op, 521.00 ns, 4.0703 ns/op
WorkloadPilot    5: 256 op, 692.00 ns, 2.7031 ns/op
WorkloadPilot    6: 512 op, 1122.00 ns, 2.1914 ns/op
WorkloadPilot    7: 1024 op, 2004.00 ns, 1.9570 ns/op
WorkloadPilot    8: 2048 op, 3767.00 ns, 1.8394 ns/op
WorkloadPilot    9: 4096 op, 7414.00 ns, 1.8101 ns/op
WorkloadPilot   10: 8192 op, 14967.00 ns, 1.8270 ns/op
WorkloadPilot   11: 16384 op, 28683.00 ns, 1.7507 ns/op
WorkloadPilot   12: 32768 op, 56815.00 ns, 1.7339 ns/op
WorkloadPilot   13: 65536 op, 113329.00 ns, 1.7293 ns/op
WorkloadPilot   14: 131072 op, 223693.00 ns, 1.7066 ns/op
WorkloadPilot   15: 262144 op, 447377.00 ns, 1.7066 ns/op
WorkloadPilot   16: 524288 op, 902387.00 ns, 1.7212 ns/op
WorkloadPilot   17: 1048576 op, 1805926.00 ns, 1.7223 ns/op
WorkloadPilot   18: 2097152 op, 3651966.00 ns, 1.7414 ns/op
WorkloadPilot   19: 4194304 op, 7781213.00 ns, 1.8552 ns/op
WorkloadPilot   20: 8388608 op, 15198564.00 ns, 1.8118 ns/op
WorkloadPilot   21: 16777216 op, 31366870.00 ns, 1.8696 ns/op
WorkloadPilot   22: 33554432 op, 61038168.00 ns, 1.8191 ns/op
WorkloadPilot   23: 67108864 op, 124103946.00 ns, 1.8493 ns/op
WorkloadPilot   24: 134217728 op, 246373566.00 ns, 1.8356 ns/op
WorkloadPilot   25: 268435456 op, 490972334.00 ns, 1.8290 ns/op
WorkloadPilot   26: 536870912 op, 983059325.00 ns, 1.8311 ns/op

OverheadWarmup   1: 536870912 op, 513299236.00 ns, 0.9561 ns/op
OverheadWarmup   2: 536870912 op, 517252406.00 ns, 0.9635 ns/op
OverheadWarmup   3: 536870912 op, 515393404.00 ns, 0.9600 ns/op
OverheadWarmup   4: 536870912 op, 517062234.00 ns, 0.9631 ns/op
OverheadWarmup   5: 536870912 op, 511369691.00 ns, 0.9525 ns/op

OverheadActual   1: 536870912 op, 512804937.00 ns, 0.9552 ns/op
OverheadActual   2: 536870912 op, 523007721.00 ns, 0.9742 ns/op
OverheadActual   3: 536870912 op, 526660613.00 ns, 0.9810 ns/op
OverheadActual   4: 536870912 op, 522236277.00 ns, 0.9727 ns/op
OverheadActual   5: 536870912 op, 521154410.00 ns, 0.9707 ns/op
OverheadActual   6: 536870912 op, 529478868.00 ns, 0.9862 ns/op
OverheadActual   7: 536870912 op, 521310418.00 ns, 0.9710 ns/op
OverheadActual   8: 536870912 op, 517292944.00 ns, 0.9635 ns/op
OverheadActual   9: 536870912 op, 518851717.00 ns, 0.9664 ns/op
OverheadActual  10: 536870912 op, 514557638.00 ns, 0.9584 ns/op
OverheadActual  11: 536870912 op, 518706719.00 ns, 0.9662 ns/op
OverheadActual  12: 536870912 op, 514856279.00 ns, 0.9590 ns/op
OverheadActual  13: 536870912 op, 529718134.00 ns, 0.9867 ns/op
OverheadActual  14: 536870912 op, 535237985.00 ns, 0.9970 ns/op
OverheadActual  15: 536870912 op, 530692204.00 ns, 0.9885 ns/op

WorkloadWarmup   1: 536870912 op, 1016437994.00 ns, 1.8933 ns/op
WorkloadWarmup   2: 536870912 op, 1006350212.00 ns, 1.8745 ns/op
WorkloadWarmup   3: 536870912 op, 1005501600.00 ns, 1.8729 ns/op
WorkloadWarmup   4: 536870912 op, 1018043341.00 ns, 1.8963 ns/op
WorkloadWarmup   5: 536870912 op, 1001553457.00 ns, 1.8655 ns/op

// BeforeActualRun
WorkloadActual   1: 536870912 op, 996815097.00 ns, 1.8567 ns/op
WorkloadActual   2: 536870912 op, 1003207986.00 ns, 1.8686 ns/op
WorkloadActual   3: 536870912 op, 994314787.00 ns, 1.8521 ns/op
WorkloadActual   4: 536870912 op, 989174843.00 ns, 1.8425 ns/op
WorkloadActual   5: 536870912 op, 983740645.00 ns, 1.8324 ns/op
WorkloadActual   6: 536870912 op, 995126902.00 ns, 1.8536 ns/op
WorkloadActual   7: 536870912 op, 995407466.00 ns, 1.8541 ns/op
WorkloadActual   8: 536870912 op, 1003647459.00 ns, 1.8694 ns/op
WorkloadActual   9: 536870912 op, 983559378.00 ns, 1.8320 ns/op
WorkloadActual  10: 536870912 op, 982936050.00 ns, 1.8309 ns/op

// AfterActualRun
WorkloadResult   1: 536870912 op, 475504679.00 ns, 0.8857 ns/op
WorkloadResult   2: 536870912 op, 481897568.00 ns, 0.8976 ns/op
WorkloadResult   3: 536870912 op, 473004369.00 ns, 0.8810 ns/op
WorkloadResult   4: 536870912 op, 467864425.00 ns, 0.8715 ns/op
WorkloadResult   5: 536870912 op, 462430227.00 ns, 0.8613 ns/op
WorkloadResult   6: 536870912 op, 473816484.00 ns, 0.8826 ns/op
WorkloadResult   7: 536870912 op, 474097048.00 ns, 0.8831 ns/op
WorkloadResult   8: 536870912 op, 482337041.00 ns, 0.8984 ns/op
WorkloadResult   9: 536870912 op, 462248960.00 ns, 0.8610 ns/op
WorkloadResult  10: 536870912 op, 461625632.00 ns, 0.8598 ns/op
// GC:  0 0 0 672 536870912
// Threading:  0 0 536870912

// AfterAll
// Benchmark Process 323693 has exited with code 0.

Mean = 0.878 ns, StdErr = 0.005 ns (0.52%), N = 10, StdDev = 0.014 ns
Min = 0.860 ns, Q1 = 0.864 ns, Median = 0.882 ns, Q3 = 0.885 ns, Max = 0.898 ns
IQR = 0.021 ns, LowerFence = 0.832 ns, UpperFence = 0.917 ns
ConfidenceInterval = [0.857 ns; 0.900 ns] (CI 99.9%), Margin = 0.022 ns (2.47% of Mean)
Skewness = -0.01, Kurtosis = 1.41, MValue = 2

// ** Remained 1 (14.3 %) benchmark(s) to run. Estimated finish 2026-03-17 13:04 (0h 0m from now) **
// **************************
// Benchmark: Str16Bench.ManualToLower: Job-PHKGVJ(IterationCount=10, RunStrategy=Throughput, WarmupCount=5)
// *** Execute ***
// Launch: 1 / 1
// Execute: /home/master/coding/my.gitlab/csharp/Microservices.Showcase/bench/Microservices.Showcase.Benchs/bin/Release/net10.0/Microservices.Showcase.Benchs-Job-PHKGVJ-1/bin/Release/net10.0/linux-x64/publish/Microservices.Showcase.Benchs-Job-PHKGVJ-1 --anonymousPipes 113 114 --benchmarkName Microservices.Showcase.Benchmarks.Str16Bench.ManualToLower --job "IterationCount=10, RunStrategy=Throughput, WarmupCount=5" --benchmarkId 6 in 
// Failed to set up high priority (Permission denied). In order to run benchmarks with high priority, make sure you have the right permissions.
// BeforeAnythingElse

// Benchmark Process Environment Information:
// BenchmarkDotNet v0.15.8
// Runtime=.NET 10.0.4, X64 NativeAOT x86-64-v3
// GC=Concurrent Workstation
// HardwareIntrinsics=AVX2+BMI1+BMI2+F16C+FMA+LZCNT+MOVBE,AVX,SSE3+SSSE3+SSE4.1+SSE4.2+POPCNT,X86Base+SSE+SSE2,AES+PCLMUL VectorSize=256
// Job: Job-PHKGVJ(IterationCount=10, RunStrategy=Throughput, WarmupCount=5)

OverheadJitting  1: 1 op, 471.00 ns, 471.0000 ns/op
WorkloadJitting  1: 1 op, 9017.00 ns, 9.0170 us/op

OverheadJitting  2: 16 op, 210.00 ns, 13.1250 ns/op
WorkloadJitting  2: 16 op, 561.00 ns, 35.0625 ns/op

WorkloadPilot    1: 16 op, 832.00 ns, 52.0000 ns/op
WorkloadPilot    2: 32 op, 822.00 ns, 25.6875 ns/op
WorkloadPilot    3: 64 op, 1453.00 ns, 22.7031 ns/op
WorkloadPilot    4: 128 op, 2565.00 ns, 20.0391 ns/op
WorkloadPilot    5: 256 op, 5039.00 ns, 19.6836 ns/op
WorkloadPilot    6: 512 op, 9939.00 ns, 19.4121 ns/op
WorkloadPilot    7: 1024 op, 21139.00 ns, 20.6436 ns/op
WorkloadPilot    8: 2048 op, 45233.00 ns, 22.0864 ns/op
WorkloadPilot    9: 4096 op, 75740.00 ns, 18.4912 ns/op
WorkloadPilot   10: 8192 op, 154215.00 ns, 18.8251 ns/op
WorkloadPilot   11: 16384 op, 308250.00 ns, 18.8141 ns/op
WorkloadPilot   12: 32768 op, 622961.00 ns, 19.0113 ns/op
WorkloadPilot   13: 65536 op, 1229853.00 ns, 18.7661 ns/op
WorkloadPilot   14: 131072 op, 2485423.00 ns, 18.9623 ns/op
WorkloadPilot   15: 262144 op, 5009800.00 ns, 19.1109 ns/op
WorkloadPilot   16: 524288 op, 10566008.00 ns, 20.1531 ns/op
WorkloadPilot   17: 1048576 op, 19479692.00 ns, 18.5773 ns/op
WorkloadPilot   18: 2097152 op, 39079618.00 ns, 18.6346 ns/op
WorkloadPilot   19: 4194304 op, 78023134.00 ns, 18.6022 ns/op
WorkloadPilot   20: 8388608 op, 156023185.00 ns, 18.5994 ns/op
WorkloadPilot   21: 16777216 op, 312400054.00 ns, 18.6205 ns/op
WorkloadPilot   22: 33554432 op, 624438306.00 ns, 18.6097 ns/op

OverheadWarmup   1: 33554432 op, 32163065.00 ns, 0.9585 ns/op
OverheadWarmup   2: 33554432 op, 32114526.00 ns, 0.9571 ns/op
OverheadWarmup   3: 33554432 op, 32003972.00 ns, 0.9538 ns/op
OverheadWarmup   4: 33554432 op, 32080053.00 ns, 0.9561 ns/op
OverheadWarmup   5: 33554432 op, 32103475.00 ns, 0.9568 ns/op
OverheadWarmup   6: 33554432 op, 33738547.00 ns, 1.0055 ns/op
OverheadWarmup   7: 33554432 op, 32588221.00 ns, 0.9712 ns/op
OverheadWarmup   8: 33554432 op, 32734282.00 ns, 0.9756 ns/op
OverheadWarmup   9: 33554432 op, 32700258.00 ns, 0.9745 ns/op

OverheadActual   1: 33554432 op, 32607968.00 ns, 0.9718 ns/op
OverheadActual   2: 33554432 op, 32768654.00 ns, 0.9766 ns/op
OverheadActual   3: 33554432 op, 32542386.00 ns, 0.9698 ns/op
OverheadActual   4: 33554432 op, 32484570.00 ns, 0.9681 ns/op
OverheadActual   5: 33554432 op, 35021459.00 ns, 1.0437 ns/op
OverheadActual   6: 33554432 op, 32603200.00 ns, 0.9717 ns/op
OverheadActual   7: 33554432 op, 32782031.00 ns, 0.9770 ns/op
OverheadActual   8: 33554432 op, 33254795.00 ns, 0.9911 ns/op
OverheadActual   9: 33554432 op, 32673911.00 ns, 0.9738 ns/op
OverheadActual  10: 33554432 op, 32517512.00 ns, 0.9691 ns/op
OverheadActual  11: 33554432 op, 32481515.00 ns, 0.9680 ns/op
OverheadActual  12: 33554432 op, 32481986.00 ns, 0.9680 ns/op
OverheadActual  13: 33554432 op, 32630611.00 ns, 0.9725 ns/op
OverheadActual  14: 33554432 op, 32701081.00 ns, 0.9746 ns/op
OverheadActual  15: 33554432 op, 32516008.00 ns, 0.9691 ns/op

WorkloadWarmup   1: 33554432 op, 626121522.00 ns, 18.6599 ns/op
WorkloadWarmup   2: 33554432 op, 628248243.00 ns, 18.7233 ns/op
WorkloadWarmup   3: 33554432 op, 623462086.00 ns, 18.5806 ns/op
WorkloadWarmup   4: 33554432 op, 632499595.00 ns, 18.8500 ns/op
WorkloadWarmup   5: 33554432 op, 625086790.00 ns, 18.6290 ns/op

// BeforeActualRun
WorkloadActual   1: 33554432 op, 622599291.00 ns, 18.5549 ns/op
WorkloadActual   2: 33554432 op, 623652355.00 ns, 18.5863 ns/op
WorkloadActual   3: 33554432 op, 626002711.00 ns, 18.6563 ns/op
WorkloadActual   4: 33554432 op, 622932115.00 ns, 18.5648 ns/op
WorkloadActual   5: 33554432 op, 623379823.00 ns, 18.5782 ns/op
WorkloadActual   6: 33554432 op, 623488483.00 ns, 18.5814 ns/op
WorkloadActual   7: 33554432 op, 624309063.00 ns, 18.6059 ns/op
WorkloadActual   8: 33554432 op, 627115948.00 ns, 18.6895 ns/op
WorkloadActual   9: 33554432 op, 628471943.00 ns, 18.7299 ns/op
WorkloadActual  10: 33554432 op, 625409108.00 ns, 18.6386 ns/op

// AfterActualRun
WorkloadResult   1: 33554432 op, 589991323.00 ns, 17.5831 ns/op
WorkloadResult   2: 33554432 op, 591044387.00 ns, 17.6145 ns/op
WorkloadResult   3: 33554432 op, 593394743.00 ns, 17.6845 ns/op
WorkloadResult   4: 33554432 op, 590324147.00 ns, 17.5930 ns/op
WorkloadResult   5: 33554432 op, 590771855.00 ns, 17.6064 ns/op
WorkloadResult   6: 33554432 op, 590880515.00 ns, 17.6096 ns/op
WorkloadResult   7: 33554432 op, 591701095.00 ns, 17.6341 ns/op
WorkloadResult   8: 33554432 op, 594507980.00 ns, 17.7177 ns/op
WorkloadResult   9: 33554432 op, 595863975.00 ns, 17.7581 ns/op
WorkloadResult  10: 33554432 op, 592801140.00 ns, 17.6669 ns/op
// GC:  0 0 0 672 33554432
// Threading:  0 0 33554432

// AfterAll
// Benchmark Process 323777 has exited with code 0.

Mean = 17.647 ns, StdErr = 0.018 ns (0.10%), N = 10, StdDev = 0.058 ns
Min = 17.583 ns, Q1 = 17.607 ns, Median = 17.624 ns, Q3 = 17.680 ns, Max = 17.758 ns
IQR = 0.073 ns, LowerFence = 17.498 ns, UpperFence = 17.790 ns
ConfidenceInterval = [17.559 ns; 17.735 ns] (CI 99.9%), Margin = 0.088 ns (0.50% of Mean)
Skewness = 0.63, Kurtosis = 1.85, MValue = 2

// ** Remained 0 (0.0 %) benchmark(s) to run. Estimated finish 2026-03-17 13:04 (0h 0m from now) **
// ***** BenchmarkRunner: Finish  *****

// * Export *
  BenchmarkDotNet.Artifacts/results/Microservices.Showcase.Benchmarks.Str16Bench-report.csv
  BenchmarkDotNet.Artifacts/results/Microservices.Showcase.Benchmarks.Str16Bench-report-github.md
  BenchmarkDotNet.Artifacts/results/Microservices.Showcase.Benchmarks.Str16Bench-report.html

// * Detailed results *
Str16Bench.GetHashCode: Job-PHKGVJ(IterationCount=10, RunStrategy=Throughput, WarmupCount=5)
Runtime = .NET 10.0.4, X64 NativeAOT x86-64-v3; GC = Concurrent Workstation
Mean = 0.249 ns, StdErr = 0.004 ns (1.74%), N = 10, StdDev = 0.014 ns
Min = 0.226 ns, Q1 = 0.241 ns, Median = 0.252 ns, Q3 = 0.261 ns, Max = 0.266 ns
IQR = 0.019 ns, LowerFence = 0.213 ns, UpperFence = 0.289 ns
ConfidenceInterval = [0.228 ns; 0.270 ns] (CI 99.9%), Margin = 0.021 ns (8.32% of Mean)
Skewness = -0.35, Kurtosis = 1.61, MValue = 2.67
-------------------- Histogram --------------------
[0.225 ns ; 0.242 ns) | @@@
[0.242 ns ; 0.250 ns) | @
[0.250 ns ; 0.267 ns) | @@@@@@
---------------------------------------------------

Str16Bench.GetHashCode_Vec128: Job-PHKGVJ(IterationCount=10, RunStrategy=Throughput, WarmupCount=5)
Runtime = .NET 10.0.4, X64 NativeAOT x86-64-v3; GC = Concurrent Workstation
Mean = 43.046 ns, StdErr = 0.131 ns (0.30%), N = 9, StdDev = 0.392 ns
Min = 42.380 ns, Q1 = 42.961 ns, Median = 43.195 ns, Q3 = 43.284 ns, Max = 43.402 ns
IQR = 0.324 ns, LowerFence = 42.475 ns, UpperFence = 43.770 ns
ConfidenceInterval = [42.387 ns; 43.704 ns] (CI 99.9%), Margin = 0.659 ns (1.53% of Mean)
Skewness = -0.81, Kurtosis = 1.86, MValue = 2
-------------------- Histogram --------------------
[42.133 ns ; 43.649 ns) | @@@@@@@@@
---------------------------------------------------

Str16Bench.FromBytesUnsafe: Job-PHKGVJ(IterationCount=10, RunStrategy=Throughput, WarmupCount=5)
Runtime = .NET 10.0.4, X64 NativeAOT x86-64-v3; GC = Concurrent Workstation
Mean = 1.608 ns, StdErr = 0.007 ns (0.46%), N = 10, StdDev = 0.023 ns
Min = 1.570 ns, Q1 = 1.589 ns, Median = 1.618 ns, Q3 = 1.621 ns, Max = 1.631 ns
IQR = 0.032 ns, LowerFence = 1.541 ns, UpperFence = 1.669 ns
ConfidenceInterval = [1.573 ns; 1.643 ns] (CI 99.9%), Margin = 0.035 ns (2.18% of Mean)
Skewness = -0.64, Kurtosis = 1.5, MValue = 2
-------------------- Histogram --------------------
[1.559 ns ; 1.638 ns) | @@@@@@@@@@
---------------------------------------------------

Str16Bench.FromBytes: Job-PHKGVJ(IterationCount=10, RunStrategy=Throughput, WarmupCount=5)
Runtime = .NET 10.0.4, X64 NativeAOT x86-64-v3; GC = Concurrent Workstation
Mean = 5.104 ns, StdErr = 0.006 ns (0.11%), N = 10, StdDev = 0.018 ns
Min = 5.073 ns, Q1 = 5.096 ns, Median = 5.101 ns, Q3 = 5.121 ns, Max = 5.128 ns
IQR = 0.025 ns, LowerFence = 5.058 ns, UpperFence = 5.158 ns
ConfidenceInterval = [5.078 ns; 5.131 ns] (CI 99.9%), Margin = 0.027 ns (0.52% of Mean)
Skewness = -0.08, Kurtosis = 1.73, MValue = 2
-------------------- Histogram --------------------
[5.062 ns ; 5.139 ns) | @@@@@@@@@@
---------------------------------------------------

Str16Bench.FromJsonUnsafe: Job-PHKGVJ(IterationCount=10, RunStrategy=Throughput, WarmupCount=5)
Runtime = .NET 10.0.4, X64 NativeAOT x86-64-v3; GC = Concurrent Workstation
Mean = 1.952 ns, StdErr = 0.004 ns (0.20%), N = 10, StdDev = 0.012 ns
Min = 1.938 ns, Q1 = 1.940 ns, Median = 1.953 ns, Q3 = 1.958 ns, Max = 1.971 ns
IQR = 0.018 ns, LowerFence = 1.913 ns, UpperFence = 1.986 ns
ConfidenceInterval = [1.933 ns; 1.970 ns] (CI 99.9%), Margin = 0.018 ns (0.94% of Mean)
Skewness = 0.23, Kurtosis = 1.41, MValue = 2
-------------------- Histogram --------------------
[1.931 ns ; 1.979 ns) | @@@@@@@@@@
---------------------------------------------------

Str16Bench.ToLower: Job-PHKGVJ(IterationCount=10, RunStrategy=Throughput, WarmupCount=5)
Runtime = .NET 10.0.4, X64 NativeAOT x86-64-v3; GC = Concurrent Workstation
Mean = 0.878 ns, StdErr = 0.005 ns (0.52%), N = 10, StdDev = 0.014 ns
Min = 0.860 ns, Q1 = 0.864 ns, Median = 0.882 ns, Q3 = 0.885 ns, Max = 0.898 ns
IQR = 0.021 ns, LowerFence = 0.832 ns, UpperFence = 0.917 ns
ConfidenceInterval = [0.857 ns; 0.900 ns] (CI 99.9%), Margin = 0.022 ns (2.47% of Mean)
Skewness = -0.01, Kurtosis = 1.41, MValue = 2
-------------------- Histogram --------------------
[0.857 ns ; 0.899 ns) | @@@@@@@@@@
---------------------------------------------------

Str16Bench.ManualToLower: Job-PHKGVJ(IterationCount=10, RunStrategy=Throughput, WarmupCount=5)
Runtime = .NET 10.0.4, X64 NativeAOT x86-64-v3; GC = Concurrent Workstation
Mean = 17.647 ns, StdErr = 0.018 ns (0.10%), N = 10, StdDev = 0.058 ns
Min = 17.583 ns, Q1 = 17.607 ns, Median = 17.624 ns, Q3 = 17.680 ns, Max = 17.758 ns
IQR = 0.073 ns, LowerFence = 17.498 ns, UpperFence = 17.790 ns
ConfidenceInterval = [17.559 ns; 17.735 ns] (CI 99.9%), Margin = 0.088 ns (0.50% of Mean)
Skewness = 0.63, Kurtosis = 1.85, MValue = 2
-------------------- Histogram --------------------
[17.548 ns ; 17.794 ns) | @@@@@@@@@@
---------------------------------------------------

// * Summary *

BenchmarkDotNet v0.15.8, Linux Ubuntu 24.04.4 LTS (Noble Numbat)
AMD Ryzen 7 6800H with Radeon Graphics 1.10GHz, 1 CPU, 16 logical and 8 physical cores
  [Host]     : .NET 10.0.4, X64 NativeAOT x86-64-v3
  Job-PHKGVJ : .NET 10.0.4, X64 NativeAOT x86-64-v3

IterationCount=10  RunStrategy=Throughput  WarmupCount=5  

| Method             | Categories | Mean       | Error     | StdDev    | Ratio  | RatioSD | Allocated | Alloc Ratio |
|------------------- |----------- |-----------:|----------:|----------:|-------:|--------:|----------:|------------:|
| GetHashCode        | HashCode   |  0.2490 ns | 0.0207 ns | 0.0137 ns |   1.00 |    0.08 |         - |          NA |
| GetHashCode_Vec128 | HashCode   | 43.0457 ns | 0.6587 ns | 0.3920 ns | 173.33 |    9.45 |         - |          NA |
|                    |            |            |           |           |        |         |           |             |
| FromBytesUnsafe    | Read       |  1.6077 ns | 0.0350 ns | 0.0232 ns |   1.00 |    0.02 |         - |          NA |
| FromBytes          | Read       |  5.1044 ns | 0.0268 ns | 0.0177 ns |   3.18 |    0.05 |         - |          NA |
| FromJsonUnsafe     | Read       |  1.9518 ns | 0.0184 ns | 0.0122 ns |   1.21 |    0.02 |         - |          NA |
|                    |            |            |           |           |        |         |           |             |
| ToLower            | ToLower    |  0.8782 ns | 0.0217 ns | 0.0144 ns |   1.00 |    0.02 |         - |          NA |
| ManualToLower      | ToLower    | 17.6468 ns | 0.0879 ns | 0.0581 ns |  20.10 |    0.32 |         - |          NA |

// * Hints *
Outliers
  Str16Bench.GetHashCode_Vec128: IterationCount=10, RunStrategy=Throughput, WarmupCount=5 -> 1 outlier  was  removed, 3 outliers were detected (45.38 ns, 45.41 ns, 47.00 ns)

// * Legends *
  Categories  : All categories of the corresponded method, class, and assembly
  Mean        : Arithmetic mean of all measurements
  Error       : Half of 99.9% confidence interval
  StdDev      : Standard deviation of all measurements
  Ratio       : Mean of the ratio distribution ([Current]/[Baseline])
  RatioSD     : Standard deviation of the ratio distribution ([Current]/[Baseline])
  Allocated   : Allocated memory per single operation (managed only, inclusive, 1KB = 1024B)
  Alloc Ratio : Allocated memory ratio distribution ([Current]/[Baseline])
  1 ns        : 1 Nanosecond (0.000000001 sec)

// * Diagnostic Output - MemoryDiagnoser *


// ***** BenchmarkRunner: End *****
Run time: 00:02:18 (138.25 sec), executed benchmarks: 7

Global total time: 00:03:31 (211.83 sec), executed benchmarks: 7
// * Artifacts cleanup *
Artifacts cleanup is finished
