// Validating benchmarks:
// ***** BenchmarkRunner: Start   *****
// ***** Found 2 benchmark(s) in total *****
// ***** Building 1 exe(s) in Parallel: Start   *****
// start dotnet  restore -r linux-x64 --nodeReuse:false /p:UseSharedCompilation=false /p:Deterministic=true /p:Optimize=true /p:ArtifactsPath="/home/master/coding/my.gitlab/csharp/Microservices.Showcase/bench/Microservices.Showcase.Benchs/bin/Release/net10.0/Microservices.Showcase.Benchs-DefaultJob-1/" /p:OutDir="/home/master/coding/my.gitlab/csharp/Microservices.Showcase/bench/Microservices.Showcase.Benchs/bin/Release/net10.0/Microservices.Showcase.Benchs-DefaultJob-1/bin/Release/net10.0/linux-x64/publish/" /p:OutputPath="/home/master/coding/my.gitlab/csharp/Microservices.Showcase/bench/Microservices.Showcase.Benchs/bin/Release/net10.0/Microservices.Showcase.Benchs-DefaultJob-1/bin/Release/net10.0/linux-x64/publish/" /p:PublishDir="/home/master/coding/my.gitlab/csharp/Microservices.Showcase/bench/Microservices.Showcase.Benchs/bin/Release/net10.0/Microservices.Showcase.Benchs-DefaultJob-1/publish/" in /home/master/coding/my.gitlab/csharp/Microservices.Showcase/bench/Microservices.Showcase.Benchs/bin/Release/net10.0/Microservices.Showcase.Benchs-DefaultJob-1
// command took 1.59 sec and exited with 0
// start dotnet  publish -c Release -r linux-x64 --no-restore --nodeReuse:false /p:UseSharedCompilation=false /p:Deterministic=true /p:Optimize=true /p:ArtifactsPath="/home/master/coding/my.gitlab/csharp/Microservices.Showcase/bench/Microservices.Showcase.Benchs/bin/Release/net10.0/Microservices.Showcase.Benchs-DefaultJob-1/" /p:OutDir="/home/master/coding/my.gitlab/csharp/Microservices.Showcase/bench/Microservices.Showcase.Benchs/bin/Release/net10.0/Microservices.Showcase.Benchs-DefaultJob-1/bin/Release/net10.0/linux-x64/publish/" /p:OutputPath="/home/master/coding/my.gitlab/csharp/Microservices.Showcase/bench/Microservices.Showcase.Benchs/bin/Release/net10.0/Microservices.Showcase.Benchs-DefaultJob-1/bin/Release/net10.0/linux-x64/publish/" /p:PublishDir="/home/master/coding/my.gitlab/csharp/Microservices.Showcase/bench/Microservices.Showcase.Benchs/bin/Release/net10.0/Microservices.Showcase.Benchs-DefaultJob-1/publish/" --output "/home/master/coding/my.gitlab/csharp/Microservices.Showcase/bench/Microservices.Showcase.Benchs/bin/Release/net10.0/Microservices.Showcase.Benchs-DefaultJob-1/bin/Release/net10.0/linux-x64/publish/" in /home/master/coding/my.gitlab/csharp/Microservices.Showcase/bench/Microservices.Showcase.Benchs/bin/Release/net10.0/Microservices.Showcase.Benchs-DefaultJob-1
// command took 67.67 sec and exited with 0
// ***** Done, took 00:01:09 (69.33 sec)   *****
// Found 2 benchmarks:
//   Str15Bench.ReadUnsafe: DefaultJob
//   Str15Bench.ToLower: DefaultJob

// **************************
// Benchmark: Str15Bench.ReadUnsafe: DefaultJob
// *** Execute ***
// Launch: 1 / 1
// Execute: /home/master/coding/my.gitlab/csharp/Microservices.Showcase/bench/Microservices.Showcase.Benchs/bin/Release/net10.0/Microservices.Showcase.Benchs-DefaultJob-1/bin/Release/net10.0/linux-x64/publish/Microservices.Showcase.Benchs-DefaultJob-1 --anonymousPipes 106 107 --benchmarkName Microservices.Showcase.Benchmarks.Str15Bench.ReadUnsafe --job Default --benchmarkId 0 in 
// Failed to set up high priority (Permission denied). In order to run benchmarks with high priority, make sure you have the right permissions.
// BeforeAnythingElse

// Benchmark Process Environment Information:
// BenchmarkDotNet v0.15.8
// Runtime=.NET 10.0.4, X64 NativeAOT x86-64-v3
// GC=Concurrent Workstation
// HardwareIntrinsics=AVX2+BMI1+BMI2+F16C+FMA+LZCNT+MOVBE,AVX,SSE3+SSSE3+SSE4.1+SSE4.2+POPCNT,X86Base+SSE+SSE2,AES+PCLMUL VectorSize=256
// Job: DefaultJob

OverheadJitting  1: 1 op, 251.00 ns, 251.0000 ns/op
WorkloadJitting  1: 1 op, 7795.00 ns, 7.7950 us/op

OverheadJitting  2: 16 op, 220.00 ns, 13.7500 ns/op
WorkloadJitting  2: 16 op, 361.00 ns, 22.5625 ns/op

WorkloadPilot    1: 16 op, 301.00 ns, 18.8125 ns/op
WorkloadPilot    2: 32 op, 380.00 ns, 11.8750 ns/op
WorkloadPilot    3: 64 op, 722.00 ns, 11.2813 ns/op
WorkloadPilot    4: 128 op, 1092.00 ns, 8.5313 ns/op
WorkloadPilot    5: 256 op, 1683.00 ns, 6.5742 ns/op
WorkloadPilot    6: 512 op, 3276.00 ns, 6.3984 ns/op
WorkloadPilot    7: 1024 op, 7163.00 ns, 6.9951 ns/op
WorkloadPilot    8: 2048 op, 12503.00 ns, 6.1050 ns/op
WorkloadPilot    9: 4096 op, 24215.00 ns, 5.9119 ns/op
WorkloadPilot   10: 8192 op, 48090.00 ns, 5.8704 ns/op
WorkloadPilot   11: 16384 op, 96030.00 ns, 5.8612 ns/op
WorkloadPilot   12: 32768 op, 191738.00 ns, 5.8514 ns/op
WorkloadPilot   13: 65536 op, 780869.00 ns, 11.9151 ns/op
WorkloadPilot   14: 131072 op, 773105.00 ns, 5.8983 ns/op
WorkloadPilot   15: 262144 op, 1784495.00 ns, 6.8073 ns/op
WorkloadPilot   16: 524288 op, 3051152.00 ns, 5.8196 ns/op
WorkloadPilot   17: 1048576 op, 6166524.00 ns, 5.8809 ns/op
WorkloadPilot   18: 2097152 op, 12174731.00 ns, 5.8054 ns/op
WorkloadPilot   19: 4194304 op, 24476061.00 ns, 5.8355 ns/op
WorkloadPilot   20: 8388608 op, 49208970.00 ns, 5.8662 ns/op
WorkloadPilot   21: 16777216 op, 98254876.00 ns, 5.8564 ns/op
WorkloadPilot   22: 33554432 op, 194570989.00 ns, 5.7987 ns/op
WorkloadPilot   23: 67108864 op, 386589411.00 ns, 5.7606 ns/op
WorkloadPilot   24: 134217728 op, 771976839.00 ns, 5.7517 ns/op

OverheadWarmup   1: 134217728 op, 126806356.00 ns, 0.9448 ns/op
OverheadWarmup   2: 134217728 op, 126680149.00 ns, 0.9438 ns/op
OverheadWarmup   3: 134217728 op, 126819610.00 ns, 0.9449 ns/op
OverheadWarmup   4: 134217728 op, 126452534.00 ns, 0.9421 ns/op
OverheadWarmup   5: 134217728 op, 126770338.00 ns, 0.9445 ns/op
OverheadWarmup   6: 134217728 op, 126752063.00 ns, 0.9444 ns/op

OverheadActual   1: 134217728 op, 126802367.00 ns, 0.9448 ns/op
OverheadActual   2: 134217728 op, 126700488.00 ns, 0.9440 ns/op
OverheadActual   3: 134217728 op, 127000169.00 ns, 0.9462 ns/op
OverheadActual   4: 134217728 op, 126705619.00 ns, 0.9440 ns/op
OverheadActual   5: 134217728 op, 126282207.00 ns, 0.9409 ns/op
OverheadActual   6: 134217728 op, 127843595.00 ns, 0.9525 ns/op
OverheadActual   7: 134217728 op, 126137547.00 ns, 0.9398 ns/op
OverheadActual   8: 134217728 op, 126639064.00 ns, 0.9435 ns/op
OverheadActual   9: 134217728 op, 125900704.00 ns, 0.9380 ns/op
OverheadActual  10: 134217728 op, 126886918.00 ns, 0.9454 ns/op
OverheadActual  11: 134217728 op, 126320500.00 ns, 0.9412 ns/op
OverheadActual  12: 134217728 op, 126006083.00 ns, 0.9388 ns/op
OverheadActual  13: 134217728 op, 126377496.00 ns, 0.9416 ns/op
OverheadActual  14: 134217728 op, 126148559.00 ns, 0.9399 ns/op
OverheadActual  15: 134217728 op, 126287478.00 ns, 0.9409 ns/op

WorkloadWarmup   1: 134217728 op, 772844450.00 ns, 5.7581 ns/op
WorkloadWarmup   2: 134217728 op, 775148803.00 ns, 5.7753 ns/op
WorkloadWarmup   3: 134217728 op, 774165170.00 ns, 5.7680 ns/op
WorkloadWarmup   4: 134217728 op, 773489085.00 ns, 5.7629 ns/op
WorkloadWarmup   5: 134217728 op, 773924275.00 ns, 5.7662 ns/op
WorkloadWarmup   6: 134217728 op, 772460084.00 ns, 5.7553 ns/op

// BeforeActualRun
WorkloadActual   1: 134217728 op, 770111240.00 ns, 5.7378 ns/op
WorkloadActual   2: 134217728 op, 770883520.00 ns, 5.7435 ns/op
WorkloadActual   3: 134217728 op, 771445708.00 ns, 5.7477 ns/op
WorkloadActual   4: 134217728 op, 772778224.00 ns, 5.7576 ns/op
WorkloadActual   5: 134217728 op, 774038445.00 ns, 5.7670 ns/op
WorkloadActual   6: 134217728 op, 769248959.00 ns, 5.7314 ns/op
WorkloadActual   7: 134217728 op, 771909299.00 ns, 5.7512 ns/op
WorkloadActual   8: 134217728 op, 770808848.00 ns, 5.7430 ns/op
WorkloadActual   9: 134217728 op, 772516635.00 ns, 5.7557 ns/op
WorkloadActual  10: 134217728 op, 769798021.00 ns, 5.7354 ns/op
WorkloadActual  11: 134217728 op, 769464414.00 ns, 5.7330 ns/op
WorkloadActual  12: 134217728 op, 769798565.00 ns, 5.7354 ns/op
WorkloadActual  13: 134217728 op, 769866958.00 ns, 5.7360 ns/op
WorkloadActual  14: 134217728 op, 772193612.00 ns, 5.7533 ns/op
WorkloadActual  15: 134217728 op, 774789080.00 ns, 5.7726 ns/op

// AfterActualRun
WorkloadResult   1: 134217728 op, 643733744.00 ns, 4.7962 ns/op
WorkloadResult   2: 134217728 op, 644506024.00 ns, 4.8019 ns/op
WorkloadResult   3: 134217728 op, 645068212.00 ns, 4.8061 ns/op
WorkloadResult   4: 134217728 op, 646400728.00 ns, 4.8161 ns/op
WorkloadResult   5: 134217728 op, 647660949.00 ns, 4.8255 ns/op
WorkloadResult   6: 134217728 op, 642871463.00 ns, 4.7898 ns/op
WorkloadResult   7: 134217728 op, 645531803.00 ns, 4.8096 ns/op
WorkloadResult   8: 134217728 op, 644431352.00 ns, 4.8014 ns/op
WorkloadResult   9: 134217728 op, 646139139.00 ns, 4.8141 ns/op
WorkloadResult  10: 134217728 op, 643420525.00 ns, 4.7939 ns/op
WorkloadResult  11: 134217728 op, 643086918.00 ns, 4.7914 ns/op
WorkloadResult  12: 134217728 op, 643421069.00 ns, 4.7939 ns/op
WorkloadResult  13: 134217728 op, 643489462.00 ns, 4.7944 ns/op
WorkloadResult  14: 134217728 op, 645816116.00 ns, 4.8117 ns/op
WorkloadResult  15: 134217728 op, 648411584.00 ns, 4.8310 ns/op
// GC:  0 0 0 672 134217728
// Threading:  0 0 134217728

// AfterAll
// Benchmark Process 278897 has exited with code 0.

Mean = 4.805 ns, StdErr = 0.003 ns (0.07%), N = 15, StdDev = 0.013 ns
Min = 4.790 ns, Q1 = 4.794 ns, Median = 4.802 ns, Q3 = 4.813 ns, Max = 4.831 ns
IQR = 0.019 ns, LowerFence = 4.766 ns, UpperFence = 4.841 ns
ConfidenceInterval = [4.792 ns; 4.819 ns] (CI 99.9%), Margin = 0.014 ns (0.28% of Mean)
Skewness = 0.56, Kurtosis = 2.04, MValue = 2

// ** Remained 1 (50.0 %) benchmark(s) to run. Estimated finish 2026-03-16 19:28 (0h 0m from now) **
// **************************
// Benchmark: Str15Bench.ToLower: DefaultJob
// *** Execute ***
// Launch: 1 / 1
// Execute: /home/master/coding/my.gitlab/csharp/Microservices.Showcase/bench/Microservices.Showcase.Benchs/bin/Release/net10.0/Microservices.Showcase.Benchs-DefaultJob-1/bin/Release/net10.0/linux-x64/publish/Microservices.Showcase.Benchs-DefaultJob-1 --anonymousPipes 106 107 --benchmarkName Microservices.Showcase.Benchmarks.Str15Bench.ToLower --job Default --benchmarkId 1 in 
// Failed to set up high priority (Permission denied). In order to run benchmarks with high priority, make sure you have the right permissions.
// BeforeAnythingElse

// Benchmark Process Environment Information:
// BenchmarkDotNet v0.15.8
// Runtime=.NET 10.0.4, X64 NativeAOT x86-64-v3
// GC=Concurrent Workstation
// HardwareIntrinsics=AVX2+BMI1+BMI2+F16C+FMA+LZCNT+MOVBE,AVX,SSE3+SSSE3+SSE4.1+SSE4.2+POPCNT,X86Base+SSE+SSE2,AES+PCLMUL VectorSize=256
// Job: DefaultJob

OverheadJitting  1: 1 op, 290.00 ns, 290.0000 ns/op
WorkloadJitting  1: 1 op, 8235.00 ns, 8.2350 us/op

OverheadJitting  2: 16 op, 211.00 ns, 13.1875 ns/op
WorkloadJitting  2: 16 op, 420.00 ns, 26.2500 ns/op

WorkloadPilot    1: 16 op, 291.00 ns, 18.1875 ns/op
WorkloadPilot    2: 32 op, 301.00 ns, 9.4063 ns/op
WorkloadPilot    3: 64 op, 341.00 ns, 5.3281 ns/op
WorkloadPilot    4: 128 op, 471.00 ns, 3.6797 ns/op
WorkloadPilot    5: 256 op, 692.00 ns, 2.7031 ns/op
WorkloadPilot    6: 512 op, 1162.00 ns, 2.2695 ns/op
WorkloadPilot    7: 1024 op, 1974.00 ns, 1.9277 ns/op
WorkloadPilot    8: 2048 op, 3737.00 ns, 1.8247 ns/op
WorkloadPilot    9: 4096 op, 7364.00 ns, 1.7979 ns/op
WorkloadPilot   10: 8192 op, 14297.00 ns, 1.7452 ns/op
WorkloadPilot   11: 16384 op, 28613.00 ns, 1.7464 ns/op
WorkloadPilot   12: 32768 op, 56957.00 ns, 1.7382 ns/op
WorkloadPilot   13: 65536 op, 112491.00 ns, 1.7165 ns/op
WorkloadPilot   14: 131072 op, 233977.00 ns, 1.7851 ns/op
WorkloadPilot   15: 262144 op, 452576.00 ns, 1.7264 ns/op
WorkloadPilot   16: 524288 op, 935157.00 ns, 1.7837 ns/op
WorkloadPilot   17: 1048576 op, 1864975.00 ns, 1.7786 ns/op
WorkloadPilot   18: 2097152 op, 3848293.00 ns, 1.8350 ns/op
WorkloadPilot   19: 4194304 op, 7879046.00 ns, 1.8785 ns/op
WorkloadPilot   20: 8388608 op, 15291210.00 ns, 1.8229 ns/op
WorkloadPilot   21: 16777216 op, 30584081.00 ns, 1.8230 ns/op
WorkloadPilot   22: 33554432 op, 61353530.00 ns, 1.8285 ns/op
WorkloadPilot   23: 67108864 op, 122068406.00 ns, 1.8190 ns/op
WorkloadPilot   24: 134217728 op, 241638234.00 ns, 1.8003 ns/op
WorkloadPilot   25: 268435456 op, 482077736.00 ns, 1.7959 ns/op
WorkloadPilot   26: 536870912 op, 978936056.00 ns, 1.8234 ns/op

OverheadWarmup   1: 536870912 op, 503904038.00 ns, 0.9386 ns/op
OverheadWarmup   2: 536870912 op, 504436415.00 ns, 0.9396 ns/op
OverheadWarmup   3: 536870912 op, 506843537.00 ns, 0.9441 ns/op
OverheadWarmup   4: 536870912 op, 505155955.00 ns, 0.9409 ns/op
OverheadWarmup   5: 536870912 op, 504198338.00 ns, 0.9391 ns/op
OverheadWarmup   6: 536870912 op, 503378468.00 ns, 0.9376 ns/op
OverheadWarmup   7: 536870912 op, 503395012.00 ns, 0.9376 ns/op
OverheadWarmup   8: 536870912 op, 504697158.00 ns, 0.9401 ns/op
OverheadWarmup   9: 536870912 op, 504132095.00 ns, 0.9390 ns/op

OverheadActual   1: 536870912 op, 504453688.00 ns, 0.9396 ns/op
OverheadActual   2: 536870912 op, 504542667.00 ns, 0.9398 ns/op
OverheadActual   3: 536870912 op, 504039930.00 ns, 0.9388 ns/op
OverheadActual   4: 536870912 op, 504326699.00 ns, 0.9394 ns/op
OverheadActual   5: 536870912 op, 503953924.00 ns, 0.9387 ns/op
OverheadActual   6: 536870912 op, 504894536.00 ns, 0.9404 ns/op
OverheadActual   7: 536870912 op, 503697380.00 ns, 0.9382 ns/op
OverheadActual   8: 536870912 op, 503340467.00 ns, 0.9375 ns/op
OverheadActual   9: 536870912 op, 502915514.00 ns, 0.9368 ns/op
OverheadActual  10: 536870912 op, 503398620.00 ns, 0.9377 ns/op
OverheadActual  11: 536870912 op, 503586794.00 ns, 0.9380 ns/op
OverheadActual  12: 536870912 op, 503715918.00 ns, 0.9382 ns/op
OverheadActual  13: 536870912 op, 505142667.00 ns, 0.9409 ns/op
OverheadActual  14: 536870912 op, 504799028.00 ns, 0.9403 ns/op
OverheadActual  15: 536870912 op, 504497355.00 ns, 0.9397 ns/op

WorkloadWarmup   1: 536870912 op, 970276810.00 ns, 1.8073 ns/op
WorkloadWarmup   2: 536870912 op, 971213892.00 ns, 1.8090 ns/op
WorkloadWarmup   3: 536870912 op, 968046401.00 ns, 1.8031 ns/op
WorkloadWarmup   4: 536870912 op, 968300926.00 ns, 1.8036 ns/op
WorkloadWarmup   5: 536870912 op, 968809395.00 ns, 1.8045 ns/op
WorkloadWarmup   6: 536870912 op, 979556253.00 ns, 1.8246 ns/op
WorkloadWarmup   7: 536870912 op, 966313999.00 ns, 1.7999 ns/op

// BeforeActualRun
WorkloadActual   1: 536870912 op, 970665613.00 ns, 1.8080 ns/op
WorkloadActual   2: 536870912 op, 967660405.00 ns, 1.8024 ns/op
WorkloadActual   3: 536870912 op, 967151112.00 ns, 1.8015 ns/op
WorkloadActual   4: 536870912 op, 965735675.00 ns, 1.7988 ns/op
WorkloadActual   5: 536870912 op, 966886306.00 ns, 1.8010 ns/op
WorkloadActual   6: 536870912 op, 963477703.00 ns, 1.7946 ns/op
WorkloadActual   7: 536870912 op, 966985029.00 ns, 1.8011 ns/op
WorkloadActual   8: 536870912 op, 965915198.00 ns, 1.7992 ns/op
WorkloadActual   9: 536870912 op, 970245141.00 ns, 1.8072 ns/op
WorkloadActual  10: 536870912 op, 966030351.00 ns, 1.7994 ns/op
WorkloadActual  11: 536870912 op, 967141477.00 ns, 1.8014 ns/op
WorkloadActual  12: 536870912 op, 963667933.00 ns, 1.7950 ns/op
WorkloadActual  13: 536870912 op, 976360849.00 ns, 1.8186 ns/op
WorkloadActual  14: 536870912 op, 969335355.00 ns, 1.8055 ns/op
WorkloadActual  15: 536870912 op, 967039473.00 ns, 1.8013 ns/op

// AfterActualRun
WorkloadResult   1: 536870912 op, 466625683.00 ns, 0.8692 ns/op
WorkloadResult   2: 536870912 op, 463620475.00 ns, 0.8636 ns/op
WorkloadResult   3: 536870912 op, 463111182.00 ns, 0.8626 ns/op
WorkloadResult   4: 536870912 op, 461695745.00 ns, 0.8600 ns/op
WorkloadResult   5: 536870912 op, 462846376.00 ns, 0.8621 ns/op
WorkloadResult   6: 536870912 op, 459437773.00 ns, 0.8558 ns/op
WorkloadResult   7: 536870912 op, 462945099.00 ns, 0.8623 ns/op
WorkloadResult   8: 536870912 op, 461875268.00 ns, 0.8603 ns/op
WorkloadResult   9: 536870912 op, 466205211.00 ns, 0.8684 ns/op
WorkloadResult  10: 536870912 op, 461990421.00 ns, 0.8605 ns/op
WorkloadResult  11: 536870912 op, 463101547.00 ns, 0.8626 ns/op
WorkloadResult  12: 536870912 op, 459628003.00 ns, 0.8561 ns/op
WorkloadResult  13: 536870912 op, 465295425.00 ns, 0.8667 ns/op
WorkloadResult  14: 536870912 op, 462999543.00 ns, 0.8624 ns/op
// GC:  0 0 0 672 536870912
// Threading:  0 0 536870912

// AfterAll
// Benchmark Process 278920 has exited with code 0.

Mean = 0.862 ns, StdErr = 0.001 ns (0.12%), N = 14, StdDev = 0.004 ns
Min = 0.856 ns, Q1 = 0.860 ns, Median = 0.862 ns, Q3 = 0.863 ns, Max = 0.869 ns
IQR = 0.003 ns, LowerFence = 0.856 ns, UpperFence = 0.868 ns
ConfidenceInterval = [0.858 ns; 0.867 ns] (CI 99.9%), Margin = 0.004 ns (0.51% of Mean)
Skewness = 0.1, Kurtosis = 2.23, MValue = 2

// ** Remained 0 (0.0 %) benchmark(s) to run. Estimated finish 2026-03-16 19:28 (0h 0m from now) **
// ***** BenchmarkRunner: Finish  *****

// * Export *
  BenchmarkDotNet.Artifacts/results/Microservices.Showcase.Benchmarks.Str15Bench-report.csv
  BenchmarkDotNet.Artifacts/results/Microservices.Showcase.Benchmarks.Str15Bench-report-github.md
  BenchmarkDotNet.Artifacts/results/Microservices.Showcase.Benchmarks.Str15Bench-report.html

// * Detailed results *
Str15Bench.ReadUnsafe: DefaultJob
Runtime = .NET 10.0.4, X64 NativeAOT x86-64-v3; GC = Concurrent Workstation
Mean = 4.805 ns, StdErr = 0.003 ns (0.07%), N = 15, StdDev = 0.013 ns
Min = 4.790 ns, Q1 = 4.794 ns, Median = 4.802 ns, Q3 = 4.813 ns, Max = 4.831 ns
IQR = 0.019 ns, LowerFence = 4.766 ns, UpperFence = 4.841 ns
ConfidenceInterval = [4.792 ns; 4.819 ns] (CI 99.9%), Margin = 0.014 ns (0.28% of Mean)
Skewness = 0.56, Kurtosis = 2.04, MValue = 2
-------------------- Histogram --------------------
[4.783 ns ; 4.838 ns) | @@@@@@@@@@@@@@@
---------------------------------------------------

Str15Bench.ToLower: DefaultJob
Runtime = .NET 10.0.4, X64 NativeAOT x86-64-v3; GC = Concurrent Workstation
Mean = 0.862 ns, StdErr = 0.001 ns (0.12%), N = 14, StdDev = 0.004 ns
Min = 0.856 ns, Q1 = 0.860 ns, Median = 0.862 ns, Q3 = 0.863 ns, Max = 0.869 ns
IQR = 0.003 ns, LowerFence = 0.856 ns, UpperFence = 0.868 ns
ConfidenceInterval = [0.858 ns; 0.867 ns] (CI 99.9%), Margin = 0.004 ns (0.51% of Mean)
Skewness = 0.1, Kurtosis = 2.23, MValue = 2
-------------------- Histogram --------------------
[0.854 ns ; 0.870 ns) | @@@@@@@@@@@@@@
---------------------------------------------------

// * Summary *

BenchmarkDotNet v0.15.8, Linux Ubuntu 24.04.4 LTS (Noble Numbat)
AMD Ryzen 7 6800H with Radeon Graphics 1.10GHz, 1 CPU, 16 logical and 8 physical cores
  [Host]     : .NET 10.0.4, X64 NativeAOT x86-64-v3
  DefaultJob : .NET 10.0.4, X64 NativeAOT x86-64-v3


| Method     | Categories | Mean      | Error     | StdDev    | Ratio | Allocated | Alloc Ratio |
|----------- |----------- |----------:|----------:|----------:|------:|----------:|------------:|
| ReadUnsafe | Read       | 4.8051 ns | 0.0135 ns | 0.0127 ns |  1.00 |         - |          NA |
|            |            |           |           |           |       |           |             |
| ToLower    | ToLower    | 0.8623 ns | 0.0044 ns | 0.0039 ns |  1.00 |         - |          NA |

// * Hints *
Outliers
  Str15Bench.ToLower: Default -> 1 outlier  was  removed (1.82 ns)

// * Legends *
  Categories  : All categories of the corresponded method, class, and assembly
  Mean        : Arithmetic mean of all measurements
  Error       : Half of 99.9% confidence interval
  StdDev      : Standard deviation of all measurements
  Ratio       : Mean of the ratio distribution ([Current]/[Baseline])
  Allocated   : Allocated memory per single operation (managed only, inclusive, 1KB = 1024B)
  Alloc Ratio : Allocated memory ratio distribution ([Current]/[Baseline])
  1 ns        : 1 Nanosecond (0.000000001 sec)

// * Diagnostic Output - MemoryDiagnoser *


// ***** BenchmarkRunner: End *****
Run time: 00:00:57 (57.81 sec), executed benchmarks: 2

Global total time: 00:02:07 (127.28 sec), executed benchmarks: 2
// * Artifacts cleanup *
Artifacts cleanup is finished
